Apache Maven 3.9.9 (8e8579a9e76f7d015ee5ec7bfcdc97d260186937)
Maven home: /opt/homebrew/Cellar/maven/3.9.9/libexec
Java version: 23.0.2, vendor: Homebrew, runtime: /opt/homebrew/Cellar/openjdk/23.0.2/libexec/openjdk.jdk/Contents/Home
Default locale: es_419, platform encoding: UTF-8
OS name: "mac os x", version: "15.6.1", arch: "aarch64", family: "mac"
[DEBUG] Created new class realm maven.api
[DEBUG] Importing foreign packages into class realm maven.api
[DEBUG]   Imported: javax.annotation.* < plexus.core
[DEBUG]   Imported: javax.annotation.security.* < plexus.core
[DEBUG]   Imported: javax.inject.* < plexus.core
[DEBUG]   Imported: org.apache.maven.* < plexus.core
[DEBUG]   Imported: org.apache.maven.artifact < plexus.core
[DEBUG]   Imported: org.apache.maven.classrealm < plexus.core
[DEBUG]   Imported: org.apache.maven.cli < plexus.core
[DEBUG]   Imported: org.apache.maven.configuration < plexus.core
[DEBUG]   Imported: org.apache.maven.exception < plexus.core
[DEBUG]   Imported: org.apache.maven.execution < plexus.core
[DEBUG]   Imported: org.apache.maven.execution.scope < plexus.core
[DEBUG]   Imported: org.apache.maven.graph < plexus.core
[DEBUG]   Imported: org.apache.maven.lifecycle < plexus.core
[DEBUG]   Imported: org.apache.maven.model < plexus.core
[DEBUG]   Imported: org.apache.maven.monitor < plexus.core
[DEBUG]   Imported: org.apache.maven.plugin < plexus.core
[DEBUG]   Imported: org.apache.maven.profiles < plexus.core
[DEBUG]   Imported: org.apache.maven.project < plexus.core
[DEBUG]   Imported: org.apache.maven.reporting < plexus.core
[DEBUG]   Imported: org.apache.maven.repository < plexus.core
[DEBUG]   Imported: org.apache.maven.rtinfo < plexus.core
[DEBUG]   Imported: org.apache.maven.settings < plexus.core
[DEBUG]   Imported: org.apache.maven.toolchain < plexus.core
[DEBUG]   Imported: org.apache.maven.usability < plexus.core
[DEBUG]   Imported: org.apache.maven.wagon.* < plexus.core
[DEBUG]   Imported: org.apache.maven.wagon.authentication < plexus.core
[DEBUG]   Imported: org.apache.maven.wagon.authorization < plexus.core
[DEBUG]   Imported: org.apache.maven.wagon.events < plexus.core
[DEBUG]   Imported: org.apache.maven.wagon.observers < plexus.core
[DEBUG]   Imported: org.apache.maven.wagon.proxy < plexus.core
[DEBUG]   Imported: org.apache.maven.wagon.repository < plexus.core
[DEBUG]   Imported: org.apache.maven.wagon.resource < plexus.core
[DEBUG]   Imported: org.codehaus.classworlds < plexus.core
[DEBUG]   Imported: org.codehaus.plexus.* < plexus.core
[DEBUG]   Imported: org.codehaus.plexus.classworlds < plexus.core
[DEBUG]   Imported: org.codehaus.plexus.component < plexus.core
[DEBUG]   Imported: org.codehaus.plexus.configuration < plexus.core
[DEBUG]   Imported: org.codehaus.plexus.container < plexus.core
[DEBUG]   Imported: org.codehaus.plexus.context < plexus.core
[DEBUG]   Imported: org.codehaus.plexus.lifecycle < plexus.core
[DEBUG]   Imported: org.codehaus.plexus.logging < plexus.core
[DEBUG]   Imported: org.codehaus.plexus.personality < plexus.core
[DEBUG]   Imported: org.codehaus.plexus.util.xml.Xpp3Dom < plexus.core
[DEBUG]   Imported: org.codehaus.plexus.util.xml.pull.XmlPullParser < plexus.core
[DEBUG]   Imported: org.codehaus.plexus.util.xml.pull.XmlPullParserException < plexus.core
[DEBUG]   Imported: org.codehaus.plexus.util.xml.pull.XmlSerializer < plexus.core
[DEBUG]   Imported: org.eclipse.aether.* < plexus.core
[DEBUG]   Imported: org.eclipse.aether.artifact < plexus.core
[DEBUG]   Imported: org.eclipse.aether.collection < plexus.core
[DEBUG]   Imported: org.eclipse.aether.deployment < plexus.core
[DEBUG]   Imported: org.eclipse.aether.graph < plexus.core
[DEBUG]   Imported: org.eclipse.aether.impl < plexus.core
[DEBUG]   Imported: org.eclipse.aether.installation < plexus.core
[DEBUG]   Imported: org.eclipse.aether.internal.impl < plexus.core
[DEBUG]   Imported: org.eclipse.aether.metadata < plexus.core
[DEBUG]   Imported: org.eclipse.aether.repository < plexus.core
[DEBUG]   Imported: org.eclipse.aether.resolution < plexus.core
[DEBUG]   Imported: org.eclipse.aether.spi < plexus.core
[DEBUG]   Imported: org.eclipse.aether.transfer < plexus.core
[DEBUG]   Imported: org.eclipse.aether.util < plexus.core
[DEBUG]   Imported: org.eclipse.aether.version < plexus.core
[DEBUG]   Imported: org.fusesource.jansi.* < plexus.core
[DEBUG]   Imported: org.slf4j.* < plexus.core
[DEBUG]   Imported: org.slf4j.event.* < plexus.core
[DEBUG]   Imported: org.slf4j.helpers.* < plexus.core
[DEBUG]   Imported: org.slf4j.spi.* < plexus.core
[DEBUG] Populating class realm maven.api
[DEBUG] Created adapter factory; available factories [file-lock, rwlock-local, semaphore-local, noop]; available name mappers [discriminating, file-gav, file-hgav, file-static, gav, static]
[INFO] Error stacktraces are turned on.
[DEBUG] Message scheme: color
[DEBUG] Message styles: debug info warning error success failure strong mojo project
[DEBUG] Reading global settings from /opt/homebrew/Cellar/maven/3.9.9/libexec/conf/settings.xml
[DEBUG] Reading user settings from /Users/guillermohuaman/.m2/settings.xml
[DEBUG] Reading global toolchains from /opt/homebrew/Cellar/maven/3.9.9/libexec/conf/toolchains.xml
[DEBUG] Reading user toolchains from /Users/guillermohuaman/.m2/toolchains.xml
[DEBUG] Using local repository at /Users/guillermohuaman/.m2/repository
[DEBUG] Using manager EnhancedLocalRepositoryManager with priority 10.0 for /Users/guillermohuaman/.m2/repository
[INFO] Scanning for projects...
[DEBUG] Creating adapter using nameMapper 'gav' and factory 'rwlock-local'
[DEBUG] Extension realms for project com.vetcare:vetcare:jar:0.0.1-SNAPSHOT: (none)
[DEBUG] Looking up lifecycle mappings for packaging jar from ClassRealm[plexus.core, parent: null]
[DEBUG] Extension realms for project org.springframework.boot:spring-boot-starter-parent:pom:3.3.4: (none)
[DEBUG] Looking up lifecycle mappings for packaging pom from ClassRealm[plexus.core, parent: null]
[DEBUG] Extension realms for project org.springframework.boot:spring-boot-dependencies:pom:3.3.4: (none)
[DEBUG] Looking up lifecycle mappings for packaging pom from ClassRealm[plexus.core, parent: null]
[DEBUG] === REACTOR BUILD PLAN ================================================
[DEBUG] Project: com.vetcare:vetcare:jar:0.0.1-SNAPSHOT
[DEBUG] Tasks:   [clean, install]
[DEBUG] Style:   Regular
[DEBUG] =======================================================================
[INFO] 
[INFO] ------------------------< com.vetcare:vetcare >-------------------------
[INFO] Building VetCare 0.0.1-SNAPSHOT
[INFO]   from pom.xml
[INFO] --------------------------------[ jar ]---------------------------------
[DEBUG] Lifecycle clean -> [pre-clean, clean, post-clean]
[DEBUG] Lifecycle default -> [validate, initialize, generate-sources, process-sources, generate-resources, process-resources, compile, process-classes, generate-test-sources, process-test-sources, generate-test-resources, process-test-resources, test-compile, process-test-classes, test, prepare-package, package, pre-integration-test, integration-test, post-integration-test, verify, install, deploy]
[DEBUG] Lifecycle site -> [pre-site, site, post-site, site-deploy]
[DEBUG] Lifecycle clean -> [pre-clean, clean, post-clean]
[DEBUG] Lifecycle default -> [validate, initialize, generate-sources, process-sources, generate-resources, process-resources, compile, process-classes, generate-test-sources, process-test-sources, generate-test-resources, process-test-resources, test-compile, process-test-classes, test, prepare-package, package, pre-integration-test, integration-test, post-integration-test, verify, install, deploy]
[DEBUG] Lifecycle site -> [pre-site, site, post-site, site-deploy]
[DEBUG] Lifecycle clean -> [pre-clean, clean, post-clean]
[DEBUG] Lifecycle default -> [validate, initialize, generate-sources, process-sources, generate-resources, process-resources, compile, process-classes, generate-test-sources, process-test-sources, generate-test-resources, process-test-resources, test-compile, process-test-classes, test, prepare-package, package, pre-integration-test, integration-test, post-integration-test, verify, install, deploy]
[DEBUG] Lifecycle site -> [pre-site, site, post-site, site-deploy]
[DEBUG] Lifecycle clean -> [pre-clean, clean, post-clean]
[DEBUG] Lifecycle default -> [validate, initialize, generate-sources, process-sources, generate-resources, process-resources, compile, process-classes, generate-test-sources, process-test-sources, generate-test-resources, process-test-resources, test-compile, process-test-classes, test, prepare-package, package, pre-integration-test, integration-test, post-integration-test, verify, install, deploy]
[DEBUG] Lifecycle site -> [pre-site, site, post-site, site-deploy]
[DEBUG] Lifecycle clean -> [pre-clean, clean, post-clean]
[DEBUG] Lifecycle default -> [validate, initialize, generate-sources, process-sources, generate-resources, process-resources, compile, process-classes, generate-test-sources, process-test-sources, generate-test-resources, process-test-resources, test-compile, process-test-classes, test, prepare-package, package, pre-integration-test, integration-test, post-integration-test, verify, install, deploy]
[DEBUG] Lifecycle site -> [pre-site, site, post-site, site-deploy]
[DEBUG] Lifecycle clean -> [pre-clean, clean, post-clean]
[DEBUG] Lifecycle default -> [validate, initialize, generate-sources, process-sources, generate-resources, process-resources, compile, process-classes, generate-test-sources, process-test-sources, generate-test-resources, process-test-resources, test-compile, process-test-classes, test, prepare-package, package, pre-integration-test, integration-test, post-integration-test, verify, install, deploy]
[DEBUG] Lifecycle site -> [pre-site, site, post-site, site-deploy]
[DEBUG] Lifecycle clean -> [pre-clean, clean, post-clean]
[DEBUG] Lifecycle default -> [validate, initialize, generate-sources, process-sources, generate-resources, process-resources, compile, process-classes, generate-test-sources, process-test-sources, generate-test-resources, process-test-resources, test-compile, process-test-classes, test, prepare-package, package, pre-integration-test, integration-test, post-integration-test, verify, install, deploy]
[DEBUG] Lifecycle site -> [pre-site, site, post-site, site-deploy]
[DEBUG] Lifecycle clean -> [pre-clean, clean, post-clean]
[DEBUG] Lifecycle default -> [validate, initialize, generate-sources, process-sources, generate-resources, process-resources, compile, process-classes, generate-test-sources, process-test-sources, generate-test-resources, process-test-resources, test-compile, process-test-classes, test, prepare-package, package, pre-integration-test, integration-test, post-integration-test, verify, install, deploy]
[DEBUG] Lifecycle site -> [pre-site, site, post-site, site-deploy]
[DEBUG] Lifecycle clean -> [pre-clean, clean, post-clean]
[DEBUG] Lifecycle default -> [validate, initialize, generate-sources, process-sources, generate-resources, process-resources, compile, process-classes, generate-test-sources, process-test-sources, generate-test-resources, process-test-resources, test-compile, process-test-classes, test, prepare-package, package, pre-integration-test, integration-test, post-integration-test, verify, install, deploy]
[DEBUG] Lifecycle site -> [pre-site, site, post-site, site-deploy]
[DEBUG] Lifecycle clean -> [pre-clean, clean, post-clean]
[DEBUG] Lifecycle default -> [validate, initialize, generate-sources, process-sources, generate-resources, process-resources, compile, process-classes, generate-test-sources, process-test-sources, generate-test-resources, process-test-resources, test-compile, process-test-classes, test, prepare-package, package, pre-integration-test, integration-test, post-integration-test, verify, install, deploy]
[DEBUG] Lifecycle site -> [pre-site, site, post-site, site-deploy]
[DEBUG] === PROJECT BUILD PLAN ================================================
[DEBUG] Project:       com.vetcare:vetcare:0.0.1-SNAPSHOT
[DEBUG] Dependencies (collect): [compile+runtime]
[DEBUG] Dependencies (resolve): [compile, compile+runtime, runtime, test]
[DEBUG] Repositories (dependencies): [central (https://repo.maven.apache.org/maven2, default, releases)]
[DEBUG] Repositories (plugins)     : [central (https://repo.maven.apache.org/maven2, default, releases)]
[DEBUG] -----------------------------------------------------------------------
[DEBUG] Goal:          org.apache.maven.plugins:maven-clean-plugin:3.3.2:clean (default-clean)
[DEBUG] Style:         Regular
[DEBUG] Configuration: <?xml version="1.0" encoding="UTF-8"?>
<configuration>
  <directory default-value="${project.build.directory}"/>
  <excludeDefaultDirectories default-value="false">${maven.clean.excludeDefaultDirectories}</excludeDefaultDirectories>
  <failOnError default-value="true">${maven.clean.failOnError}</failOnError>
  <fast default-value="false">${maven.clean.fast}</fast>
  <fastDir>${maven.clean.fastDir}</fastDir>
  <fastMode default-value="background">${maven.clean.fastMode}</fastMode>
  <followSymLinks default-value="false">${maven.clean.followSymLinks}</followSymLinks>
  <outputDirectory default-value="${project.build.outputDirectory}"/>
  <reportDirectory default-value="${project.build.outputDirectory}"/>
  <retryOnError default-value="true">${maven.clean.retryOnError}</retryOnError>
  <session default-value="${session}"/>
  <skip default-value="false">${maven.clean.skip}</skip>
  <testOutputDirectory default-value="${project.build.testOutputDirectory}"/>
  <verbose>${maven.clean.verbose}</verbose>
</configuration>
[DEBUG] -----------------------------------------------------------------------
[DEBUG] Goal:          org.apache.maven.plugins:maven-resources-plugin:3.3.1:resources (default-resources)
[DEBUG] Style:         Regular
[DEBUG] Configuration: <?xml version="1.0" encoding="UTF-8"?>
<configuration>
  <addDefaultExcludes default-value="true"/>
  <buildFilters default-value="${project.build.filters}"/>
  <delimiters>
    <delimiter>@</delimiter>
  </delimiters>
  <encoding default-value="${project.build.sourceEncoding}"/>
  <escapeWindowsPaths default-value="true"/>
  <fileNameFiltering default-value="false"/>
  <includeEmptyDirs default-value="false"/>
  <outputDirectory default-value="${project.build.outputDirectory}"/>
  <overwrite default-value="false"/>
  <project default-value="${project}"/>
  <propertiesEncoding>UTF-8</propertiesEncoding>
  <resources default-value="${project.resources}"/>
  <session default-value="${session}"/>
  <skip default-value="false">${maven.resources.skip}</skip>
  <supportMultiLineFiltering default-value="false"/>
  <useBuildFilters default-value="true"/>
  <useDefaultDelimiters default-value="true">false</useDefaultDelimiters>
</configuration>
[DEBUG] -----------------------------------------------------------------------
[DEBUG] Goal:          org.apache.maven.plugins:maven-compiler-plugin:3.13.0:compile (default-compile)
[DEBUG] Style:         Regular
[DEBUG] Configuration: <?xml version="1.0" encoding="UTF-8"?>
<configuration>
  <annotationProcessorPaths>
    <path>
      <groupId>org.projectlombok</groupId>
      <artifactId>lombok</artifactId>
      <version>1.18.30</version>
    </path>
    <path>
      <groupId>org.mapstruct</groupId>
      <artifactId>mapstruct-processor</artifactId>
      <version>1.5.5.Final</version>
    </path>
  </annotationProcessorPaths>
  <annotationProcessorPathsUseDepMgmt default-value="false"/>
  <basedir default-value="${basedir}"/>
  <buildDirectory default-value="${project.build.directory}"/>
  <compilePath default-value="${project.compileClasspathElements}"/>
  <compileSourceRoots default-value="${project.compileSourceRoots}"/>
  <compilerId default-value="javac">${maven.compiler.compilerId}</compilerId>
  <compilerReuseStrategy default-value="${reuseCreated}">${maven.compiler.compilerReuseStrategy}</compilerReuseStrategy>
  <compilerVersion>${maven.compiler.compilerVersion}</compilerVersion>
  <createMissingPackageInfoClass default-value="true">${maven.compiler.createMissingPackageInfoClass}</createMissingPackageInfoClass>
  <debug default-value="true">${maven.compiler.debug}</debug>
  <debugFileName default-value="javac"/>
  <debuglevel>${maven.compiler.debuglevel}</debuglevel>
  <enablePreview default-value="false">${maven.compiler.enablePreview}</enablePreview>
  <encoding default-value="${project.build.sourceEncoding}">${encoding}</encoding>
  <executable>${maven.compiler.executable}</executable>
  <failOnError default-value="true">${maven.compiler.failOnError}</failOnError>
  <failOnWarning default-value="false">${maven.compiler.failOnWarning}</failOnWarning>
  <fileExtensions default-value="class,jar"/>
  <forceJavacCompilerUse default-value="false">${maven.compiler.forceJavacCompilerUse}</forceJavacCompilerUse>
  <forceLegacyJavacApi default-value="false">${maven.compiler.forceLegacyJavacApi}</forceLegacyJavacApi>
  <fork default-value="false">${maven.compiler.fork}</fork>
  <generatedSourcesDirectory default-value="${project.build.directory}/generated-sources/annotations"/>
  <implicit>${maven.compiler.implicit}</implicit>
  <maxmem>${maven.compiler.maxmem}</maxmem>
  <meminitial>${maven.compiler.meminitial}</meminitial>
  <mojoExecution default-value="${mojoExecution}"/>
  <optimize default-value="false">${maven.compiler.optimize}</optimize>
  <outputDirectory default-value="${project.build.outputDirectory}">${maven.compiler.outputDirectory}</outputDirectory>
  <outputTimestamp default-value="${project.build.outputTimestamp}"/>
  <parameters default-value="false">true</parameters>
  <proc>${maven.compiler.proc}</proc>
  <project default-value="${project}"/>
  <projectArtifact default-value="${project.artifact}"/>
  <release>21</release>
  <session default-value="${session}"/>
  <showCompilationChanges default-value="false">${maven.compiler.showCompilationChanges}</showCompilationChanges>
  <showDeprecation default-value="false">${maven.compiler.showDeprecation}</showDeprecation>
  <showWarnings default-value="true">${maven.compiler.showWarnings}</showWarnings>
  <skipMain>${maven.main.skip}</skipMain>
  <skipMultiThreadWarning default-value="false">${maven.compiler.skipMultiThreadWarning}</skipMultiThreadWarning>
  <source default-value="1.8">${maven.compiler.source}</source>
  <staleMillis default-value="0">${lastModGranularityMs}</staleMillis>
  <target default-value="1.8">${maven.compiler.target}</target>
  <useIncrementalCompilation default-value="true">${maven.compiler.useIncrementalCompilation}</useIncrementalCompilation>
  <verbose default-value="false">${maven.compiler.verbose}</verbose>
</configuration>
[DEBUG] -----------------------------------------------------------------------
[DEBUG] Goal:          org.apache.maven.plugins:maven-resources-plugin:3.3.1:testResources (default-testResources)
[DEBUG] Style:         Regular
[DEBUG] Configuration: <?xml version="1.0" encoding="UTF-8"?>
<configuration>
  <addDefaultExcludes default-value="true"/>
  <buildFilters default-value="${project.build.filters}"/>
  <delimiters>
    <delimiter>@</delimiter>
  </delimiters>
  <encoding default-value="${project.build.sourceEncoding}"/>
  <escapeWindowsPaths default-value="true"/>
  <fileNameFiltering default-value="false"/>
  <includeEmptyDirs default-value="false"/>
  <outputDirectory default-value="${project.build.testOutputDirectory}"/>
  <overwrite default-value="false"/>
  <project default-value="${project}"/>
  <propertiesEncoding>UTF-8</propertiesEncoding>
  <resources default-value="${project.testResources}"/>
  <session default-value="${session}"/>
  <skip default-value="false">${maven.test.skip}</skip>
  <supportMultiLineFiltering default-value="false"/>
  <useBuildFilters default-value="true"/>
  <useDefaultDelimiters default-value="true">false</useDefaultDelimiters>
</configuration>
[DEBUG] -----------------------------------------------------------------------
[DEBUG] Goal:          org.apache.maven.plugins:maven-compiler-plugin:3.13.0:testCompile (default-testCompile)
[DEBUG] Style:         Regular
[DEBUG] Configuration: <?xml version="1.0" encoding="UTF-8"?>
<configuration>
  <annotationProcessorPaths>
    <path>
      <groupId>org.projectlombok</groupId>
      <artifactId>lombok</artifactId>
      <version>1.18.30</version>
    </path>
    <path>
      <groupId>org.mapstruct</groupId>
      <artifactId>mapstruct-processor</artifactId>
      <version>1.5.5.Final</version>
    </path>
  </annotationProcessorPaths>
  <annotationProcessorPathsUseDepMgmt default-value="false"/>
  <basedir default-value="${basedir}"/>
  <buildDirectory default-value="${project.build.directory}"/>
  <compileSourceRoots default-value="${project.testCompileSourceRoots}"/>
  <compilerId default-value="javac">${maven.compiler.compilerId}</compilerId>
  <compilerReuseStrategy default-value="${reuseCreated}">${maven.compiler.compilerReuseStrategy}</compilerReuseStrategy>
  <compilerVersion>${maven.compiler.compilerVersion}</compilerVersion>
  <createMissingPackageInfoClass default-value="true">${maven.compiler.createMissingPackageInfoClass}</createMissingPackageInfoClass>
  <debug default-value="true">${maven.compiler.debug}</debug>
  <debugFileName default-value="javac-test"/>
  <debuglevel>${maven.compiler.debuglevel}</debuglevel>
  <enablePreview default-value="false">${maven.compiler.enablePreview}</enablePreview>
  <encoding default-value="${project.build.sourceEncoding}">${encoding}</encoding>
  <executable>${maven.compiler.executable}</executable>
  <failOnError default-value="true">${maven.compiler.failOnError}</failOnError>
  <failOnWarning default-value="false">${maven.compiler.failOnWarning}</failOnWarning>
  <fileExtensions default-value="class,jar"/>
  <forceJavacCompilerUse default-value="false">${maven.compiler.forceJavacCompilerUse}</forceJavacCompilerUse>
  <forceLegacyJavacApi default-value="false">${maven.compiler.forceLegacyJavacApi}</forceLegacyJavacApi>
  <fork default-value="false">${maven.compiler.fork}</fork>
  <generatedTestSourcesDirectory default-value="${project.build.directory}/generated-test-sources/test-annotations"/>
  <implicit>${maven.compiler.implicit}</implicit>
  <maxmem>${maven.compiler.maxmem}</maxmem>
  <meminitial>${maven.compiler.meminitial}</meminitial>
  <mojoExecution default-value="${mojoExecution}"/>
  <optimize default-value="false">${maven.compiler.optimize}</optimize>
  <outputDirectory default-value="${project.build.testOutputDirectory}"/>
  <outputTimestamp default-value="${project.build.outputTimestamp}"/>
  <parameters default-value="false">true</parameters>
  <proc>${maven.compiler.proc}</proc>
  <project default-value="${project}"/>
  <release>21</release>
  <session default-value="${session}"/>
  <showCompilationChanges default-value="false">${maven.compiler.showCompilationChanges}</showCompilationChanges>
  <showDeprecation default-value="false">${maven.compiler.showDeprecation}</showDeprecation>
  <showWarnings default-value="true">${maven.compiler.showWarnings}</showWarnings>
  <skip>${maven.test.skip}</skip>
  <skipMultiThreadWarning default-value="false">${maven.compiler.skipMultiThreadWarning}</skipMultiThreadWarning>
  <source default-value="1.8">${maven.compiler.source}</source>
  <staleMillis default-value="0">${lastModGranularityMs}</staleMillis>
  <target default-value="1.8">${maven.compiler.target}</target>
  <testPath default-value="${project.testClasspathElements}"/>
  <testRelease>${maven.compiler.testRelease}</testRelease>
  <testSource>${maven.compiler.testSource}</testSource>
  <testTarget>${maven.compiler.testTarget}</testTarget>
  <useIncrementalCompilation default-value="true">${maven.compiler.useIncrementalCompilation}</useIncrementalCompilation>
  <useModulePath default-value="true"/>
  <verbose default-value="false">${maven.compiler.verbose}</verbose>
</configuration>
[DEBUG] -----------------------------------------------------------------------
[DEBUG] Goal:          org.apache.maven.plugins:maven-surefire-plugin:3.2.5:test (default-test)
[DEBUG] Style:         Regular
[DEBUG] Configuration: <?xml version="1.0" encoding="UTF-8"?>
<configuration>
  <additionalClasspathDependencies>${maven.test.additionalClasspathDependencies}</additionalClasspathDependencies>
  <additionalClasspathElements>${maven.test.additionalClasspath}</additionalClasspathElements>
  <argLine>${argLine}</argLine>
  <basedir default-value="${basedir}"/>
  <childDelegation default-value="false">${childDelegation}</childDelegation>
  <classesDirectory default-value="${project.build.outputDirectory}"/>
  <classpathDependencyExcludes>${maven.test.dependency.excludes}</classpathDependencyExcludes>
  <debugForkedProcess>${maven.surefire.debug}</debugForkedProcess>
  <dependenciesToScan>${dependenciesToScan}</dependenciesToScan>
  <disableXmlReport default-value="false">${disableXmlReport}</disableXmlReport>
  <enableAssertions default-value="true">${enableAssertions}</enableAssertions>
  <enableProcessChecker>${surefire.enableProcessChecker}</enableProcessChecker>
  <encoding default-value="${project.reporting.outputEncoding}">${surefire.encoding}</encoding>
  <excludeJUnit5Engines>${surefire.excludeJUnit5Engines}</excludeJUnit5Engines>
  <excludedEnvironmentVariables>${surefire.excludedEnvironmentVariables}</excludedEnvironmentVariables>
  <excludedGroups>${excludedGroups}</excludedGroups>
  <excludes>${surefire.excludes}</excludes>
  <excludesFile>${surefire.excludesFile}</excludesFile>
  <failIfNoSpecifiedTests default-value="true">${surefire.failIfNoSpecifiedTests}</failIfNoSpecifiedTests>
  <failIfNoTests default-value="false">${failIfNoTests}</failIfNoTests>
  <failOnFlakeCount default-value="0">${surefire.failOnFlakeCount}</failOnFlakeCount>
  <forkCount default-value="1">${forkCount}</forkCount>
  <forkNode>${surefire.forkNode}</forkNode>
  <forkedProcessExitTimeoutInSeconds default-value="30">${surefire.exitTimeout}</forkedProcessExitTimeoutInSeconds>
  <forkedProcessTimeoutInSeconds>${surefire.timeout}</forkedProcessTimeoutInSeconds>
  <groups>${groups}</groups>
  <includeJUnit5Engines>${surefire.includeJUnit5Engines}</includeJUnit5Engines>
  <includes>${surefire.includes}</includes>
  <includesFile>${surefire.includesFile}</includesFile>
  <junitArtifactName default-value="junit:junit">${junitArtifactName}</junitArtifactName>
  <jvm>${jvm}</jvm>
  <objectFactory>${objectFactory}</objectFactory>
  <parallel>${parallel}</parallel>
  <parallelMavenExecution default-value="${session.parallel}"/>
  <parallelOptimized default-value="true">${parallelOptimized}</parallelOptimized>
  <parallelTestsTimeoutForcedInSeconds>${surefire.parallel.forcedTimeout}</parallelTestsTimeoutForcedInSeconds>
  <parallelTestsTimeoutInSeconds>${surefire.parallel.timeout}</parallelTestsTimeoutInSeconds>
  <perCoreThreadCount default-value="true">${perCoreThreadCount}</perCoreThreadCount>
  <pluginArtifactMap>${plugin.artifactMap}</pluginArtifactMap>
  <pluginDescriptor default-value="${plugin}"/>
  <printSummary default-value="true">${surefire.printSummary}</printSummary>
  <project default-value="${project}"/>
  <projectArtifactMap>${project.artifactMap}</projectArtifactMap>
  <projectBuildDirectory default-value="${project.build.directory}"/>
  <redirectTestOutputToFile default-value="false">${maven.test.redirectTestOutputToFile}</redirectTestOutputToFile>
  <reportFormat default-value="brief">${surefire.reportFormat}</reportFormat>
  <reportNameSuffix default-value="">${surefire.reportNameSuffix}</reportNameSuffix>
  <reportsDirectory default-value="${project.build.directory}/surefire-reports"/>
  <rerunFailingTestsCount default-value="0">${surefire.rerunFailingTestsCount}</rerunFailingTestsCount>
  <reuseForks default-value="true">${reuseForks}</reuseForks>
  <runOrder default-value="filesystem">${surefire.runOrder}</runOrder>
  <runOrderRandomSeed>${surefire.runOrder.random.seed}</runOrderRandomSeed>
  <session default-value="${session}"/>
  <shutdown default-value="exit">${surefire.shutdown}</shutdown>
  <skip default-value="false">${maven.test.skip}</skip>
  <skipAfterFailureCount default-value="0">${surefire.skipAfterFailureCount}</skipAfterFailureCount>
  <skipExec>${maven.test.skip.exec}</skipExec>
  <skipTests default-value="false">${skipTests}</skipTests>
  <suiteXmlFiles>${surefire.suiteXmlFiles}</suiteXmlFiles>
  <systemPropertiesFile>${surefire.systemPropertiesFile}</systemPropertiesFile>
  <tempDir default-value="surefire">${tempDir}</tempDir>
  <test>${test}</test>
  <testClassesDirectory default-value="${project.build.testOutputDirectory}"/>
  <testFailureIgnore default-value="false">${maven.test.failure.ignore}</testFailureIgnore>
  <testNGArtifactName default-value="org.testng:testng">${testNGArtifactName}</testNGArtifactName>
  <testSourceDirectory default-value="${project.build.testSourceDirectory}"/>
  <threadCount>${threadCount}</threadCount>
  <threadCountClasses default-value="0">${threadCountClasses}</threadCountClasses>
  <threadCountMethods default-value="0">${threadCountMethods}</threadCountMethods>
  <threadCountSuites default-value="0">${threadCountSuites}</threadCountSuites>
  <trimStackTrace default-value="false">${trimStackTrace}</trimStackTrace>
  <useFile default-value="true">${surefire.useFile}</useFile>
  <useManifestOnlyJar default-value="true">${surefire.useManifestOnlyJar}</useManifestOnlyJar>
  <useModulePath default-value="true">${surefire.useModulePath}</useModulePath>
  <useSystemClassLoader default-value="true">${surefire.useSystemClassLoader}</useSystemClassLoader>
  <useUnlimitedThreads default-value="false">${useUnlimitedThreads}</useUnlimitedThreads>
  <workingDirectory>${basedir}</workingDirectory>
</configuration>
[DEBUG] -----------------------------------------------------------------------
[DEBUG] Goal:          org.apache.maven.plugins:maven-jar-plugin:3.4.2:jar (default-jar)
[DEBUG] Style:         Regular
[DEBUG] Configuration: <?xml version="1.0" encoding="UTF-8"?>
<configuration>
  <addDefaultExcludes default-value="true"/>
  <archive>
    <manifest>
      <mainClass>${start-class}</mainClass>
      <addDefaultImplementationEntries>true</addDefaultImplementationEntries>
    </manifest>
  </archive>
  <classesDirectory default-value="${project.build.outputDirectory}"/>
  <detectMultiReleaseJar default-value="true">${maven.jar.detectMultiReleaseJar}</detectMultiReleaseJar>
  <finalName default-value="${project.build.finalName}"/>
  <forceCreation default-value="false">${maven.jar.forceCreation}</forceCreation>
  <outputDirectory default-value="${project.build.directory}"/>
  <outputTimestamp default-value="${project.build.outputTimestamp}"/>
  <project default-value="${project}"/>
  <session default-value="${session}"/>
  <skipIfEmpty default-value="false"/>
  <useDefaultManifestFile default-value="false">${jar.useDefaultManifestFile}</useDefaultManifestFile>
</configuration>
[DEBUG] -----------------------------------------------------------------------
[DEBUG] Goal:          org.springframework.boot:spring-boot-maven-plugin:3.3.4:repackage (repackage)
[DEBUG] Style:         Regular
[DEBUG] Configuration: <?xml version="1.0" encoding="UTF-8"?>
<configuration>
  <attach default-value="true"/>
  <excludeDevtools default-value="true">${spring-boot.repackage.excludeDevtools}</excludeDevtools>
  <excludeDockerCompose default-value="true">${spring-boot.repackage.excludeDockerCompose}</excludeDockerCompose>
  <excludeGroupIds default-value="">${spring-boot.excludeGroupIds}</excludeGroupIds>
  <excludes>
    <exclude>
      <groupId>org.projectlombok</groupId>
      <artifactId>lombok</artifactId>
    </exclude>${spring-boot.excludes}</excludes>
  <executable default-value="false"/>
  <finalName default-value="${project.build.finalName}"/>
  <includeSystemScope default-value="false"/>
  <includeTools default-value="true"/>
  <includes>${spring-boot.includes}</includes>
  <layout>${spring-boot.repackage.layout}</layout>
  <mainClass>${start-class}</mainClass>
  <outputDirectory default-value="${project.build.directory}"/>
  <outputTimestamp default-value="${project.build.outputTimestamp}"/>
  <project default-value="${project}"/>
  <session default-value="${session}"/>
  <skip default-value="false">${spring-boot.repackage.skip}</skip>
</configuration>
[DEBUG] -----------------------------------------------------------------------
[DEBUG] Goal:          org.apache.maven.plugins:maven-install-plugin:3.1.3:install (default-install)
[DEBUG] Style:         Regular
[DEBUG] Configuration: <?xml version="1.0" encoding="UTF-8"?>
<configuration>
  <allowIncompleteProjects default-value="false">${allowIncompleteProjects}</allowIncompleteProjects>
  <installAtEnd default-value="false">${installAtEnd}</installAtEnd>
  <pluginDescriptor default-value="${plugin}"/>
  <project default-value="${project}"/>
  <session default-value="${session}"/>
  <skip default-value="false">${maven.install.skip}</skip>
</configuration>
[DEBUG] =======================================================================
[DEBUG] Using mirror maven-default-http-blocker (http://0.0.0.0/) for vaadin-snapshots (http://oss.sonatype.org/content/repositories/vaadin-snapshots/).
[DEBUG] Using mirror maven-default-http-blocker (http://0.0.0.0/) for vaadin-releases (http://oss.sonatype.org/content/repositories/vaadin-releases/).
[DEBUG] Dependency collection stats {ConflictMarker.analyzeTime=437292, ConflictMarker.markTime=188083, ConflictMarker.nodeCount=240, ConflictIdSorter.graphTime=237083, ConflictIdSorter.topsortTime=134250, ConflictIdSorter.conflictIdCount=105, ConflictIdSorter.conflictIdCycleCount=0, ConflictResolver.totalTime=5241000, ConflictResolver.conflictItemCount=205, DfDependencyCollector.collectTime=122901708, DfDependencyCollector.transformTime=6777750}
[DEBUG] com.vetcare:vetcare:jar:0.0.1-SNAPSHOT
[DEBUG]    org.springframework.boot:spring-boot-starter-web:jar:3.3.4:compile
[DEBUG]       org.springframework.boot:spring-boot-starter:jar:3.3.4:compile (version managed from 3.3.4)
[DEBUG]          org.springframework.boot:spring-boot-starter-logging:jar:3.3.4:compile (version managed from 3.3.4)
[DEBUG]             ch.qos.logback:logback-classic:jar:1.5.8:compile (version managed from 1.5.8)
[DEBUG]                ch.qos.logback:logback-core:jar:1.5.8:compile (version managed from 1.5.8)
[DEBUG]             org.apache.logging.log4j:log4j-to-slf4j:jar:2.23.1:compile (version managed from 2.23.1)
[DEBUG]                org.apache.logging.log4j:log4j-api:jar:2.23.1:compile (version managed from 2.23.1)
[DEBUG]             org.slf4j:jul-to-slf4j:jar:2.0.16:compile (version managed from 2.0.16)
[DEBUG]          jakarta.annotation:jakarta.annotation-api:jar:2.1.1:compile (version managed from 2.1.1)
[DEBUG]          org.yaml:snakeyaml:jar:2.2:compile (version managed from 2.2)
[DEBUG]       org.springframework.boot:spring-boot-starter-json:jar:3.3.4:compile (version managed from 3.3.4)
[DEBUG]          com.fasterxml.jackson.core:jackson-databind:jar:2.17.2:compile (version managed from 2.17.2)
[DEBUG]             com.fasterxml.jackson.core:jackson-annotations:jar:2.17.2:compile (version managed from 2.17.2)
[DEBUG]             com.fasterxml.jackson.core:jackson-core:jar:2.17.2:compile (version managed from 2.17.2)
[DEBUG]          com.fasterxml.jackson.datatype:jackson-datatype-jdk8:jar:2.17.2:compile (version managed from 2.17.2)
[DEBUG]          com.fasterxml.jackson.datatype:jackson-datatype-jsr310:jar:2.17.2:compile (version managed from 2.17.2)
[DEBUG]          com.fasterxml.jackson.module:jackson-module-parameter-names:jar:2.17.2:compile (version managed from 2.17.2)
[DEBUG]       org.springframework.boot:spring-boot-starter-tomcat:jar:3.3.4:compile (version managed from 3.3.4)
[DEBUG]          org.apache.tomcat.embed:tomcat-embed-core:jar:10.1.30:compile (version managed from 10.1.30)
[DEBUG]          org.apache.tomcat.embed:tomcat-embed-websocket:jar:10.1.30:compile (version managed from 10.1.30)
[DEBUG]       org.springframework:spring-web:jar:6.1.13:compile (version managed from 6.1.13)
[DEBUG]          org.springframework:spring-beans:jar:6.1.13:compile (version managed from 6.1.13)
[DEBUG]          io.micrometer:micrometer-observation:jar:1.13.4:compile (version managed from 1.12.10)
[DEBUG]             io.micrometer:micrometer-commons:jar:1.13.4:compile (version managed from 1.13.4)
[DEBUG]       org.springframework:spring-webmvc:jar:6.1.13:compile (version managed from 6.1.13)
[DEBUG]          org.springframework:spring-aop:jar:6.1.13:compile (version managed from 6.1.13)
[DEBUG]          org.springframework:spring-context:jar:6.1.13:compile (version managed from 6.1.13)
[DEBUG]          org.springframework:spring-expression:jar:6.1.13:compile (version managed from 6.1.13)
[DEBUG]    org.springframework.boot:spring-boot-starter-data-jpa:jar:3.3.4:compile
[DEBUG]       org.springframework.boot:spring-boot-starter-aop:jar:3.3.4:compile (version managed from 3.3.4)
[DEBUG]          org.aspectj:aspectjweaver:jar:1.9.22.1:compile (version managed from 1.9.22.1)
[DEBUG]       org.springframework.boot:spring-boot-starter-jdbc:jar:3.3.4:compile (version managed from 3.3.4)
[DEBUG]          com.zaxxer:HikariCP:jar:5.1.0:compile (version managed from 5.1.0)
[DEBUG]          org.springframework:spring-jdbc:jar:6.1.13:compile (version managed from 6.1.13)
[DEBUG]       org.hibernate.orm:hibernate-core:jar:6.5.3.Final:compile (version managed from 6.5.3.Final)
[DEBUG]          jakarta.persistence:jakarta.persistence-api:jar:3.1.0:compile (version managed from 3.1.0)
[DEBUG]          jakarta.transaction:jakarta.transaction-api:jar:2.0.1:compile (version managed from 2.0.1)
[DEBUG]          org.jboss.logging:jboss-logging:jar:3.5.3.Final:compile (version managed from 3.5.0.Final)
[DEBUG]          org.hibernate.common:hibernate-commons-annotations:jar:6.0.6.Final:runtime
[DEBUG]          io.smallrye:jandex:jar:3.1.2:runtime
[DEBUG]          com.fasterxml:classmate:jar:1.7.0:compile (version managed from 1.5.1)
[DEBUG]          net.bytebuddy:byte-buddy:jar:1.14.19:runtime (version managed from 1.14.15)
[DEBUG]          org.glassfish.jaxb:jaxb-runtime:jar:4.0.5:runtime (version managed from 4.0.2)
[DEBUG]             org.glassfish.jaxb:jaxb-core:jar:4.0.5:runtime (version managed from 4.0.5)
[DEBUG]                org.eclipse.angus:angus-activation:jar:2.0.2:runtime (version managed from 2.0.2)
[DEBUG]                org.glassfish.jaxb:txw2:jar:4.0.5:runtime (version managed from 4.0.5)
[DEBUG]                com.sun.istack:istack-commons-runtime:jar:4.1.2:runtime (version managed from 4.1.2)
[DEBUG]          jakarta.inject:jakarta.inject-api:jar:2.0.1:runtime (version managed from 2.0.1)
[DEBUG]          org.antlr:antlr4-runtime:jar:4.13.0:compile
[DEBUG]       org.springframework.data:spring-data-jpa:jar:3.3.4:compile (version managed from 3.3.4)
[DEBUG]          org.springframework.data:spring-data-commons:jar:3.3.4:compile (version managed from 3.3.4)
[DEBUG]          org.springframework:spring-orm:jar:6.1.13:compile (version managed from 6.1.13)
[DEBUG]          org.springframework:spring-tx:jar:6.1.13:compile (version managed from 6.1.13)
[DEBUG]          org.slf4j:slf4j-api:jar:2.0.16:compile (version managed from 2.0.2)
[DEBUG]       org.springframework:spring-aspects:jar:6.1.13:compile (version managed from 6.1.13)
[DEBUG]    com.mysql:mysql-connector-j:jar:8.3.0:compile (exclusions managed from [com.google.protobuf:protobuf-java:*:*])
[DEBUG]    org.projectlombok:lombok:jar:1.18.30:provided
[DEBUG]    org.springframework.boot:spring-boot-starter-validation:jar:3.3.4:compile
[DEBUG]       org.apache.tomcat.embed:tomcat-embed-el:jar:10.1.30:compile (version managed from 10.1.30)
[DEBUG]       org.hibernate.validator:hibernate-validator:jar:8.0.1.Final:compile (version managed from 8.0.1.Final)
[DEBUG]          jakarta.validation:jakarta.validation-api:jar:3.0.2:compile (version managed from 3.0.2)
[DEBUG]    org.springframework.boot:spring-boot-devtools:jar:3.3.4:runtime (optional)
[DEBUG]       org.springframework.boot:spring-boot:jar:3.3.4:compile (version managed from 3.3.4)
[DEBUG]       org.springframework.boot:spring-boot-autoconfigure:jar:3.3.4:compile (version managed from 3.3.4)
[DEBUG]    org.springdoc:springdoc-openapi-starter-webmvc-ui:jar:2.1.0:compile
[DEBUG]       org.springdoc:springdoc-openapi-starter-webmvc-api:jar:2.1.0:compile
[DEBUG]          org.springdoc:springdoc-openapi-starter-common:jar:2.1.0:compile
[DEBUG]             io.swagger.core.v3:swagger-core-jakarta:jar:2.2.9:compile
[DEBUG]                org.apache.commons:commons-lang3:jar:3.14.0:compile (version managed from 3.12.0)
[DEBUG]                io.swagger.core.v3:swagger-annotations-jakarta:jar:2.2.9:compile
[DEBUG]                io.swagger.core.v3:swagger-models-jakarta:jar:2.2.9:compile
[DEBUG]                com.fasterxml.jackson.dataformat:jackson-dataformat-yaml:jar:2.17.2:compile (version managed from 2.14.2)
[DEBUG]       org.webjars:swagger-ui:jar:4.18.2:compile
[DEBUG]    org.mapstruct:mapstruct:jar:1.5.5.Final:compile
[DEBUG]    org.mapstruct:mapstruct-processor:jar:1.5.5.Final:provided
[DEBUG]    org.springframework.boot:spring-boot-starter-test:jar:3.3.4:test
[DEBUG]       org.springframework.boot:spring-boot-test:jar:3.3.4:test (version managed from 3.3.4)
[DEBUG]       org.springframework.boot:spring-boot-test-autoconfigure:jar:3.3.4:test (version managed from 3.3.4)
[DEBUG]       com.jayway.jsonpath:json-path:jar:2.9.0:test (version managed from 2.9.0)
[DEBUG]       jakarta.xml.bind:jakarta.xml.bind-api:jar:4.0.2:compile (version managed from 4.0.2)
[DEBUG]          jakarta.activation:jakarta.activation-api:jar:2.1.3:compile (version managed from 2.1.3)
[DEBUG]       net.minidev:json-smart:jar:2.5.1:test (version managed from 2.5.1)
[DEBUG]          net.minidev:accessors-smart:jar:2.5.1:test
[DEBUG]             org.ow2.asm:asm:jar:9.6:test
[DEBUG]       org.assertj:assertj-core:jar:3.25.3:test (version managed from 3.25.3)
[DEBUG]       org.awaitility:awaitility:jar:4.2.2:test (version managed from 4.2.2)
[DEBUG]       org.hamcrest:hamcrest:jar:2.2:test (version managed from 2.2)
[DEBUG]       org.junit.jupiter:junit-jupiter:jar:5.10.3:test (version managed from 5.10.3)
[DEBUG]          org.junit.jupiter:junit-jupiter-api:jar:5.10.3:test (version managed from 5.10.3)
[DEBUG]             org.opentest4j:opentest4j:jar:1.3.0:test
[DEBUG]             org.junit.platform:junit-platform-commons:jar:1.10.3:test (version managed from 1.10.3)
[DEBUG]             org.apiguardian:apiguardian-api:jar:1.1.2:test
[DEBUG]          org.junit.jupiter:junit-jupiter-params:jar:5.10.3:test (version managed from 5.10.3)
[DEBUG]          org.junit.jupiter:junit-jupiter-engine:jar:5.10.3:test (version managed from 5.10.3)
[DEBUG]             org.junit.platform:junit-platform-engine:jar:1.10.3:test (version managed from 1.10.3)
[DEBUG]       org.mockito:mockito-core:jar:5.11.0:test (version managed from 5.11.0)
[DEBUG]          net.bytebuddy:byte-buddy-agent:jar:1.14.19:test (version managed from 1.14.12)
[DEBUG]          org.objenesis:objenesis:jar:3.3:test
[DEBUG]       org.mockito:mockito-junit-jupiter:jar:5.11.0:test (version managed from 5.11.0)
[DEBUG]       org.skyscreamer:jsonassert:jar:1.5.3:test (version managed from 1.5.3)
[DEBUG]          com.vaadin.external.google:android-json:jar:0.0.20131108.vaadin1:test
[DEBUG]       org.springframework:spring-core:jar:6.1.13:compile (version managed from 6.1.13)
[DEBUG]          org.springframework:spring-jcl:jar:6.1.13:compile (version managed from 6.1.13)
[DEBUG]       org.springframework:spring-test:jar:6.1.13:test (version managed from 6.1.13)
[DEBUG]       org.xmlunit:xmlunit-core:jar:2.9.1:test (version managed from 2.9.1)
[INFO] 
[INFO] --- clean:3.3.2:clean (default-clean) @ vetcare ---
[DEBUG] Dependency collection stats {ConflictMarker.analyzeTime=47084, ConflictMarker.markTime=32416, ConflictMarker.nodeCount=2, ConflictIdSorter.graphTime=3500, ConflictIdSorter.topsortTime=6500, ConflictIdSorter.conflictIdCount=2, ConflictIdSorter.conflictIdCycleCount=0, ConflictResolver.totalTime=44000, ConflictResolver.conflictItemCount=2, DfDependencyCollector.collectTime=5760750, DfDependencyCollector.transformTime=140750}
[DEBUG] org.apache.maven.plugins:maven-clean-plugin:jar:3.3.2
[DEBUG]    org.codehaus.plexus:plexus-utils:jar:4.0.0:compile
[DEBUG] Created new class realm plugin>org.apache.maven.plugins:maven-clean-plugin:3.3.2
[DEBUG] Importing foreign packages into class realm plugin>org.apache.maven.plugins:maven-clean-plugin:3.3.2
[DEBUG]   Imported:  < maven.api
[DEBUG] Populating class realm plugin>org.apache.maven.plugins:maven-clean-plugin:3.3.2
[DEBUG]   Included: org.apache.maven.plugins:maven-clean-plugin:jar:3.3.2
[DEBUG]   Included: org.codehaus.plexus:plexus-utils:jar:4.0.0
[DEBUG] Loading mojo org.apache.maven.plugins:maven-clean-plugin:3.3.2:clean from plugin realm ClassRealm[plugin>org.apache.maven.plugins:maven-clean-plugin:3.3.2, parent: jdk.internal.loader.ClassLoaders$AppClassLoader@18ff02e4]
[DEBUG] Configuring mojo execution 'org.apache.maven.plugins:maven-clean-plugin:3.3.2:clean:default-clean' with basic configurator -->
[DEBUG]   (f) directory = /Users/guillermohuaman/Documents/Personal_projects/VetCare/vetcare/target
[DEBUG]   (f) excludeDefaultDirectories = false
[DEBUG]   (f) failOnError = true
[DEBUG]   (f) fast = false
[DEBUG]   (f) fastMode = background
[DEBUG]   (f) followSymLinks = false
[DEBUG]   (f) outputDirectory = /Users/guillermohuaman/Documents/Personal_projects/VetCare/vetcare/target/classes
[DEBUG]   (f) reportDirectory = /Users/guillermohuaman/Documents/Personal_projects/VetCare/vetcare/target/classes
[DEBUG]   (f) retryOnError = true
[DEBUG]   (f) session = org.apache.maven.execution.MavenSession@56a4f272
[DEBUG]   (f) skip = false
[DEBUG]   (f) testOutputDirectory = /Users/guillermohuaman/Documents/Personal_projects/VetCare/vetcare/target/test-classes
[DEBUG] -- end configuration --
[INFO] Deleting /Users/guillermohuaman/Documents/Personal_projects/VetCare/vetcare/target
[INFO] Deleting directory /Users/guillermohuaman/Documents/Personal_projects/VetCare/vetcare/target/generated-test-sources/test-annotations
[INFO] Deleting directory /Users/guillermohuaman/Documents/Personal_projects/VetCare/vetcare/target/generated-test-sources
[INFO] Deleting file /Users/guillermohuaman/Documents/Personal_projects/VetCare/vetcare/target/maven-status/maven-compiler-plugin/compile/default-compile/createdFiles.lst
[INFO] Deleting file /Users/guillermohuaman/Documents/Personal_projects/VetCare/vetcare/target/maven-status/maven-compiler-plugin/compile/default-compile/inputFiles.lst
[INFO] Deleting directory /Users/guillermohuaman/Documents/Personal_projects/VetCare/vetcare/target/maven-status/maven-compiler-plugin/compile/default-compile
[INFO] Deleting directory /Users/guillermohuaman/Documents/Personal_projects/VetCare/vetcare/target/maven-status/maven-compiler-plugin/compile
[INFO] Deleting directory /Users/guillermohuaman/Documents/Personal_projects/VetCare/vetcare/target/maven-status/maven-compiler-plugin
[INFO] Deleting directory /Users/guillermohuaman/Documents/Personal_projects/VetCare/vetcare/target/maven-status
[INFO] Deleting file /Users/guillermohuaman/Documents/Personal_projects/VetCare/vetcare/target/classes/application.properties
[INFO] Deleting file /Users/guillermohuaman/Documents/Personal_projects/VetCare/vetcare/target/classes/com/vetcare/services/OwnerService.class
[INFO] Deleting file /Users/guillermohuaman/Documents/Personal_projects/VetCare/vetcare/target/classes/com/vetcare/services/VeterinarianService.class
[INFO] Deleting file /Users/guillermohuaman/Documents/Personal_projects/VetCare/vetcare/target/classes/com/vetcare/services/SpecialtyService.class
[INFO] Deleting file /Users/guillermohuaman/Documents/Personal_projects/VetCare/vetcare/target/classes/com/vetcare/services/VisitService.class
[INFO] Deleting file /Users/guillermohuaman/Documents/Personal_projects/VetCare/vetcare/target/classes/com/vetcare/services/PetTypeService.class
[INFO] Deleting file /Users/guillermohuaman/Documents/Personal_projects/VetCare/vetcare/target/classes/com/vetcare/services/PetService.class
[INFO] Deleting file /Users/guillermohuaman/Documents/Personal_projects/VetCare/vetcare/target/classes/com/vetcare/services/ClinicService.class
[INFO] Deleting directory /Users/guillermohuaman/Documents/Personal_projects/VetCare/vetcare/target/classes/com/vetcare/services
[INFO] Deleting file /Users/guillermohuaman/Documents/Personal_projects/VetCare/vetcare/target/classes/com/vetcare/controllers/VisitController.class
[INFO] Deleting file /Users/guillermohuaman/Documents/Personal_projects/VetCare/vetcare/target/classes/com/vetcare/controllers/VeterinarianController.class
[INFO] Deleting file /Users/guillermohuaman/Documents/Personal_projects/VetCare/vetcare/target/classes/com/vetcare/controllers/OwnerController.class
[INFO] Deleting file /Users/guillermohuaman/Documents/Personal_projects/VetCare/vetcare/target/classes/com/vetcare/controllers/SpecialtyController.class
[INFO] Deleting file /Users/guillermohuaman/Documents/Personal_projects/VetCare/vetcare/target/classes/com/vetcare/controllers/ClinicController.class
[INFO] Deleting file /Users/guillermohuaman/Documents/Personal_projects/VetCare/vetcare/target/classes/com/vetcare/controllers/PetController.class
[INFO] Deleting file /Users/guillermohuaman/Documents/Personal_projects/VetCare/vetcare/target/classes/com/vetcare/controllers/PetTypeController.class
[INFO] Deleting directory /Users/guillermohuaman/Documents/Personal_projects/VetCare/vetcare/target/classes/com/vetcare/controllers
[INFO] Deleting directory /Users/guillermohuaman/Documents/Personal_projects/VetCare/vetcare/target/classes/com/vetcare/mappers
[INFO] Deleting file /Users/guillermohuaman/Documents/Personal_projects/VetCare/vetcare/target/classes/com/vetcare/exceptions/GlobalExceptionHandler.class
[INFO] Deleting file /Users/guillermohuaman/Documents/Personal_projects/VetCare/vetcare/target/classes/com/vetcare/exceptions/ErrorResponse.class
[INFO] Deleting file /Users/guillermohuaman/Documents/Personal_projects/VetCare/vetcare/target/classes/com/vetcare/exceptions/ErrorResponse$ErrorResponseBuilder.class
[INFO] Deleting file /Users/guillermohuaman/Documents/Personal_projects/VetCare/vetcare/target/classes/com/vetcare/exceptions/ResourceNotFoundException.class
[INFO] Deleting file /Users/guillermohuaman/Documents/Personal_projects/VetCare/vetcare/target/classes/com/vetcare/exceptions/DuplicateResourceException.class
[INFO] Deleting directory /Users/guillermohuaman/Documents/Personal_projects/VetCare/vetcare/target/classes/com/vetcare/exceptions
[INFO] Deleting file /Users/guillermohuaman/Documents/Personal_projects/VetCare/vetcare/target/classes/com/vetcare/models/PetType.class
[INFO] Deleting file /Users/guillermohuaman/Documents/Personal_projects/VetCare/vetcare/target/classes/com/vetcare/models/Specialty$SpecialtyBuilder.class
[INFO] Deleting file /Users/guillermohuaman/Documents/Personal_projects/VetCare/vetcare/target/classes/com/vetcare/models/Owner$OwnerBuilder.class
[INFO] Deleting file /Users/guillermohuaman/Documents/Personal_projects/VetCare/vetcare/target/classes/com/vetcare/models/Veterinarian$VeterinarianBuilder.class
[INFO] Deleting file /Users/guillermohuaman/Documents/Personal_projects/VetCare/vetcare/target/classes/com/vetcare/models/Owner.class
[INFO] Deleting file /Users/guillermohuaman/Documents/Personal_projects/VetCare/vetcare/target/classes/com/vetcare/models/Clinic.class
[INFO] Deleting file /Users/guillermohuaman/Documents/Personal_projects/VetCare/vetcare/target/classes/com/vetcare/models/PetType$PetTypeBuilder.class
[INFO] Deleting file /Users/guillermohuaman/Documents/Personal_projects/VetCare/vetcare/target/classes/com/vetcare/models/Pet.class
[INFO] Deleting file /Users/guillermohuaman/Documents/Personal_projects/VetCare/vetcare/target/classes/com/vetcare/models/Visit.class
[INFO] Deleting file /Users/guillermohuaman/Documents/Personal_projects/VetCare/vetcare/target/classes/com/vetcare/models/Pet$PetBuilder.class
[INFO] Deleting file /Users/guillermohuaman/Documents/Personal_projects/VetCare/vetcare/target/classes/com/vetcare/models/Specialty.class
[INFO] Deleting file /Users/guillermohuaman/Documents/Personal_projects/VetCare/vetcare/target/classes/com/vetcare/models/Visit$VisitStatus.class
[INFO] Deleting file /Users/guillermohuaman/Documents/Personal_projects/VetCare/vetcare/target/classes/com/vetcare/models/Pet$Gender.class
[INFO] Deleting file /Users/guillermohuaman/Documents/Personal_projects/VetCare/vetcare/target/classes/com/vetcare/models/Clinic$ClinicBuilder.class
[INFO] Deleting file /Users/guillermohuaman/Documents/Personal_projects/VetCare/vetcare/target/classes/com/vetcare/models/Visit$VisitBuilder.class
[INFO] Deleting file /Users/guillermohuaman/Documents/Personal_projects/VetCare/vetcare/target/classes/com/vetcare/models/Veterinarian.class
[INFO] Deleting directory /Users/guillermohuaman/Documents/Personal_projects/VetCare/vetcare/target/classes/com/vetcare/models
[INFO] Deleting file /Users/guillermohuaman/Documents/Personal_projects/VetCare/vetcare/target/classes/com/vetcare/repositories/PetTypeRepository.class
[INFO] Deleting file /Users/guillermohuaman/Documents/Personal_projects/VetCare/vetcare/target/classes/com/vetcare/repositories/PetRepository.class
[INFO] Deleting file /Users/guillermohuaman/Documents/Personal_projects/VetCare/vetcare/target/classes/com/vetcare/repositories/ClinicRepository.class
[INFO] Deleting file /Users/guillermohuaman/Documents/Personal_projects/VetCare/vetcare/target/classes/com/vetcare/repositories/SpecialtyRepository.class
[INFO] Deleting file /Users/guillermohuaman/Documents/Personal_projects/VetCare/vetcare/target/classes/com/vetcare/repositories/OwnerRepository.class
[INFO] Deleting file /Users/guillermohuaman/Documents/Personal_projects/VetCare/vetcare/target/classes/com/vetcare/repositories/VeterinarianRepository.class
[INFO] Deleting file /Users/guillermohuaman/Documents/Personal_projects/VetCare/vetcare/target/classes/com/vetcare/repositories/VisitRepository.class
[INFO] Deleting directory /Users/guillermohuaman/Documents/Personal_projects/VetCare/vetcare/target/classes/com/vetcare/repositories
[INFO] Deleting file /Users/guillermohuaman/Documents/Personal_projects/VetCare/vetcare/target/classes/com/vetcare/VetcareApplication.class
[INFO] Deleting file /Users/guillermohuaman/Documents/Personal_projects/VetCare/vetcare/target/classes/com/vetcare/config/OpenApiConfig.class
[INFO] Deleting file /Users/guillermohuaman/Documents/Personal_projects/VetCare/vetcare/target/classes/com/vetcare/config/DataInitializer.class
[INFO] Deleting file /Users/guillermohuaman/Documents/Personal_projects/VetCare/vetcare/target/classes/com/vetcare/config/CorsConfig.class
[INFO] Deleting directory /Users/guillermohuaman/Documents/Personal_projects/VetCare/vetcare/target/classes/com/vetcare/config
[INFO] Deleting file /Users/guillermohuaman/Documents/Personal_projects/VetCare/vetcare/target/classes/com/vetcare/.DS_Store
[INFO] Deleting file /Users/guillermohuaman/Documents/Personal_projects/VetCare/vetcare/target/classes/com/vetcare/dto/PetDTO$PetDTOBuilder.class
[INFO] Deleting file /Users/guillermohuaman/Documents/Personal_projects/VetCare/vetcare/target/classes/com/vetcare/dto/UpdateOwnerDTO.class
[INFO] Deleting file /Users/guillermohuaman/Documents/Personal_projects/VetCare/vetcare/target/classes/com/vetcare/dto/PetTypeDTO.class
[INFO] Deleting file /Users/guillermohuaman/Documents/Personal_projects/VetCare/vetcare/target/classes/com/vetcare/dto/VeterinarianSummaryDTO$VeterinarianSummaryDTOBuilder.class
[INFO] Deleting file /Users/guillermohuaman/Documents/Personal_projects/VetCare/vetcare/target/classes/com/vetcare/dto/PetSummaryDTO$PetSummaryDTOBuilder.class
[INFO] Deleting file /Users/guillermohuaman/Documents/Personal_projects/VetCare/vetcare/target/classes/com/vetcare/dto/OwnerDTO$OwnerDTOBuilder.class
[INFO] Deleting file /Users/guillermohuaman/Documents/Personal_projects/VetCare/vetcare/target/classes/com/vetcare/dto/OwnerDTO.class
[INFO] Deleting file /Users/guillermohuaman/Documents/Personal_projects/VetCare/vetcare/target/classes/com/vetcare/dto/CreateClinicDTO.class
[INFO] Deleting file /Users/guillermohuaman/Documents/Personal_projects/VetCare/vetcare/target/classes/com/vetcare/dto/CreateClinicDTO$CreateClinicDTOBuilder.class
[INFO] Deleting file /Users/guillermohuaman/Documents/Personal_projects/VetCare/vetcare/target/classes/com/vetcare/dto/CreatePetDTO.class
[INFO] Deleting file /Users/guillermohuaman/Documents/Personal_projects/VetCare/vetcare/target/classes/com/vetcare/dto/OwnerWithPetsDTO$OwnerWithPetsDTOBuilder.class
[INFO] Deleting file /Users/guillermohuaman/Documents/Personal_projects/VetCare/vetcare/target/classes/com/vetcare/dto/PetTypeDTO$PetTypeDTOBuilder.class
[INFO] Deleting file /Users/guillermohuaman/Documents/Personal_projects/VetCare/vetcare/target/classes/com/vetcare/dto/ClinicDTO.class
[INFO] Deleting file /Users/guillermohuaman/Documents/Personal_projects/VetCare/vetcare/target/classes/com/vetcare/dto/UpdateVisitDTO.class
[INFO] Deleting file /Users/guillermohuaman/Documents/Personal_projects/VetCare/vetcare/target/classes/com/vetcare/dto/UpdatePetDTO.class
[INFO] Deleting file /Users/guillermohuaman/Documents/Personal_projects/VetCare/vetcare/target/classes/com/vetcare/dto/PetDTO.class
[INFO] Deleting file /Users/guillermohuaman/Documents/Personal_projects/VetCare/vetcare/target/classes/com/vetcare/dto/UpdateVeterinarianDTO$UpdateVeterinarianDTOBuilder.class
[INFO] Deleting file /Users/guillermohuaman/Documents/Personal_projects/VetCare/vetcare/target/classes/com/vetcare/dto/VeterinarianDTO$VeterinarianDTOBuilder.class
[INFO] Deleting file /Users/guillermohuaman/Documents/Personal_projects/VetCare/vetcare/target/classes/com/vetcare/dto/VisitDTO.class
[INFO] Deleting file /Users/guillermohuaman/Documents/Personal_projects/VetCare/vetcare/target/classes/com/vetcare/dto/UpdateOwnerDTO$UpdateOwnerDTOBuilder.class
[INFO] Deleting file /Users/guillermohuaman/Documents/Personal_projects/VetCare/vetcare/target/classes/com/vetcare/dto/CreateVisitDTO$CreateVisitDTOBuilder.class
[INFO] Deleting file /Users/guillermohuaman/Documents/Personal_projects/VetCare/vetcare/target/classes/com/vetcare/dto/ClinicDTO$ClinicDTOBuilder.class
[INFO] Deleting file /Users/guillermohuaman/Documents/Personal_projects/VetCare/vetcare/target/classes/com/vetcare/dto/CreatePetDTO$CreatePetDTOBuilder.class
[INFO] Deleting file /Users/guillermohuaman/Documents/Personal_projects/VetCare/vetcare/target/classes/com/vetcare/dto/VisitDTO$VisitDTOBuilder.class
[INFO] Deleting file /Users/guillermohuaman/Documents/Personal_projects/VetCare/vetcare/target/classes/com/vetcare/dto/ClinicSummaryDTO$ClinicSummaryDTOBuilder.class
[INFO] Deleting file /Users/guillermohuaman/Documents/Personal_projects/VetCare/vetcare/target/classes/com/vetcare/dto/OwnerWithPetsDTO.class
[INFO] Deleting file /Users/guillermohuaman/Documents/Personal_projects/VetCare/vetcare/target/classes/com/vetcare/dto/CreateVeterinarianDTO$CreateVeterinarianDTOBuilder.class
[INFO] Deleting file /Users/guillermohuaman/Documents/Personal_projects/VetCare/vetcare/target/classes/com/vetcare/dto/OwnerSummaryDTO.class
[INFO] Deleting file /Users/guillermohuaman/Documents/Personal_projects/VetCare/vetcare/target/classes/com/vetcare/dto/VeterinarianSummaryDTO.class
[INFO] Deleting file /Users/guillermohuaman/Documents/Personal_projects/VetCare/vetcare/target/classes/com/vetcare/dto/CreateVisitDTO.class
[INFO] Deleting file /Users/guillermohuaman/Documents/Personal_projects/VetCare/vetcare/target/classes/com/vetcare/dto/UpdateVisitDTO$UpdateVisitDTOBuilder.class
[INFO] Deleting file /Users/guillermohuaman/Documents/Personal_projects/VetCare/vetcare/target/classes/com/vetcare/dto/CreateOwnerDTO$CreateOwnerDTOBuilder.class
[INFO] Deleting file /Users/guillermohuaman/Documents/Personal_projects/VetCare/vetcare/target/classes/com/vetcare/dto/OwnerSummaryDTO$OwnerSummaryDTOBuilder.class
[INFO] Deleting file /Users/guillermohuaman/Documents/Personal_projects/VetCare/vetcare/target/classes/com/vetcare/dto/SpecialtyDTO$SpecialtyDTOBuilder.class
[INFO] Deleting file /Users/guillermohuaman/Documents/Personal_projects/VetCare/vetcare/target/classes/com/vetcare/dto/UpdateVeterinarianDTO.class
[INFO] Deleting file /Users/guillermohuaman/Documents/Personal_projects/VetCare/vetcare/target/classes/com/vetcare/dto/CreateVeterinarianDTO.class
[INFO] Deleting file /Users/guillermohuaman/Documents/Personal_projects/VetCare/vetcare/target/classes/com/vetcare/dto/CreateOwnerDTO.class
[INFO] Deleting file /Users/guillermohuaman/Documents/Personal_projects/VetCare/vetcare/target/classes/com/vetcare/dto/ClinicSummaryDTO.class
[INFO] Deleting file /Users/guillermohuaman/Documents/Personal_projects/VetCare/vetcare/target/classes/com/vetcare/dto/PetSummaryDTO.class
[INFO] Deleting file /Users/guillermohuaman/Documents/Personal_projects/VetCare/vetcare/target/classes/com/vetcare/dto/VeterinarianDTO.class
[INFO] Deleting file /Users/guillermohuaman/Documents/Personal_projects/VetCare/vetcare/target/classes/com/vetcare/dto/SpecialtyDTO.class
[INFO] Deleting file /Users/guillermohuaman/Documents/Personal_projects/VetCare/vetcare/target/classes/com/vetcare/dto/UpdatePetDTO$UpdatePetDTOBuilder.class
[INFO] Deleting directory /Users/guillermohuaman/Documents/Personal_projects/VetCare/vetcare/target/classes/com/vetcare/dto
[INFO] Deleting directory /Users/guillermohuaman/Documents/Personal_projects/VetCare/vetcare/target/classes/com/vetcare
[INFO] Deleting file /Users/guillermohuaman/Documents/Personal_projects/VetCare/vetcare/target/classes/com/.DS_Store
[INFO] Deleting directory /Users/guillermohuaman/Documents/Personal_projects/VetCare/vetcare/target/classes/com
[INFO] Deleting file /Users/guillermohuaman/Documents/Personal_projects/VetCare/vetcare/target/classes/application.yml
[INFO] Deleting file /Users/guillermohuaman/Documents/Personal_projects/VetCare/vetcare/target/classes/.DS_Store
[INFO] Deleting directory /Users/guillermohuaman/Documents/Personal_projects/VetCare/vetcare/target/classes
[INFO] Deleting directory /Users/guillermohuaman/Documents/Personal_projects/VetCare/vetcare/target/generated-sources/annotations
[INFO] Deleting directory /Users/guillermohuaman/Documents/Personal_projects/VetCare/vetcare/target/generated-sources
[INFO] Deleting file /Users/guillermohuaman/Documents/Personal_projects/VetCare/vetcare/target/test-classes/com/vetcare/AppTest.class
[INFO] Deleting directory /Users/guillermohuaman/Documents/Personal_projects/VetCare/vetcare/target/test-classes/com/vetcare
[INFO] Deleting directory /Users/guillermohuaman/Documents/Personal_projects/VetCare/vetcare/target/test-classes/com
[INFO] Deleting directory /Users/guillermohuaman/Documents/Personal_projects/VetCare/vetcare/target/test-classes
[INFO] Deleting directory /Users/guillermohuaman/Documents/Personal_projects/VetCare/vetcare/target
[DEBUG] Skipping non-existing directory /Users/guillermohuaman/Documents/Personal_projects/VetCare/vetcare/target/classes
[DEBUG] Skipping non-existing directory /Users/guillermohuaman/Documents/Personal_projects/VetCare/vetcare/target/test-classes
[DEBUG] Skipping non-existing directory /Users/guillermohuaman/Documents/Personal_projects/VetCare/vetcare/target/classes
[INFO] 
[INFO] --- resources:3.3.1:resources (default-resources) @ vetcare ---
[DEBUG] Dependency collection stats {ConflictMarker.analyzeTime=25083, ConflictMarker.markTime=14417, ConflictMarker.nodeCount=13, ConflictIdSorter.graphTime=9375, ConflictIdSorter.topsortTime=6583, ConflictIdSorter.conflictIdCount=9, ConflictIdSorter.conflictIdCycleCount=0, ConflictResolver.totalTime=93500, ConflictResolver.conflictItemCount=13, DfDependencyCollector.collectTime=10247209, DfDependencyCollector.transformTime=158083}
[DEBUG] org.apache.maven.plugins:maven-resources-plugin:jar:3.3.1
[DEBUG]    org.codehaus.plexus:plexus-interpolation:jar:1.26:runtime
[DEBUG]    org.codehaus.plexus:plexus-utils:jar:3.5.1:compile
[DEBUG]    org.apache.maven.shared:maven-filtering:jar:3.3.1:compile
[DEBUG]       javax.inject:javax.inject:jar:1:compile
[DEBUG]       org.slf4j:slf4j-api:jar:1.7.36:compile
[DEBUG]       org.sonatype.plexus:plexus-build-api:jar:0.0.7:compile
[DEBUG]    commons-io:commons-io:jar:2.11.0:compile
[DEBUG]    org.apache.commons:commons-lang3:jar:3.12.0:compile
[DEBUG] Created new class realm plugin>org.apache.maven.plugins:maven-resources-plugin:3.3.1
[DEBUG] Importing foreign packages into class realm plugin>org.apache.maven.plugins:maven-resources-plugin:3.3.1
[DEBUG]   Imported:  < maven.api
[DEBUG] Populating class realm plugin>org.apache.maven.plugins:maven-resources-plugin:3.3.1
[DEBUG]   Included: org.apache.maven.plugins:maven-resources-plugin:jar:3.3.1
[DEBUG]   Included: org.codehaus.plexus:plexus-interpolation:jar:1.26
[DEBUG]   Included: org.codehaus.plexus:plexus-utils:jar:3.5.1
[DEBUG]   Included: org.apache.maven.shared:maven-filtering:jar:3.3.1
[DEBUG]   Included: org.sonatype.plexus:plexus-build-api:jar:0.0.7
[DEBUG]   Included: commons-io:commons-io:jar:2.11.0
[DEBUG]   Included: org.apache.commons:commons-lang3:jar:3.12.0
[DEBUG] Loading mojo org.apache.maven.plugins:maven-resources-plugin:3.3.1:resources from plugin realm ClassRealm[plugin>org.apache.maven.plugins:maven-resources-plugin:3.3.1, parent: jdk.internal.loader.ClassLoaders$AppClassLoader@18ff02e4]
[DEBUG] Configuring mojo execution 'org.apache.maven.plugins:maven-resources-plugin:3.3.1:resources:default-resources' with basic configurator -->
[DEBUG]   (f) addDefaultExcludes = true
[DEBUG]   (f) buildFilters = []
[DEBUG]   (s) delimiters = [@]
[DEBUG]   (f) encoding = UTF-8
[DEBUG]   (f) escapeWindowsPaths = true
[DEBUG]   (f) fileNameFiltering = false
[DEBUG]   (s) includeEmptyDirs = false
[DEBUG]   (s) outputDirectory = /Users/guillermohuaman/Documents/Personal_projects/VetCare/vetcare/target/classes
[DEBUG]   (s) overwrite = false
[DEBUG]   (f) project = MavenProject: com.vetcare:vetcare:0.0.1-SNAPSHOT @ /Users/guillermohuaman/Documents/Personal_projects/VetCare/vetcare/pom.xml
[DEBUG]   (f) propertiesEncoding = UTF-8
[DEBUG]   (s) resources = [Resource {targetPath: null, filtering: true, FileSet {directory: /Users/guillermohuaman/Documents/Personal_projects/VetCare/vetcare/src/main/resources, PatternSet [includes: {**/application*.yml, **/application*.yaml, **/application*.properties}, excludes: {}]}}, Resource {targetPath: null, filtering: false, FileSet {directory: /Users/guillermohuaman/Documents/Personal_projects/VetCare/vetcare/src/main/resources, PatternSet [includes: {}, excludes: {**/application*.yml, **/application*.yaml, **/application*.properties}]}}]
[DEBUG]   (f) session = org.apache.maven.execution.MavenSession@56a4f272
[DEBUG]   (f) skip = false
[DEBUG]   (f) supportMultiLineFiltering = false
[DEBUG]   (f) useBuildFilters = true
[DEBUG]   (s) useDefaultDelimiters = false
[DEBUG] -- end configuration --
[DEBUG] properties used:
[DEBUG] activemq.version: 6.1.3
[DEBUG] angus-mail.version: 2.0.3
[DEBUG] apple.awt.application.name: Launcher
[DEBUG] artemis.version: 2.33.0
[DEBUG] aspectj.version: 1.9.22.1
[DEBUG] assertj.version: 3.25.3
[DEBUG] awaitility.version: 4.2.2
[DEBUG] brave.version: 6.0.3
[DEBUG] build-helper-maven-plugin.version: 3.5.0
[DEBUG] byte-buddy.version: 1.14.19
[DEBUG] cache2k.version: 2.6.1.Final
[DEBUG] caffeine.version: 3.1.8
[DEBUG] cassandra-driver.version: 4.18.1
[DEBUG] classmate.version: 1.7.0
[DEBUG] classworlds.conf: /opt/homebrew/Cellar/maven/3.9.9/libexec/bin/m2.conf
[DEBUG] commons-codec.version: 1.16.1
[DEBUG] commons-dbcp2.version: 2.12.0
[DEBUG] commons-lang3.version: 3.14.0
[DEBUG] commons-pool.version: 1.6
[DEBUG] commons-pool2.version: 2.12.0
[DEBUG] couchbase-client.version: 3.6.3
[DEBUG] crac.version: 1.4.0
[DEBUG] cyclonedx-maven-plugin.version: 2.8.1
[DEBUG] db2-jdbc.version: 11.5.9.0
[DEBUG] dependency-management-plugin.version: 1.1.6
[DEBUG] derby.version: 10.16.1.1
[DEBUG] ehcache3.version: 3.10.8
[DEBUG] elasticsearch-client.version: 8.13.4
[DEBUG] env.COLORTERM: truecolor
[DEBUG] env.COMMAND_MODE: unix2003
[DEBUG] env.GIT_ASKPASS: /Applications/Visual Studio Code.app/Contents/Resources/app/extensions/git/dist/askpass.sh
[DEBUG] env.GIT_PAGER: cat
[DEBUG] env.HOME: /Users/guillermohuaman
[DEBUG] env.HOMEBREW_CELLAR: /opt/homebrew/Cellar
[DEBUG] env.HOMEBREW_PREFIX: /opt/homebrew
[DEBUG] env.HOMEBREW_REPOSITORY: /opt/homebrew
[DEBUG] env.INFOPATH: /opt/homebrew/share/info:/opt/homebrew/share/info:
[DEBUG] env.JAVA_HOME: /opt/homebrew/opt/openjdk/libexec/openjdk.jdk/Contents/Home
[DEBUG] env.LANG: en_US.UTF-8
[DEBUG] env.LESS: -R
[DEBUG] env.LOGNAME: guillermohuaman
[DEBUG] env.LSCOLORS: Gxfxcxdxbxegedabagacad
[DEBUG] env.LS_COLORS: no=00:fi=00:di=01;34:ln=00;36:pi=40;33:so=01;35:do=01;35:bd=40;33;01:cd=40;33;01:or=41;33;01:ex=00;32:*.cmd=00;32:*.exe=01;32:*.com=01;32:*.bat=01;32:*.btm=01;32:*.dll=01;32:*.tar=00;31:*.tbz=00;31:*.tgz=00;31:*.rpm=00;31:*.deb=00;31:*.arj=00;31:*.taz=00;31:*.lzh=00;31:*.lzma=00;31:*.zip=00;31:*.zoo=00;31:*.z=00;31:*.Z=00;31:*.gz=00;31:*.bz2=00;31:*.tb2=00;31:*.tz2=00;31:*.tbz2=00;31:*.avi=01;35:*.bmp=01;35:*.fli=01;35:*.gif=01;35:*.jpg=01;35:*.jpeg=01;35:*.mng=01;35:*.mov=01;35:*.mpg=01;35:*.pcx=01;35:*.pbm=01;35:*.pgm=01;35:*.png=01;35:*.ppm=01;35:*.tga=01;35:*.tif=01;35:*.xbm=01;35:*.xpm=01;35:*.dl=01;35:*.gl=01;35:*.wmv=01;35:*.aiff=00;32:*.au=00;32:*.mid=00;32:*.mp3=00;32:*.ogg=00;32:*.voc=00;32:*.wav=00;32:
[DEBUG] env.MAVEN_CMD_LINE_ARGS:  -DskipTests clean install -e -X
[DEBUG] env.MAVEN_PROJECTBASEDIR: /Users/guillermohuaman/Documents/Personal_projects/VetCare/vetcare
[DEBUG] env.MallocNanoZone: 0
[DEBUG] env.NVM_CD_FLAGS: -q
[DEBUG] env.NVM_DIR: /Users/guillermohuaman/.nvm
[DEBUG] env.NVM_RC_VERSION: 
[DEBUG] env.OLDPWD: /Users/guillermohuaman/Documents/Personal_projects/VetCare/vetcare
[DEBUG] env.PAGER: less
[DEBUG] env.PATH: /Users/guillermohuaman/.composer/vendor/bin:/Users/guillermohuaman/Library/Application Support/Code/User/globalStorage/github.copilot-chat/debugCommand:/Users/guillermohuaman/Library/Application Support/Code/User/globalStorage/github.copilot-chat/copilotCli:/Users/guillermohuaman/Library/Python/3.9/bin:/opt/homebrew/bin:/opt/homebrew/sbin:/usr/local/bin:/System/Cryptexes/App/usr/bin:/usr/bin:/bin:/usr/sbin:/sbin:/var/run/com.apple.security.cryptexd/codex.system/bootstrap/usr/local/bin:/var/run/com.apple.security.cryptexd/codex.system/bootstrap/usr/bin:/var/run/com.apple.security.cryptexd/codex.system/bootstrap/usr/appleinternal/bin:/Applications/Little Snitch.app/Contents/Components:/Users/guillermohuaman/Library/Application Support/Code/User/globalStorage/github.copilot-chat/debugCommand:/Users/guillermohuaman/Library/Application Support/Code/User/globalStorage/github.copilot-chat/copilotCli:/Users/guillermohuaman/.composer/vendor/bin:/Users/guillermohuaman/Library/Python/3.9/bin:/Users/guillermohuaman/.vscode/extensions/vscjava.vscode-java-debug-0.58.4/bundled/scripts/noConfigScripts
[DEBUG] env.PWD: /Users/guillermohuaman/Documents/Personal_projects/VetCare/vetcare
[DEBUG] env.SHELL: /bin/zsh
[DEBUG] env.SHLVL: 1
[DEBUG] env.SSH_AUTH_SOCK: /private/tmp/com.apple.launchd.XZR5XZB2sT/Listeners
[DEBUG] env.TERM: xterm-256color
[DEBUG] env.TERM_PROGRAM: vscode
[DEBUG] env.TERM_PROGRAM_VERSION: 1.107.0
[DEBUG] env.TMPDIR: /var/folders/41/ywbq3f6j33g0zhrfnfqkxc880000gn/T/
[DEBUG] env.USER: guillermohuaman
[DEBUG] env.USER_ZDOTDIR: /Users/guillermohuaman
[DEBUG] env.VSCODE_GIT_ASKPASS_EXTRA_ARGS: 
[DEBUG] env.VSCODE_GIT_ASKPASS_MAIN: /Applications/Visual Studio Code.app/Contents/Resources/app/extensions/git/dist/askpass-main.js
[DEBUG] env.VSCODE_GIT_ASKPASS_NODE: /Applications/Visual Studio Code.app/Contents/Frameworks/Code Helper (Plugin).app/Contents/MacOS/Code Helper (Plugin)
[DEBUG] env.VSCODE_GIT_IPC_HANDLE: /var/folders/41/ywbq3f6j33g0zhrfnfqkxc880000gn/T/vscode-git-dbc68e582d.sock
[DEBUG] env.VSCODE_INJECTION: 1
[DEBUG] env.VSCODE_JAVA_EXEC: /Library/Java/JavaVirtualMachines/temurin-21.jdk/Contents/Home/bin/java
[DEBUG] env.VSCODE_JDWP_ADAPTER_ENDPOINTS: /Users/guillermohuaman/.vscode/extensions/vscjava.vscode-java-debug-0.58.4/.noConfigDebugAdapterEndpoints/endpoint-699d766db7acbc78.txt
[DEBUG] env.VSCODE_PROFILE_INITIALIZED: 1
[DEBUG] env.VSCODE_PYTHON_AUTOACTIVATE_GUARD: 1
[DEBUG] env.XPC_FLAGS: 0x0
[DEBUG] env.XPC_SERVICE_NAME: 0
[DEBUG] env.ZDOTDIR: /Users/guillermohuaman
[DEBUG] env.ZSH: /Users/guillermohuaman/.oh-my-zsh
[DEBUG] env.__CFBundleIdentifier: com.microsoft.VSCode
[DEBUG] env.__CF_USER_TEXT_ENCODING: 0x1F5:0x0:0x56
[DEBUG] file.encoding: UTF-8
[DEBUG] file.separator: /
[DEBUG] flyway.version: 10.10.0
[DEBUG] freemarker.version: 2.3.33
[DEBUG] ftp.nonProxyHosts: local|*.local|169.254/16|*.169.254/16
[DEBUG] git-commit-id-maven-plugin.version: 8.0.2
[DEBUG] glassfish-jaxb.version: 4.0.5
[DEBUG] glassfish-jstl.version: 3.0.1
[DEBUG] graphql-java.version: 22.1
[DEBUG] groovy.version: 4.0.23
[DEBUG] gson.version: 2.10.1
[DEBUG] h2.version: 2.2.224
[DEBUG] hamcrest.version: 2.2
[DEBUG] hazelcast.version: 5.4.0
[DEBUG] hibernate-validator.version: 8.0.1.Final
[DEBUG] hibernate.version: 6.5.3.Final
[DEBUG] hikaricp.version: 5.1.0
[DEBUG] hsqldb.version: 2.7.3
[DEBUG] htmlunit.version: 2.70.0
[DEBUG] http.nonProxyHosts: local|*.local|169.254/16|*.169.254/16
[DEBUG] httpasyncclient.version: 4.1.5
[DEBUG] httpclient5.version: 5.3.1
[DEBUG] httpcore.version: 4.4.16
[DEBUG] httpcore5.version: 5.2.5
[DEBUG] infinispan.version: 15.0.8.Final
[DEBUG] influxdb-java.version: 2.24
[DEBUG] jackson-bom.version: 2.17.2
[DEBUG] jakarta-activation.version: 2.1.3
[DEBUG] jakarta-annotation.version: 2.1.1
[DEBUG] jakarta-inject.version: 2.0.1
[DEBUG] jakarta-jms.version: 3.1.0
[DEBUG] jakarta-json-bind.version: 3.0.1
[DEBUG] jakarta-json.version: 2.1.3
[DEBUG] jakarta-mail.version: 2.1.3
[DEBUG] jakarta-management.version: 1.1.4
[DEBUG] jakarta-persistence.version: 3.1.0
[DEBUG] jakarta-servlet-jsp-jstl.version: 3.0.2
[DEBUG] jakarta-servlet.version: 6.0.0
[DEBUG] jakarta-transaction.version: 2.0.1
[DEBUG] jakarta-validation.version: 3.0.2
[DEBUG] jakarta-websocket.version: 2.1.1
[DEBUG] jakarta-ws-rs.version: 3.1.0
[DEBUG] jakarta-xml-bind.version: 4.0.2
[DEBUG] jakarta-xml-soap.version: 3.0.2
[DEBUG] jakarta-xml-ws.version: 4.0.2
[DEBUG] janino.version: 3.1.12
[DEBUG] java.class.path: /opt/homebrew/Cellar/maven/3.9.9/libexec/boot/plexus-classworlds-2.8.0.jar
[DEBUG] java.class.version: 67.0
[DEBUG] java.home: /opt/homebrew/Cellar/openjdk/23.0.2/libexec/openjdk.jdk/Contents/Home
[DEBUG] java.io.tmpdir: /var/folders/41/ywbq3f6j33g0zhrfnfqkxc880000gn/T/
[DEBUG] java.library.path: /Users/guillermohuaman/Library/Java/Extensions:/Library/Java/Extensions:/Network/Library/Java/Extensions:/System/Library/Java/Extensions:/usr/lib/java:.
[DEBUG] java.runtime.name: OpenJDK Runtime Environment
[DEBUG] java.runtime.version: 23.0.2
[DEBUG] java.specification.name: Java Platform API Specification
[DEBUG] java.specification.vendor: Oracle Corporation
[DEBUG] java.specification.version: 23
[DEBUG] java.vendor: Homebrew
[DEBUG] java.vendor.url: https://github.com/Homebrew/homebrew-core/issues
[DEBUG] java.vendor.url.bug: https://github.com/Homebrew/homebrew-core/issues
[DEBUG] java.vendor.version: Homebrew
[DEBUG] java.version: 23.0.2
[DEBUG] java.version.date: 2025-01-21
[DEBUG] java.vm.compressedOopsMode: Zero based
[DEBUG] java.vm.info: mixed mode, sharing
[DEBUG] java.vm.name: OpenJDK 64-Bit Server VM
[DEBUG] java.vm.specification.name: Java Virtual Machine Specification
[DEBUG] java.vm.specification.vendor: Oracle Corporation
[DEBUG] java.vm.specification.version: 23
[DEBUG] java.vm.vendor: Homebrew
[DEBUG] java.vm.version: 23.0.2
[DEBUG] javax-cache.version: 1.1.1
[DEBUG] javax-money.version: 1.1
[DEBUG] jaxen.version: 2.0.0
[DEBUG] jaybird.version: 5.0.5.java11
[DEBUG] jboss-logging.version: 3.5.3.Final
[DEBUG] jdk.debug: release
[DEBUG] jdom2.version: 2.0.6.1
[DEBUG] jedis.version: 5.0.2
[DEBUG] jersey.version: 3.1.8
[DEBUG] jetty-reactive-httpclient.version: 4.0.7
[DEBUG] jetty.version: 12.0.13
[DEBUG] jmustache.version: 1.16
[DEBUG] jooq.version: 3.19.11
[DEBUG] json-path.version: 2.9.0
[DEBUG] json-smart.version: 2.5.1
[DEBUG] jsonassert.version: 1.5.3
[DEBUG] jtds.version: 1.3.1
[DEBUG] junit-jupiter.version: 5.10.3
[DEBUG] junit.version: 4.13.2
[DEBUG] kafka.version: 3.7.1
[DEBUG] kotlin-coroutines.version: 1.8.1
[DEBUG] kotlin-serialization.version: 1.6.3
[DEBUG] kotlin.version: 1.9.25
[DEBUG] lettuce.version: 6.3.2.RELEASE
[DEBUG] library.jansi.path: /opt/homebrew/Cellar/maven/3.9.9/libexec/lib/jansi-native
[DEBUG] line.separator: 

[DEBUG] liquibase.version: 4.27.0
[DEBUG] log4j2.version: 2.23.1
[DEBUG] logback.version: 1.5.8
[DEBUG] lombok.version: 1.18.34
[DEBUG] mariadb.version: 3.3.3
[DEBUG] maven-antrun-plugin.version: 3.1.0
[DEBUG] maven-assembly-plugin.version: 3.7.1
[DEBUG] maven-clean-plugin.version: 3.3.2
[DEBUG] maven-compiler-plugin.version: 3.13.0
[DEBUG] maven-dependency-plugin.version: 3.6.1
[DEBUG] maven-deploy-plugin.version: 3.1.3
[DEBUG] maven-enforcer-plugin.version: 3.4.1
[DEBUG] maven-failsafe-plugin.version: 3.2.5
[DEBUG] maven-help-plugin.version: 3.4.1
[DEBUG] maven-install-plugin.version: 3.1.3
[DEBUG] maven-invoker-plugin.version: 3.6.1
[DEBUG] maven-jar-plugin.version: 3.4.2
[DEBUG] maven-javadoc-plugin.version: 3.6.3
[DEBUG] maven-resources-plugin.version: 3.3.1
[DEBUG] maven-shade-plugin.version: 3.5.3
[DEBUG] maven-source-plugin.version: 3.3.1
[DEBUG] maven-surefire-plugin.version: 3.2.5
[DEBUG] maven-war-plugin.version: 3.4.0
[DEBUG] maven.build.timestamp: 2025-12-17T18:44:13Z
[DEBUG] maven.build.version: Apache Maven 3.9.9 (8e8579a9e76f7d015ee5ec7bfcdc97d260186937)
[DEBUG] maven.compiler.release: 21
[DEBUG] maven.conf: /opt/homebrew/Cellar/maven/3.9.9/libexec/conf
[DEBUG] maven.home: /opt/homebrew/Cellar/maven/3.9.9/libexec
[DEBUG] maven.multiModuleProjectDirectory: /Users/guillermohuaman/Documents/Personal_projects/VetCare/vetcare
[DEBUG] maven.version: 3.9.9
[DEBUG] micrometer-tracing.version: 1.3.4
[DEBUG] micrometer.version: 1.13.4
[DEBUG] mockito.version: 5.11.0
[DEBUG] mongodb.version: 5.0.1
[DEBUG] mssql-jdbc.version: 12.6.4.jre11
[DEBUG] mysql.version: 8.3.0
[DEBUG] native-build-tools-plugin.version: 0.10.3
[DEBUG] native.encoding: UTF-8
[DEBUG] nekohtml.version: 1.9.22
[DEBUG] neo4j-java-driver.version: 5.23.0
[DEBUG] netty.version: 4.1.113.Final
[DEBUG] okhttp.version: 4.12.0
[DEBUG] opentelemetry.version: 1.37.0
[DEBUG] oracle-database.version: 21.9.0.0
[DEBUG] oracle-r2dbc.version: 1.2.0
[DEBUG] os.arch: aarch64
[DEBUG] os.name: Mac OS X
[DEBUG] os.version: 15.6.1
[DEBUG] path.separator: :
[DEBUG] pooled-jms.version: 3.1.6
[DEBUG] postgresql.version: 42.7.4
[DEBUG] project.baseUri: file:/Users/guillermohuaman/Documents/Personal_projects/VetCare/vetcare/
[DEBUG] project.build.sourceEncoding: UTF-8
[DEBUG] project.reporting.outputEncoding: UTF-8
[DEBUG] prometheus-client.version: 1.2.1
[DEBUG] prometheus-simpleclient.version: 0.16.0
[DEBUG] pulsar-reactive.version: 0.5.7
[DEBUG] pulsar.version: 3.2.4
[DEBUG] quartz.version: 2.3.2
[DEBUG] querydsl.version: 5.1.0
[DEBUG] r2dbc-h2.version: 1.0.0.RELEASE
[DEBUG] r2dbc-mariadb.version: 1.2.2
[DEBUG] r2dbc-mssql.version: 1.0.2.RELEASE
[DEBUG] r2dbc-mysql.version: 1.1.3
[DEBUG] r2dbc-pool.version: 1.0.1.RELEASE
[DEBUG] r2dbc-postgresql.version: 1.0.5.RELEASE
[DEBUG] r2dbc-proxy.version: 1.1.5.RELEASE
[DEBUG] r2dbc-spi.version: 1.0.0.RELEASE
[DEBUG] rabbit-amqp-client.version: 5.21.0
[DEBUG] rabbit-stream-client.version: 0.15.0
[DEBUG] reactive-streams.version: 1.0.4
[DEBUG] reactor-bom.version: 2023.0.10
[DEBUG] resource.delimiter: @
[DEBUG] rest-assured.version: 5.4.0
[DEBUG] rsocket.version: 1.1.3
[DEBUG] rxjava3.version: 3.1.9
[DEBUG] saaj-impl.version: 3.0.4
[DEBUG] selenium-htmlunit.version: 4.13.0
[DEBUG] selenium.version: 4.19.1
[DEBUG] sendgrid.version: 4.10.3
[DEBUG] skipTests: true
[DEBUG] slf4j.version: 2.0.16
[DEBUG] snakeyaml.version: 2.2
[DEBUG] socksNonProxyHosts: local|*.local|169.254/16|*.169.254/16
[DEBUG] spring-amqp.version: 3.1.7
[DEBUG] spring-authorization-server.version: 1.3.2
[DEBUG] spring-batch.version: 5.1.2
[DEBUG] spring-boot.run.main-class: ${start-class}
[DEBUG] spring-data-bom.version: 2024.0.4
[DEBUG] spring-framework.version: 6.1.13
[DEBUG] spring-graphql.version: 1.3.2
[DEBUG] spring-hateoas.version: 2.3.3
[DEBUG] spring-integration.version: 6.3.4
[DEBUG] spring-kafka.version: 3.2.4
[DEBUG] spring-ldap.version: 3.2.6
[DEBUG] spring-pulsar.version: 1.1.4
[DEBUG] spring-restdocs.version: 3.0.1
[DEBUG] spring-retry.version: 2.0.9
[DEBUG] spring-security.version: 6.3.3
[DEBUG] spring-session.version: 3.3.2
[DEBUG] spring-ws.version: 4.0.11
[DEBUG] spring.boot.version: 3.3.4
[DEBUG] sqlite-jdbc.version: 3.45.3.0
[DEBUG] stderr.encoding: UTF-8
[DEBUG] stdout.encoding: UTF-8
[DEBUG] sun.arch.data.model: 64
[DEBUG] sun.boot.library.path: /opt/homebrew/Cellar/openjdk/23.0.2/libexec/openjdk.jdk/Contents/Home/lib
[DEBUG] sun.cpu.endian: little
[DEBUG] sun.io.unicode.encoding: UnicodeBig
[DEBUG] sun.java.command: org.codehaus.plexus.classworlds.launcher.Launcher -DskipTests clean install -e -X
[DEBUG] sun.java.launcher: SUN_STANDARD
[DEBUG] sun.jnu.encoding: UTF-8
[DEBUG] sun.management.compiler: HotSpot 64-Bit Tiered Compilers
[DEBUG] testcontainers.version: 1.19.8
[DEBUG] thymeleaf-extras-data-attribute.version: 2.0.1
[DEBUG] thymeleaf-extras-springsecurity.version: 3.1.2.RELEASE
[DEBUG] thymeleaf-layout-dialect.version: 3.3.0
[DEBUG] thymeleaf.version: 3.1.2.RELEASE
[DEBUG] tomcat.version: 10.1.30
[DEBUG] unboundid-ldapsdk.version: 6.0.11
[DEBUG] undertow.version: 2.3.17.Final
[DEBUG] user.country: 419
[DEBUG] user.dir: /Users/guillermohuaman/Documents/Personal_projects/VetCare/vetcare
[DEBUG] user.home: /Users/guillermohuaman
[DEBUG] user.language: es
[DEBUG] user.name: guillermohuaman
[DEBUG] versions-maven-plugin.version: 2.16.2
[DEBUG] webjars-locator-core.version: 0.58
[DEBUG] wsdl4j.version: 1.6.3
[DEBUG] xml-maven-plugin.version: 1.1.0
[DEBUG] xmlunit2.version: 2.9.1
[DEBUG] yasson.version: 3.0.4
[DEBUG] zipkin-reporter.version: 3.4.2
[DEBUG] Using 'UTF-8' encoding to copy filtered resources.
[DEBUG] Using 'UTF-8' encoding to copy filtered properties files.
[DEBUG] resource with targetPath null
directory /Users/guillermohuaman/Documents/Personal_projects/VetCare/vetcare/src/main/resources
excludes []
includes [**/application*.yml, **/application*.yaml, **/application*.properties]
[DEBUG] ignoreDelta true
[INFO] Copying 2 resources from src/main/resources to target/classes
[DEBUG] Copying file application.yml
[DEBUG] file application.yml has a filtered file extension
[DEBUG] Using 'UTF-8' encoding to copy filtered resource 'application.yml'.
[DEBUG] filtering /Users/guillermohuaman/Documents/Personal_projects/VetCare/vetcare/src/main/resources/application.yml to /Users/guillermohuaman/Documents/Personal_projects/VetCare/vetcare/target/classes/application.yml
[DEBUG] Copying file application.properties
[DEBUG] file application.properties has a filtered file extension
[DEBUG] Using 'UTF-8' encoding to copy filtered resource 'application.properties'.
[DEBUG] filtering /Users/guillermohuaman/Documents/Personal_projects/VetCare/vetcare/src/main/resources/application.properties to /Users/guillermohuaman/Documents/Personal_projects/VetCare/vetcare/target/classes/application.properties
[DEBUG] resource with targetPath null
directory /Users/guillermohuaman/Documents/Personal_projects/VetCare/vetcare/src/main/resources
excludes [**/application*.yml, **/application*.yaml, **/application*.properties]
includes []
[DEBUG] ignoreDelta true
[INFO] Copying 0 resource from src/main/resources to target/classes
[DEBUG] no user filter components
[INFO] 
[INFO] --- compiler:3.13.0:compile (default-compile) @ vetcare ---
[DEBUG] Using mirror maven-default-http-blocker (http://0.0.0.0/) for apache.snapshots (http://repository.apache.org/snapshots).
[DEBUG] Dependency collection stats {ConflictMarker.analyzeTime=14541, ConflictMarker.markTime=13542, ConflictMarker.nodeCount=22, ConflictIdSorter.graphTime=30916, ConflictIdSorter.topsortTime=8834, ConflictIdSorter.conflictIdCount=14, ConflictIdSorter.conflictIdCycleCount=0, ConflictResolver.totalTime=111666, ConflictResolver.conflictItemCount=22, DfDependencyCollector.collectTime=9298125, DfDependencyCollector.transformTime=188416}
[DEBUG] org.apache.maven.plugins:maven-compiler-plugin:jar:3.13.0
[DEBUG]    org.apache.maven.shared:maven-shared-utils:jar:3.4.2:compile
[DEBUG]       org.slf4j:slf4j-api:jar:1.7.36:compile
[DEBUG]       commons-io:commons-io:jar:2.11.0:compile
[DEBUG]    org.apache.maven.shared:maven-shared-incremental:jar:1.1:compile
[DEBUG]    org.codehaus.plexus:plexus-java:jar:1.2.0:compile
[DEBUG]       org.ow2.asm:asm:jar:9.6:compile
[DEBUG]       com.thoughtworks.qdox:qdox:jar:2.0.3:compile
[DEBUG]    org.codehaus.plexus:plexus-compiler-api:jar:2.15.0:compile
[DEBUG]    org.codehaus.plexus:plexus-compiler-manager:jar:2.15.0:compile
[DEBUG]       javax.inject:javax.inject:jar:1:compile
[DEBUG]       org.codehaus.plexus:plexus-xml:jar:3.0.0:compile (version managed from default)
[DEBUG]    org.codehaus.plexus:plexus-compiler-javac:jar:2.15.0:runtime
[DEBUG]    org.codehaus.plexus:plexus-utils:jar:4.0.0:compile
[DEBUG] Created new class realm plugin>org.apache.maven.plugins:maven-compiler-plugin:3.13.0
[DEBUG] Importing foreign packages into class realm plugin>org.apache.maven.plugins:maven-compiler-plugin:3.13.0
[DEBUG]   Imported:  < maven.api
[DEBUG] Populating class realm plugin>org.apache.maven.plugins:maven-compiler-plugin:3.13.0
[DEBUG]   Included: org.apache.maven.plugins:maven-compiler-plugin:jar:3.13.0
[DEBUG]   Included: org.apache.maven.shared:maven-shared-utils:jar:3.4.2
[DEBUG]   Included: commons-io:commons-io:jar:2.11.0
[DEBUG]   Included: org.apache.maven.shared:maven-shared-incremental:jar:1.1
[DEBUG]   Included: org.codehaus.plexus:plexus-java:jar:1.2.0
[DEBUG]   Included: org.ow2.asm:asm:jar:9.6
[DEBUG]   Included: com.thoughtworks.qdox:qdox:jar:2.0.3
[DEBUG]   Included: org.codehaus.plexus:plexus-compiler-api:jar:2.15.0
[DEBUG]   Included: org.codehaus.plexus:plexus-compiler-manager:jar:2.15.0
[DEBUG]   Included: org.codehaus.plexus:plexus-xml:jar:3.0.0
[DEBUG]   Included: org.codehaus.plexus:plexus-compiler-javac:jar:2.15.0
[DEBUG]   Included: org.codehaus.plexus:plexus-utils:jar:4.0.0
[DEBUG] Loading mojo org.apache.maven.plugins:maven-compiler-plugin:3.13.0:compile from plugin realm ClassRealm[plugin>org.apache.maven.plugins:maven-compiler-plugin:3.13.0, parent: jdk.internal.loader.ClassLoaders$AppClassLoader@18ff02e4]
[DEBUG] Configuring mojo execution 'org.apache.maven.plugins:maven-compiler-plugin:3.13.0:compile:default-compile' with basic configurator -->
[DEBUG]   (s) groupId = org.projectlombok
[DEBUG]   (s) artifactId = lombok
[DEBUG]   (s) version = 1.18.30
[DEBUG]   (s) groupId = org.mapstruct
[DEBUG]   (s) artifactId = mapstruct-processor
[DEBUG]   (s) version = 1.5.5.Final
[DEBUG]   (f) annotationProcessorPaths = [org.projectlombok:lombok:1.18.30.jar, org.mapstruct:mapstruct-processor:1.5.5.Final.jar]
[DEBUG]   (f) annotationProcessorPathsUseDepMgmt = false
[DEBUG]   (f) basedir = /Users/guillermohuaman/Documents/Personal_projects/VetCare/vetcare
[DEBUG]   (f) buildDirectory = /Users/guillermohuaman/Documents/Personal_projects/VetCare/vetcare/target
[DEBUG]   (f) compilePath = [/Users/guillermohuaman/Documents/Personal_projects/VetCare/vetcare/target/classes, /Users/guillermohuaman/.m2/repository/org/springframework/boot/spring-boot-starter-web/3.3.4/spring-boot-starter-web-3.3.4.jar, /Users/guillermohuaman/.m2/repository/org/springframework/boot/spring-boot-starter/3.3.4/spring-boot-starter-3.3.4.jar, /Users/guillermohuaman/.m2/repository/org/springframework/boot/spring-boot-starter-logging/3.3.4/spring-boot-starter-logging-3.3.4.jar, /Users/guillermohuaman/.m2/repository/ch/qos/logback/logback-classic/1.5.8/logback-classic-1.5.8.jar, /Users/guillermohuaman/.m2/repository/ch/qos/logback/logback-core/1.5.8/logback-core-1.5.8.jar, /Users/guillermohuaman/.m2/repository/org/apache/logging/log4j/log4j-to-slf4j/2.23.1/log4j-to-slf4j-2.23.1.jar, /Users/guillermohuaman/.m2/repository/org/apache/logging/log4j/log4j-api/2.23.1/log4j-api-2.23.1.jar, /Users/guillermohuaman/.m2/repository/org/slf4j/jul-to-slf4j/2.0.16/jul-to-slf4j-2.0.16.jar, /Users/guillermohuaman/.m2/repository/jakarta/annotation/jakarta.annotation-api/2.1.1/jakarta.annotation-api-2.1.1.jar, /Users/guillermohuaman/.m2/repository/org/yaml/snakeyaml/2.2/snakeyaml-2.2.jar, /Users/guillermohuaman/.m2/repository/org/springframework/boot/spring-boot-starter-json/3.3.4/spring-boot-starter-json-3.3.4.jar, /Users/guillermohuaman/.m2/repository/com/fasterxml/jackson/core/jackson-databind/2.17.2/jackson-databind-2.17.2.jar, /Users/guillermohuaman/.m2/repository/com/fasterxml/jackson/core/jackson-annotations/2.17.2/jackson-annotations-2.17.2.jar, /Users/guillermohuaman/.m2/repository/com/fasterxml/jackson/core/jackson-core/2.17.2/jackson-core-2.17.2.jar, /Users/guillermohuaman/.m2/repository/com/fasterxml/jackson/datatype/jackson-datatype-jdk8/2.17.2/jackson-datatype-jdk8-2.17.2.jar, /Users/guillermohuaman/.m2/repository/com/fasterxml/jackson/datatype/jackson-datatype-jsr310/2.17.2/jackson-datatype-jsr310-2.17.2.jar, /Users/guillermohuaman/.m2/repository/com/fasterxml/jackson/module/jackson-module-parameter-names/2.17.2/jackson-module-parameter-names-2.17.2.jar, /Users/guillermohuaman/.m2/repository/org/springframework/boot/spring-boot-starter-tomcat/3.3.4/spring-boot-starter-tomcat-3.3.4.jar, /Users/guillermohuaman/.m2/repository/org/apache/tomcat/embed/tomcat-embed-core/10.1.30/tomcat-embed-core-10.1.30.jar, /Users/guillermohuaman/.m2/repository/org/apache/tomcat/embed/tomcat-embed-websocket/10.1.30/tomcat-embed-websocket-10.1.30.jar, /Users/guillermohuaman/.m2/repository/org/springframework/spring-web/6.1.13/spring-web-6.1.13.jar, /Users/guillermohuaman/.m2/repository/org/springframework/spring-beans/6.1.13/spring-beans-6.1.13.jar, /Users/guillermohuaman/.m2/repository/io/micrometer/micrometer-observation/1.13.4/micrometer-observation-1.13.4.jar, /Users/guillermohuaman/.m2/repository/io/micrometer/micrometer-commons/1.13.4/micrometer-commons-1.13.4.jar, /Users/guillermohuaman/.m2/repository/org/springframework/spring-webmvc/6.1.13/spring-webmvc-6.1.13.jar, /Users/guillermohuaman/.m2/repository/org/springframework/spring-aop/6.1.13/spring-aop-6.1.13.jar, /Users/guillermohuaman/.m2/repository/org/springframework/spring-context/6.1.13/spring-context-6.1.13.jar, /Users/guillermohuaman/.m2/repository/org/springframework/spring-expression/6.1.13/spring-expression-6.1.13.jar, /Users/guillermohuaman/.m2/repository/org/springframework/boot/spring-boot-starter-data-jpa/3.3.4/spring-boot-starter-data-jpa-3.3.4.jar, /Users/guillermohuaman/.m2/repository/org/springframework/boot/spring-boot-starter-aop/3.3.4/spring-boot-starter-aop-3.3.4.jar, /Users/guillermohuaman/.m2/repository/org/aspectj/aspectjweaver/1.9.22.1/aspectjweaver-1.9.22.1.jar, /Users/guillermohuaman/.m2/repository/org/springframework/boot/spring-boot-starter-jdbc/3.3.4/spring-boot-starter-jdbc-3.3.4.jar, /Users/guillermohuaman/.m2/repository/com/zaxxer/HikariCP/5.1.0/HikariCP-5.1.0.jar, /Users/guillermohuaman/.m2/repository/org/springframework/spring-jdbc/6.1.13/spring-jdbc-6.1.13.jar, /Users/guillermohuaman/.m2/repository/org/hibernate/orm/hibernate-core/6.5.3.Final/hibernate-core-6.5.3.Final.jar, /Users/guillermohuaman/.m2/repository/jakarta/persistence/jakarta.persistence-api/3.1.0/jakarta.persistence-api-3.1.0.jar, /Users/guillermohuaman/.m2/repository/jakarta/transaction/jakarta.transaction-api/2.0.1/jakarta.transaction-api-2.0.1.jar, /Users/guillermohuaman/.m2/repository/org/jboss/logging/jboss-logging/3.5.3.Final/jboss-logging-3.5.3.Final.jar, /Users/guillermohuaman/.m2/repository/com/fasterxml/classmate/1.7.0/classmate-1.7.0.jar, /Users/guillermohuaman/.m2/repository/org/antlr/antlr4-runtime/4.13.0/antlr4-runtime-4.13.0.jar, /Users/guillermohuaman/.m2/repository/org/springframework/data/spring-data-jpa/3.3.4/spring-data-jpa-3.3.4.jar, /Users/guillermohuaman/.m2/repository/org/springframework/data/spring-data-commons/3.3.4/spring-data-commons-3.3.4.jar, /Users/guillermohuaman/.m2/repository/org/springframework/spring-orm/6.1.13/spring-orm-6.1.13.jar, /Users/guillermohuaman/.m2/repository/org/springframework/spring-tx/6.1.13/spring-tx-6.1.13.jar, /Users/guillermohuaman/.m2/repository/org/slf4j/slf4j-api/2.0.16/slf4j-api-2.0.16.jar, /Users/guillermohuaman/.m2/repository/org/springframework/spring-aspects/6.1.13/spring-aspects-6.1.13.jar, /Users/guillermohuaman/.m2/repository/com/mysql/mysql-connector-j/8.3.0/mysql-connector-j-8.3.0.jar, /Users/guillermohuaman/.m2/repository/org/projectlombok/lombok/1.18.30/lombok-1.18.30.jar, /Users/guillermohuaman/.m2/repository/org/springframework/boot/spring-boot-starter-validation/3.3.4/spring-boot-starter-validation-3.3.4.jar, /Users/guillermohuaman/.m2/repository/org/apache/tomcat/embed/tomcat-embed-el/10.1.30/tomcat-embed-el-10.1.30.jar, /Users/guillermohuaman/.m2/repository/org/hibernate/validator/hibernate-validator/8.0.1.Final/hibernate-validator-8.0.1.Final.jar, /Users/guillermohuaman/.m2/repository/jakarta/validation/jakarta.validation-api/3.0.2/jakarta.validation-api-3.0.2.jar, /Users/guillermohuaman/.m2/repository/org/springframework/boot/spring-boot/3.3.4/spring-boot-3.3.4.jar, /Users/guillermohuaman/.m2/repository/org/springframework/boot/spring-boot-autoconfigure/3.3.4/spring-boot-autoconfigure-3.3.4.jar, /Users/guillermohuaman/.m2/repository/org/springdoc/springdoc-openapi-starter-webmvc-ui/2.1.0/springdoc-openapi-starter-webmvc-ui-2.1.0.jar, /Users/guillermohuaman/.m2/repository/org/springdoc/springdoc-openapi-starter-webmvc-api/2.1.0/springdoc-openapi-starter-webmvc-api-2.1.0.jar, /Users/guillermohuaman/.m2/repository/org/springdoc/springdoc-openapi-starter-common/2.1.0/springdoc-openapi-starter-common-2.1.0.jar, /Users/guillermohuaman/.m2/repository/io/swagger/core/v3/swagger-core-jakarta/2.2.9/swagger-core-jakarta-2.2.9.jar, /Users/guillermohuaman/.m2/repository/org/apache/commons/commons-lang3/3.14.0/commons-lang3-3.14.0.jar, /Users/guillermohuaman/.m2/repository/io/swagger/core/v3/swagger-annotations-jakarta/2.2.9/swagger-annotations-jakarta-2.2.9.jar, /Users/guillermohuaman/.m2/repository/io/swagger/core/v3/swagger-models-jakarta/2.2.9/swagger-models-jakarta-2.2.9.jar, /Users/guillermohuaman/.m2/repository/com/fasterxml/jackson/dataformat/jackson-dataformat-yaml/2.17.2/jackson-dataformat-yaml-2.17.2.jar, /Users/guillermohuaman/.m2/repository/org/webjars/swagger-ui/4.18.2/swagger-ui-4.18.2.jar, /Users/guillermohuaman/.m2/repository/org/mapstruct/mapstruct/1.5.5.Final/mapstruct-1.5.5.Final.jar, /Users/guillermohuaman/.m2/repository/org/mapstruct/mapstruct-processor/1.5.5.Final/mapstruct-processor-1.5.5.Final.jar, /Users/guillermohuaman/.m2/repository/jakarta/xml/bind/jakarta.xml.bind-api/4.0.2/jakarta.xml.bind-api-4.0.2.jar, /Users/guillermohuaman/.m2/repository/jakarta/activation/jakarta.activation-api/2.1.3/jakarta.activation-api-2.1.3.jar, /Users/guillermohuaman/.m2/repository/org/springframework/spring-core/6.1.13/spring-core-6.1.13.jar, /Users/guillermohuaman/.m2/repository/org/springframework/spring-jcl/6.1.13/spring-jcl-6.1.13.jar]
[DEBUG]   (f) compileSourceRoots = [/Users/guillermohuaman/Documents/Personal_projects/VetCare/vetcare/src/main/java]
[DEBUG]   (f) compilerId = javac
[DEBUG]   (f) createMissingPackageInfoClass = true
[DEBUG]   (f) debug = true
[DEBUG]   (f) debugFileName = javac
[DEBUG]   (f) enablePreview = false
[DEBUG]   (f) encoding = UTF-8
[DEBUG]   (f) failOnError = true
[DEBUG]   (f) failOnWarning = false
[DEBUG]   (f) fileExtensions = [jar, class]
[DEBUG]   (f) forceJavacCompilerUse = false
[DEBUG]   (f) forceLegacyJavacApi = false
[DEBUG]   (f) fork = false
[DEBUG]   (f) generatedSourcesDirectory = /Users/guillermohuaman/Documents/Personal_projects/VetCare/vetcare/target/generated-sources/annotations
[DEBUG]   (f) mojoExecution = org.apache.maven.plugins:maven-compiler-plugin:3.13.0:compile {execution: default-compile}
[DEBUG]   (f) optimize = false
[DEBUG]   (f) outputDirectory = /Users/guillermohuaman/Documents/Personal_projects/VetCare/vetcare/target/classes
[DEBUG]   (f) parameters = true
[DEBUG]   (f) project = MavenProject: com.vetcare:vetcare:0.0.1-SNAPSHOT @ /Users/guillermohuaman/Documents/Personal_projects/VetCare/vetcare/pom.xml
[DEBUG]   (f) projectArtifact = com.vetcare:vetcare:jar:0.0.1-SNAPSHOT
[DEBUG]   (s) release = 21
[DEBUG]   (f) session = org.apache.maven.execution.MavenSession@56a4f272
[DEBUG]   (f) showCompilationChanges = false
[DEBUG]   (f) showDeprecation = false
[DEBUG]   (f) showWarnings = true
[DEBUG]   (f) skipMultiThreadWarning = false
[DEBUG]   (f) source = 1.8
[DEBUG]   (f) staleMillis = 0
[DEBUG]   (s) target = 1.8
[DEBUG]   (f) useIncrementalCompilation = true
[DEBUG]   (f) verbose = false
[DEBUG] -- end configuration --
[DEBUG] Using compiler 'javac'.
[DEBUG] Adding /Users/guillermohuaman/Documents/Personal_projects/VetCare/vetcare/target/generated-sources/annotations to compile source roots:
  /Users/guillermohuaman/Documents/Personal_projects/VetCare/vetcare/src/main/java
[DEBUG] New compile source roots:
  /Users/guillermohuaman/Documents/Personal_projects/VetCare/vetcare/src/main/java
  /Users/guillermohuaman/Documents/Personal_projects/VetCare/vetcare/target/generated-sources/annotations
[DEBUG] Dependency collection stats {ConflictMarker.analyzeTime=8583, ConflictMarker.markTime=7584, ConflictMarker.nodeCount=3, ConflictIdSorter.graphTime=2750, ConflictIdSorter.topsortTime=3542, ConflictIdSorter.conflictIdCount=2, ConflictIdSorter.conflictIdCycleCount=0, ConflictResolver.totalTime=29375, ConflictResolver.conflictItemCount=2, DfDependencyCollector.collectTime=1164417, DfDependencyCollector.transformTime=58667}
[DEBUG] CompilerReuseStrategy: reuseCreated
[DEBUG] useIncrementalCompilation enabled
[INFO] 	Stale source detected: /Users/guillermohuaman/Documents/Personal_projects/VetCare/vetcare/src/main/java/com/vetcare/repositories/VisitRepository.java
[INFO] 	Stale source detected: /Users/guillermohuaman/Documents/Personal_projects/VetCare/vetcare/src/main/java/com/vetcare/dto/UpdateVisitDTO.java
[INFO] 	Stale source detected: /Users/guillermohuaman/Documents/Personal_projects/VetCare/vetcare/src/main/java/com/vetcare/dto/UpdatePetDTO.java
[INFO] 	Stale source detected: /Users/guillermohuaman/Documents/Personal_projects/VetCare/vetcare/src/main/java/com/vetcare/repositories/PetTypeRepository.java
[INFO] 	Stale source detected: /Users/guillermohuaman/Documents/Personal_projects/VetCare/vetcare/src/main/java/com/vetcare/models/Visit.java
[INFO] 	Stale source detected: /Users/guillermohuaman/Documents/Personal_projects/VetCare/vetcare/src/main/java/com/vetcare/models/PetType.java
[INFO] 	Stale source detected: /Users/guillermohuaman/Documents/Personal_projects/VetCare/vetcare/src/main/java/com/vetcare/models/Specialty.java
[INFO] 	Stale source detected: /Users/guillermohuaman/Documents/Personal_projects/VetCare/vetcare/src/main/java/com/vetcare/controllers/VeterinarianController.java
[INFO] 	Stale source detected: /Users/guillermohuaman/Documents/Personal_projects/VetCare/vetcare/src/main/java/com/vetcare/dto/OwnerDTO.java
[INFO] 	Stale source detected: /Users/guillermohuaman/Documents/Personal_projects/VetCare/vetcare/src/main/java/com/vetcare/exceptions/GlobalExceptionHandler.java
[INFO] 	Stale source detected: /Users/guillermohuaman/Documents/Personal_projects/VetCare/vetcare/src/main/java/com/vetcare/dto/UpdateVeterinarianDTO.java
[INFO] 	Stale source detected: /Users/guillermohuaman/Documents/Personal_projects/VetCare/vetcare/src/main/java/com/vetcare/services/OwnerService.java
[INFO] 	Stale source detected: /Users/guillermohuaman/Documents/Personal_projects/VetCare/vetcare/src/main/java/com/vetcare/dto/VeterinarianDTO.java
[INFO] 	Stale source detected: /Users/guillermohuaman/Documents/Personal_projects/VetCare/vetcare/src/main/java/com/vetcare/dto/OwnerSummaryDTO.java
[INFO] 	Stale source detected: /Users/guillermohuaman/Documents/Personal_projects/VetCare/vetcare/src/main/java/com/vetcare/dto/VeterinarianSummaryDTO.java
[INFO] 	Stale source detected: /Users/guillermohuaman/Documents/Personal_projects/VetCare/vetcare/src/main/java/com/vetcare/dto/SpecialtyDTO.java
[INFO] 	Stale source detected: /Users/guillermohuaman/Documents/Personal_projects/VetCare/vetcare/src/main/java/com/vetcare/dto/OwnerWithPetsDTO.java
[INFO] 	Stale source detected: /Users/guillermohuaman/Documents/Personal_projects/VetCare/vetcare/src/main/java/com/vetcare/controllers/SpecialtyController.java
[INFO] 	Stale source detected: /Users/guillermohuaman/Documents/Personal_projects/VetCare/vetcare/src/main/java/com/vetcare/dto/CreateVisitDTO.java
[INFO] 	Stale source detected: /Users/guillermohuaman/Documents/Personal_projects/VetCare/vetcare/src/main/java/com/vetcare/controllers/ClinicController.java
[INFO] 	Stale source detected: /Users/guillermohuaman/Documents/Personal_projects/VetCare/vetcare/src/main/java/com/vetcare/services/PetTypeService.java
[INFO] 	Stale source detected: /Users/guillermohuaman/Documents/Personal_projects/VetCare/vetcare/src/main/java/com/vetcare/exceptions/ResourceNotFoundException.java
[INFO] 	Stale source detected: /Users/guillermohuaman/Documents/Personal_projects/VetCare/vetcare/src/main/java/com/vetcare/dto/UpdateOwnerDTO.java
[INFO] 	Stale source detected: /Users/guillermohuaman/Documents/Personal_projects/VetCare/vetcare/src/main/java/com/vetcare/controllers/OwnerController.java
[INFO] 	Stale source detected: /Users/guillermohuaman/Documents/Personal_projects/VetCare/vetcare/src/main/java/com/vetcare/services/ClinicService.java
[INFO] 	Stale source detected: /Users/guillermohuaman/Documents/Personal_projects/VetCare/vetcare/src/main/java/com/vetcare/dto/VisitDTO.java
[INFO] 	Stale source detected: /Users/guillermohuaman/Documents/Personal_projects/VetCare/vetcare/src/main/java/com/vetcare/VetcareApplication.java
[INFO] 	Stale source detected: /Users/guillermohuaman/Documents/Personal_projects/VetCare/vetcare/src/main/java/com/vetcare/dto/PetSummaryDTO.java
[INFO] 	Stale source detected: /Users/guillermohuaman/Documents/Personal_projects/VetCare/vetcare/src/main/java/com/vetcare/config/CorsConfig.java
[INFO] 	Stale source detected: /Users/guillermohuaman/Documents/Personal_projects/VetCare/vetcare/src/main/java/com/vetcare/dto/PetTypeDTO.java
[INFO] 	Stale source detected: /Users/guillermohuaman/Documents/Personal_projects/VetCare/vetcare/src/main/java/com/vetcare/repositories/VeterinarianRepository.java
[INFO] 	Stale source detected: /Users/guillermohuaman/Documents/Personal_projects/VetCare/vetcare/src/main/java/com/vetcare/services/PetService.java
[INFO] 	Stale source detected: /Users/guillermohuaman/Documents/Personal_projects/VetCare/vetcare/src/main/java/com/vetcare/controllers/PetController.java
[INFO] 	Stale source detected: /Users/guillermohuaman/Documents/Personal_projects/VetCare/vetcare/src/main/java/com/vetcare/dto/ClinicDTO.java
[INFO] 	Stale source detected: /Users/guillermohuaman/Documents/Personal_projects/VetCare/vetcare/src/main/java/com/vetcare/dto/PetDTO.java
[INFO] 	Stale source detected: /Users/guillermohuaman/Documents/Personal_projects/VetCare/vetcare/src/main/java/com/vetcare/config/DataInitializer.java
[INFO] 	Stale source detected: /Users/guillermohuaman/Documents/Personal_projects/VetCare/vetcare/src/main/java/com/vetcare/dto/CreateOwnerDTO.java
[INFO] 	Stale source detected: /Users/guillermohuaman/Documents/Personal_projects/VetCare/vetcare/src/main/java/com/vetcare/services/VisitService.java
[INFO] 	Stale source detected: /Users/guillermohuaman/Documents/Personal_projects/VetCare/vetcare/src/main/java/com/vetcare/config/OpenApiConfig.java
[INFO] 	Stale source detected: /Users/guillermohuaman/Documents/Personal_projects/VetCare/vetcare/src/main/java/com/vetcare/dto/CreateClinicDTO.java
[INFO] 	Stale source detected: /Users/guillermohuaman/Documents/Personal_projects/VetCare/vetcare/src/main/java/com/vetcare/repositories/PetRepository.java
[INFO] 	Stale source detected: /Users/guillermohuaman/Documents/Personal_projects/VetCare/vetcare/src/main/java/com/vetcare/dto/CreateVeterinarianDTO.java
[INFO] 	Stale source detected: /Users/guillermohuaman/Documents/Personal_projects/VetCare/vetcare/src/main/java/com/vetcare/repositories/OwnerRepository.java
[INFO] 	Stale source detected: /Users/guillermohuaman/Documents/Personal_projects/VetCare/vetcare/src/main/java/com/vetcare/controllers/VisitController.java
[INFO] 	Stale source detected: /Users/guillermohuaman/Documents/Personal_projects/VetCare/vetcare/src/main/java/com/vetcare/services/SpecialtyService.java
[INFO] 	Stale source detected: /Users/guillermohuaman/Documents/Personal_projects/VetCare/vetcare/src/main/java/com/vetcare/exceptions/DuplicateResourceException.java
[INFO] 	Stale source detected: /Users/guillermohuaman/Documents/Personal_projects/VetCare/vetcare/src/main/java/com/vetcare/services/VeterinarianService.java
[INFO] 	Stale source detected: /Users/guillermohuaman/Documents/Personal_projects/VetCare/vetcare/src/main/java/com/vetcare/repositories/ClinicRepository.java
[INFO] 	Stale source detected: /Users/guillermohuaman/Documents/Personal_projects/VetCare/vetcare/src/main/java/com/vetcare/models/Pet.java
[INFO] 	Stale source detected: /Users/guillermohuaman/Documents/Personal_projects/VetCare/vetcare/src/main/java/com/vetcare/controllers/PetTypeController.java
[INFO] 	Stale source detected: /Users/guillermohuaman/Documents/Personal_projects/VetCare/vetcare/src/main/java/com/vetcare/dto/CreatePetDTO.java
[INFO] 	Stale source detected: /Users/guillermohuaman/Documents/Personal_projects/VetCare/vetcare/src/main/java/com/vetcare/models/Clinic.java
[INFO] 	Stale source detected: /Users/guillermohuaman/Documents/Personal_projects/VetCare/vetcare/src/main/java/com/vetcare/repositories/SpecialtyRepository.java
[INFO] 	Stale source detected: /Users/guillermohuaman/Documents/Personal_projects/VetCare/vetcare/src/main/java/com/vetcare/exceptions/ErrorResponse.java
[INFO] 	Stale source detected: /Users/guillermohuaman/Documents/Personal_projects/VetCare/vetcare/src/main/java/com/vetcare/models/Veterinarian.java
[INFO] 	Stale source detected: /Users/guillermohuaman/Documents/Personal_projects/VetCare/vetcare/src/main/java/com/vetcare/dto/ClinicSummaryDTO.java
[INFO] 	Stale source detected: /Users/guillermohuaman/Documents/Personal_projects/VetCare/vetcare/src/main/java/com/vetcare/models/Owner.java
[INFO] 	Input tree files (+): /Users/guillermohuaman/Documents/Personal_projects/VetCare/vetcare/src/main/java/com/vetcare/VetcareApplication.java
[INFO] 	Input tree files (+): /Users/guillermohuaman/Documents/Personal_projects/VetCare/vetcare/src/main/java/com/vetcare/config/CorsConfig.java
[INFO] 	Input tree files (+): /Users/guillermohuaman/Documents/Personal_projects/VetCare/vetcare/src/main/java/com/vetcare/config/DataInitializer.java
[INFO] 	Input tree files (+): /Users/guillermohuaman/Documents/Personal_projects/VetCare/vetcare/src/main/java/com/vetcare/config/OpenApiConfig.java
[INFO] 	Input tree files (+): /Users/guillermohuaman/Documents/Personal_projects/VetCare/vetcare/src/main/java/com/vetcare/controllers/ClinicController.java
[INFO] 	Input tree files (+): /Users/guillermohuaman/Documents/Personal_projects/VetCare/vetcare/src/main/java/com/vetcare/controllers/OwnerController.java
[INFO] 	Input tree files (+): /Users/guillermohuaman/Documents/Personal_projects/VetCare/vetcare/src/main/java/com/vetcare/controllers/PetController.java
[INFO] 	Input tree files (+): /Users/guillermohuaman/Documents/Personal_projects/VetCare/vetcare/src/main/java/com/vetcare/controllers/PetTypeController.java
[INFO] 	Input tree files (+): /Users/guillermohuaman/Documents/Personal_projects/VetCare/vetcare/src/main/java/com/vetcare/controllers/SpecialtyController.java
[INFO] 	Input tree files (+): /Users/guillermohuaman/Documents/Personal_projects/VetCare/vetcare/src/main/java/com/vetcare/controllers/VeterinarianController.java
[INFO] 	Input tree files (+): /Users/guillermohuaman/Documents/Personal_projects/VetCare/vetcare/src/main/java/com/vetcare/controllers/VisitController.java
[INFO] 	Input tree files (+): /Users/guillermohuaman/Documents/Personal_projects/VetCare/vetcare/src/main/java/com/vetcare/dto/ClinicDTO.java
[INFO] 	Input tree files (+): /Users/guillermohuaman/Documents/Personal_projects/VetCare/vetcare/src/main/java/com/vetcare/dto/ClinicSummaryDTO.java
[INFO] 	Input tree files (+): /Users/guillermohuaman/Documents/Personal_projects/VetCare/vetcare/src/main/java/com/vetcare/dto/CreateClinicDTO.java
[INFO] 	Input tree files (+): /Users/guillermohuaman/Documents/Personal_projects/VetCare/vetcare/src/main/java/com/vetcare/dto/CreateOwnerDTO.java
[INFO] 	Input tree files (+): /Users/guillermohuaman/Documents/Personal_projects/VetCare/vetcare/src/main/java/com/vetcare/dto/CreatePetDTO.java
[INFO] 	Input tree files (+): /Users/guillermohuaman/Documents/Personal_projects/VetCare/vetcare/src/main/java/com/vetcare/dto/CreateVeterinarianDTO.java
[INFO] 	Input tree files (+): /Users/guillermohuaman/Documents/Personal_projects/VetCare/vetcare/src/main/java/com/vetcare/dto/CreateVisitDTO.java
[INFO] 	Input tree files (+): /Users/guillermohuaman/Documents/Personal_projects/VetCare/vetcare/src/main/java/com/vetcare/dto/OwnerDTO.java
[INFO] 	Input tree files (+): /Users/guillermohuaman/Documents/Personal_projects/VetCare/vetcare/src/main/java/com/vetcare/dto/OwnerSummaryDTO.java
[INFO] 	Input tree files (+): /Users/guillermohuaman/Documents/Personal_projects/VetCare/vetcare/src/main/java/com/vetcare/dto/OwnerWithPetsDTO.java
[INFO] 	Input tree files (+): /Users/guillermohuaman/Documents/Personal_projects/VetCare/vetcare/src/main/java/com/vetcare/dto/PetDTO.java
[INFO] 	Input tree files (+): /Users/guillermohuaman/Documents/Personal_projects/VetCare/vetcare/src/main/java/com/vetcare/dto/PetSummaryDTO.java
[INFO] 	Input tree files (+): /Users/guillermohuaman/Documents/Personal_projects/VetCare/vetcare/src/main/java/com/vetcare/dto/PetTypeDTO.java
[INFO] 	Input tree files (+): /Users/guillermohuaman/Documents/Personal_projects/VetCare/vetcare/src/main/java/com/vetcare/dto/SpecialtyDTO.java
[INFO] 	Input tree files (+): /Users/guillermohuaman/Documents/Personal_projects/VetCare/vetcare/src/main/java/com/vetcare/dto/UpdateOwnerDTO.java
[INFO] 	Input tree files (+): /Users/guillermohuaman/Documents/Personal_projects/VetCare/vetcare/src/main/java/com/vetcare/dto/UpdatePetDTO.java
[INFO] 	Input tree files (+): /Users/guillermohuaman/Documents/Personal_projects/VetCare/vetcare/src/main/java/com/vetcare/dto/UpdateVeterinarianDTO.java
[INFO] 	Input tree files (+): /Users/guillermohuaman/Documents/Personal_projects/VetCare/vetcare/src/main/java/com/vetcare/dto/UpdateVisitDTO.java
[INFO] 	Input tree files (+): /Users/guillermohuaman/Documents/Personal_projects/VetCare/vetcare/src/main/java/com/vetcare/dto/VeterinarianDTO.java
[INFO] 	Input tree files (+): /Users/guillermohuaman/Documents/Personal_projects/VetCare/vetcare/src/main/java/com/vetcare/dto/VeterinarianSummaryDTO.java
[INFO] 	Input tree files (+): /Users/guillermohuaman/Documents/Personal_projects/VetCare/vetcare/src/main/java/com/vetcare/dto/VisitDTO.java
[INFO] 	Input tree files (+): /Users/guillermohuaman/Documents/Personal_projects/VetCare/vetcare/src/main/java/com/vetcare/exceptions/DuplicateResourceException.java
[INFO] 	Input tree files (+): /Users/guillermohuaman/Documents/Personal_projects/VetCare/vetcare/src/main/java/com/vetcare/exceptions/ErrorResponse.java
[INFO] 	Input tree files (+): /Users/guillermohuaman/Documents/Personal_projects/VetCare/vetcare/src/main/java/com/vetcare/exceptions/GlobalExceptionHandler.java
[INFO] 	Input tree files (+): /Users/guillermohuaman/Documents/Personal_projects/VetCare/vetcare/src/main/java/com/vetcare/exceptions/ResourceNotFoundException.java
[INFO] 	Input tree files (+): /Users/guillermohuaman/Documents/Personal_projects/VetCare/vetcare/src/main/java/com/vetcare/models/Clinic.java
[INFO] 	Input tree files (+): /Users/guillermohuaman/Documents/Personal_projects/VetCare/vetcare/src/main/java/com/vetcare/models/Owner.java
[INFO] 	Input tree files (+): /Users/guillermohuaman/Documents/Personal_projects/VetCare/vetcare/src/main/java/com/vetcare/models/Pet.java
[INFO] 	Input tree files (+): /Users/guillermohuaman/Documents/Personal_projects/VetCare/vetcare/src/main/java/com/vetcare/models/PetType.java
[INFO] 	Input tree files (+): /Users/guillermohuaman/Documents/Personal_projects/VetCare/vetcare/src/main/java/com/vetcare/models/Specialty.java
[INFO] 	Input tree files (+): /Users/guillermohuaman/Documents/Personal_projects/VetCare/vetcare/src/main/java/com/vetcare/models/Veterinarian.java
[INFO] 	Input tree files (+): /Users/guillermohuaman/Documents/Personal_projects/VetCare/vetcare/src/main/java/com/vetcare/models/Visit.java
[INFO] 	Input tree files (+): /Users/guillermohuaman/Documents/Personal_projects/VetCare/vetcare/src/main/java/com/vetcare/repositories/ClinicRepository.java
[INFO] 	Input tree files (+): /Users/guillermohuaman/Documents/Personal_projects/VetCare/vetcare/src/main/java/com/vetcare/repositories/OwnerRepository.java
[INFO] 	Input tree files (+): /Users/guillermohuaman/Documents/Personal_projects/VetCare/vetcare/src/main/java/com/vetcare/repositories/PetRepository.java
[INFO] 	Input tree files (+): /Users/guillermohuaman/Documents/Personal_projects/VetCare/vetcare/src/main/java/com/vetcare/repositories/PetTypeRepository.java
[INFO] 	Input tree files (+): /Users/guillermohuaman/Documents/Personal_projects/VetCare/vetcare/src/main/java/com/vetcare/repositories/SpecialtyRepository.java
[INFO] 	Input tree files (+): /Users/guillermohuaman/Documents/Personal_projects/VetCare/vetcare/src/main/java/com/vetcare/repositories/VeterinarianRepository.java
[INFO] 	Input tree files (+): /Users/guillermohuaman/Documents/Personal_projects/VetCare/vetcare/src/main/java/com/vetcare/repositories/VisitRepository.java
[INFO] 	Input tree files (+): /Users/guillermohuaman/Documents/Personal_projects/VetCare/vetcare/src/main/java/com/vetcare/services/ClinicService.java
[INFO] 	Input tree files (+): /Users/guillermohuaman/Documents/Personal_projects/VetCare/vetcare/src/main/java/com/vetcare/services/OwnerService.java
[INFO] 	Input tree files (+): /Users/guillermohuaman/Documents/Personal_projects/VetCare/vetcare/src/main/java/com/vetcare/services/PetService.java
[INFO] 	Input tree files (+): /Users/guillermohuaman/Documents/Personal_projects/VetCare/vetcare/src/main/java/com/vetcare/services/PetTypeService.java
[INFO] 	Input tree files (+): /Users/guillermohuaman/Documents/Personal_projects/VetCare/vetcare/src/main/java/com/vetcare/services/SpecialtyService.java
[INFO] 	Input tree files (+): /Users/guillermohuaman/Documents/Personal_projects/VetCare/vetcare/src/main/java/com/vetcare/services/VeterinarianService.java
[INFO] 	Input tree files (+): /Users/guillermohuaman/Documents/Personal_projects/VetCare/vetcare/src/main/java/com/vetcare/services/VisitService.java
[INFO] Recompiling the module because of changed source code.
[DEBUG] Classpath:
[DEBUG]  /Users/guillermohuaman/Documents/Personal_projects/VetCare/vetcare/target/classes
[DEBUG]  /Users/guillermohuaman/.m2/repository/org/springframework/boot/spring-boot-starter-web/3.3.4/spring-boot-starter-web-3.3.4.jar
[DEBUG]  /Users/guillermohuaman/.m2/repository/org/springframework/boot/spring-boot-starter/3.3.4/spring-boot-starter-3.3.4.jar
[DEBUG]  /Users/guillermohuaman/.m2/repository/org/springframework/boot/spring-boot-starter-logging/3.3.4/spring-boot-starter-logging-3.3.4.jar
[DEBUG]  /Users/guillermohuaman/.m2/repository/ch/qos/logback/logback-classic/1.5.8/logback-classic-1.5.8.jar
[DEBUG]  /Users/guillermohuaman/.m2/repository/ch/qos/logback/logback-core/1.5.8/logback-core-1.5.8.jar
[DEBUG]  /Users/guillermohuaman/.m2/repository/org/apache/logging/log4j/log4j-to-slf4j/2.23.1/log4j-to-slf4j-2.23.1.jar
[DEBUG]  /Users/guillermohuaman/.m2/repository/org/apache/logging/log4j/log4j-api/2.23.1/log4j-api-2.23.1.jar
[DEBUG]  /Users/guillermohuaman/.m2/repository/org/slf4j/jul-to-slf4j/2.0.16/jul-to-slf4j-2.0.16.jar
[DEBUG]  /Users/guillermohuaman/.m2/repository/jakarta/annotation/jakarta.annotation-api/2.1.1/jakarta.annotation-api-2.1.1.jar
[DEBUG]  /Users/guillermohuaman/.m2/repository/org/yaml/snakeyaml/2.2/snakeyaml-2.2.jar
[DEBUG]  /Users/guillermohuaman/.m2/repository/org/springframework/boot/spring-boot-starter-json/3.3.4/spring-boot-starter-json-3.3.4.jar
[DEBUG]  /Users/guillermohuaman/.m2/repository/com/fasterxml/jackson/core/jackson-databind/2.17.2/jackson-databind-2.17.2.jar
[DEBUG]  /Users/guillermohuaman/.m2/repository/com/fasterxml/jackson/core/jackson-annotations/2.17.2/jackson-annotations-2.17.2.jar
[DEBUG]  /Users/guillermohuaman/.m2/repository/com/fasterxml/jackson/core/jackson-core/2.17.2/jackson-core-2.17.2.jar
[DEBUG]  /Users/guillermohuaman/.m2/repository/com/fasterxml/jackson/datatype/jackson-datatype-jdk8/2.17.2/jackson-datatype-jdk8-2.17.2.jar
[DEBUG]  /Users/guillermohuaman/.m2/repository/com/fasterxml/jackson/datatype/jackson-datatype-jsr310/2.17.2/jackson-datatype-jsr310-2.17.2.jar
[DEBUG]  /Users/guillermohuaman/.m2/repository/com/fasterxml/jackson/module/jackson-module-parameter-names/2.17.2/jackson-module-parameter-names-2.17.2.jar
[DEBUG]  /Users/guillermohuaman/.m2/repository/org/springframework/boot/spring-boot-starter-tomcat/3.3.4/spring-boot-starter-tomcat-3.3.4.jar
[DEBUG]  /Users/guillermohuaman/.m2/repository/org/apache/tomcat/embed/tomcat-embed-core/10.1.30/tomcat-embed-core-10.1.30.jar
[DEBUG]  /Users/guillermohuaman/.m2/repository/org/apache/tomcat/embed/tomcat-embed-websocket/10.1.30/tomcat-embed-websocket-10.1.30.jar
[DEBUG]  /Users/guillermohuaman/.m2/repository/org/springframework/spring-web/6.1.13/spring-web-6.1.13.jar
[DEBUG]  /Users/guillermohuaman/.m2/repository/org/springframework/spring-beans/6.1.13/spring-beans-6.1.13.jar
[DEBUG]  /Users/guillermohuaman/.m2/repository/io/micrometer/micrometer-observation/1.13.4/micrometer-observation-1.13.4.jar
[DEBUG]  /Users/guillermohuaman/.m2/repository/io/micrometer/micrometer-commons/1.13.4/micrometer-commons-1.13.4.jar
[DEBUG]  /Users/guillermohuaman/.m2/repository/org/springframework/spring-webmvc/6.1.13/spring-webmvc-6.1.13.jar
[DEBUG]  /Users/guillermohuaman/.m2/repository/org/springframework/spring-aop/6.1.13/spring-aop-6.1.13.jar
[DEBUG]  /Users/guillermohuaman/.m2/repository/org/springframework/spring-context/6.1.13/spring-context-6.1.13.jar
[DEBUG]  /Users/guillermohuaman/.m2/repository/org/springframework/spring-expression/6.1.13/spring-expression-6.1.13.jar
[DEBUG]  /Users/guillermohuaman/.m2/repository/org/springframework/boot/spring-boot-starter-data-jpa/3.3.4/spring-boot-starter-data-jpa-3.3.4.jar
[DEBUG]  /Users/guillermohuaman/.m2/repository/org/springframework/boot/spring-boot-starter-aop/3.3.4/spring-boot-starter-aop-3.3.4.jar
[DEBUG]  /Users/guillermohuaman/.m2/repository/org/aspectj/aspectjweaver/1.9.22.1/aspectjweaver-1.9.22.1.jar
[DEBUG]  /Users/guillermohuaman/.m2/repository/org/springframework/boot/spring-boot-starter-jdbc/3.3.4/spring-boot-starter-jdbc-3.3.4.jar
[DEBUG]  /Users/guillermohuaman/.m2/repository/com/zaxxer/HikariCP/5.1.0/HikariCP-5.1.0.jar
[DEBUG]  /Users/guillermohuaman/.m2/repository/org/springframework/spring-jdbc/6.1.13/spring-jdbc-6.1.13.jar
[DEBUG]  /Users/guillermohuaman/.m2/repository/org/hibernate/orm/hibernate-core/6.5.3.Final/hibernate-core-6.5.3.Final.jar
[DEBUG]  /Users/guillermohuaman/.m2/repository/jakarta/persistence/jakarta.persistence-api/3.1.0/jakarta.persistence-api-3.1.0.jar
[DEBUG]  /Users/guillermohuaman/.m2/repository/jakarta/transaction/jakarta.transaction-api/2.0.1/jakarta.transaction-api-2.0.1.jar
[DEBUG]  /Users/guillermohuaman/.m2/repository/org/jboss/logging/jboss-logging/3.5.3.Final/jboss-logging-3.5.3.Final.jar
[DEBUG]  /Users/guillermohuaman/.m2/repository/com/fasterxml/classmate/1.7.0/classmate-1.7.0.jar
[DEBUG]  /Users/guillermohuaman/.m2/repository/org/antlr/antlr4-runtime/4.13.0/antlr4-runtime-4.13.0.jar
[DEBUG]  /Users/guillermohuaman/.m2/repository/org/springframework/data/spring-data-jpa/3.3.4/spring-data-jpa-3.3.4.jar
[DEBUG]  /Users/guillermohuaman/.m2/repository/org/springframework/data/spring-data-commons/3.3.4/spring-data-commons-3.3.4.jar
[DEBUG]  /Users/guillermohuaman/.m2/repository/org/springframework/spring-orm/6.1.13/spring-orm-6.1.13.jar
[DEBUG]  /Users/guillermohuaman/.m2/repository/org/springframework/spring-tx/6.1.13/spring-tx-6.1.13.jar
[DEBUG]  /Users/guillermohuaman/.m2/repository/org/slf4j/slf4j-api/2.0.16/slf4j-api-2.0.16.jar
[DEBUG]  /Users/guillermohuaman/.m2/repository/org/springframework/spring-aspects/6.1.13/spring-aspects-6.1.13.jar
[DEBUG]  /Users/guillermohuaman/.m2/repository/com/mysql/mysql-connector-j/8.3.0/mysql-connector-j-8.3.0.jar
[DEBUG]  /Users/guillermohuaman/.m2/repository/org/projectlombok/lombok/1.18.30/lombok-1.18.30.jar
[DEBUG]  /Users/guillermohuaman/.m2/repository/org/springframework/boot/spring-boot-starter-validation/3.3.4/spring-boot-starter-validation-3.3.4.jar
[DEBUG]  /Users/guillermohuaman/.m2/repository/org/apache/tomcat/embed/tomcat-embed-el/10.1.30/tomcat-embed-el-10.1.30.jar
[DEBUG]  /Users/guillermohuaman/.m2/repository/org/hibernate/validator/hibernate-validator/8.0.1.Final/hibernate-validator-8.0.1.Final.jar
[DEBUG]  /Users/guillermohuaman/.m2/repository/jakarta/validation/jakarta.validation-api/3.0.2/jakarta.validation-api-3.0.2.jar
[DEBUG]  /Users/guillermohuaman/.m2/repository/org/springframework/boot/spring-boot/3.3.4/spring-boot-3.3.4.jar
[DEBUG]  /Users/guillermohuaman/.m2/repository/org/springframework/boot/spring-boot-autoconfigure/3.3.4/spring-boot-autoconfigure-3.3.4.jar
[DEBUG]  /Users/guillermohuaman/.m2/repository/org/springdoc/springdoc-openapi-starter-webmvc-ui/2.1.0/springdoc-openapi-starter-webmvc-ui-2.1.0.jar
[DEBUG]  /Users/guillermohuaman/.m2/repository/org/springdoc/springdoc-openapi-starter-webmvc-api/2.1.0/springdoc-openapi-starter-webmvc-api-2.1.0.jar
[DEBUG]  /Users/guillermohuaman/.m2/repository/org/springdoc/springdoc-openapi-starter-common/2.1.0/springdoc-openapi-starter-common-2.1.0.jar
[DEBUG]  /Users/guillermohuaman/.m2/repository/io/swagger/core/v3/swagger-core-jakarta/2.2.9/swagger-core-jakarta-2.2.9.jar
[DEBUG]  /Users/guillermohuaman/.m2/repository/org/apache/commons/commons-lang3/3.14.0/commons-lang3-3.14.0.jar
[DEBUG]  /Users/guillermohuaman/.m2/repository/io/swagger/core/v3/swagger-annotations-jakarta/2.2.9/swagger-annotations-jakarta-2.2.9.jar
[DEBUG]  /Users/guillermohuaman/.m2/repository/io/swagger/core/v3/swagger-models-jakarta/2.2.9/swagger-models-jakarta-2.2.9.jar
[DEBUG]  /Users/guillermohuaman/.m2/repository/com/fasterxml/jackson/dataformat/jackson-dataformat-yaml/2.17.2/jackson-dataformat-yaml-2.17.2.jar
[DEBUG]  /Users/guillermohuaman/.m2/repository/org/webjars/swagger-ui/4.18.2/swagger-ui-4.18.2.jar
[DEBUG]  /Users/guillermohuaman/.m2/repository/org/mapstruct/mapstruct/1.5.5.Final/mapstruct-1.5.5.Final.jar
[DEBUG]  /Users/guillermohuaman/.m2/repository/org/mapstruct/mapstruct-processor/1.5.5.Final/mapstruct-processor-1.5.5.Final.jar
[DEBUG]  /Users/guillermohuaman/.m2/repository/jakarta/xml/bind/jakarta.xml.bind-api/4.0.2/jakarta.xml.bind-api-4.0.2.jar
[DEBUG]  /Users/guillermohuaman/.m2/repository/jakarta/activation/jakarta.activation-api/2.1.3/jakarta.activation-api-2.1.3.jar
[DEBUG]  /Users/guillermohuaman/.m2/repository/org/springframework/spring-core/6.1.13/spring-core-6.1.13.jar
[DEBUG]  /Users/guillermohuaman/.m2/repository/org/springframework/spring-jcl/6.1.13/spring-jcl-6.1.13.jar
[DEBUG] Source roots:
[DEBUG]  /Users/guillermohuaman/Documents/Personal_projects/VetCare/vetcare/src/main/java
[DEBUG]  /Users/guillermohuaman/Documents/Personal_projects/VetCare/vetcare/target/generated-sources/annotations
[DEBUG] Command line options:
[DEBUG] -d /Users/guillermohuaman/Documents/Personal_projects/VetCare/vetcare/target/classes -classpath /Users/guillermohuaman/Documents/Personal_projects/VetCare/vetcare/target/classes:/Users/guillermohuaman/.m2/repository/org/springframework/boot/spring-boot-starter-web/3.3.4/spring-boot-starter-web-3.3.4.jar:/Users/guillermohuaman/.m2/repository/org/springframework/boot/spring-boot-starter/3.3.4/spring-boot-starter-3.3.4.jar:/Users/guillermohuaman/.m2/repository/org/springframework/boot/spring-boot-starter-logging/3.3.4/spring-boot-starter-logging-3.3.4.jar:/Users/guillermohuaman/.m2/repository/ch/qos/logback/logback-classic/1.5.8/logback-classic-1.5.8.jar:/Users/guillermohuaman/.m2/repository/ch/qos/logback/logback-core/1.5.8/logback-core-1.5.8.jar:/Users/guillermohuaman/.m2/repository/org/apache/logging/log4j/log4j-to-slf4j/2.23.1/log4j-to-slf4j-2.23.1.jar:/Users/guillermohuaman/.m2/repository/org/apache/logging/log4j/log4j-api/2.23.1/log4j-api-2.23.1.jar:/Users/guillermohuaman/.m2/repository/org/slf4j/jul-to-slf4j/2.0.16/jul-to-slf4j-2.0.16.jar:/Users/guillermohuaman/.m2/repository/jakarta/annotation/jakarta.annotation-api/2.1.1/jakarta.annotation-api-2.1.1.jar:/Users/guillermohuaman/.m2/repository/org/yaml/snakeyaml/2.2/snakeyaml-2.2.jar:/Users/guillermohuaman/.m2/repository/org/springframework/boot/spring-boot-starter-json/3.3.4/spring-boot-starter-json-3.3.4.jar:/Users/guillermohuaman/.m2/repository/com/fasterxml/jackson/core/jackson-databind/2.17.2/jackson-databind-2.17.2.jar:/Users/guillermohuaman/.m2/repository/com/fasterxml/jackson/core/jackson-annotations/2.17.2/jackson-annotations-2.17.2.jar:/Users/guillermohuaman/.m2/repository/com/fasterxml/jackson/core/jackson-core/2.17.2/jackson-core-2.17.2.jar:/Users/guillermohuaman/.m2/repository/com/fasterxml/jackson/datatype/jackson-datatype-jdk8/2.17.2/jackson-datatype-jdk8-2.17.2.jar:/Users/guillermohuaman/.m2/repository/com/fasterxml/jackson/datatype/jackson-datatype-jsr310/2.17.2/jackson-datatype-jsr310-2.17.2.jar:/Users/guillermohuaman/.m2/repository/com/fasterxml/jackson/module/jackson-module-parameter-names/2.17.2/jackson-module-parameter-names-2.17.2.jar:/Users/guillermohuaman/.m2/repository/org/springframework/boot/spring-boot-starter-tomcat/3.3.4/spring-boot-starter-tomcat-3.3.4.jar:/Users/guillermohuaman/.m2/repository/org/apache/tomcat/embed/tomcat-embed-core/10.1.30/tomcat-embed-core-10.1.30.jar:/Users/guillermohuaman/.m2/repository/org/apache/tomcat/embed/tomcat-embed-websocket/10.1.30/tomcat-embed-websocket-10.1.30.jar:/Users/guillermohuaman/.m2/repository/org/springframework/spring-web/6.1.13/spring-web-6.1.13.jar:/Users/guillermohuaman/.m2/repository/org/springframework/spring-beans/6.1.13/spring-beans-6.1.13.jar:/Users/guillermohuaman/.m2/repository/io/micrometer/micrometer-observation/1.13.4/micrometer-observation-1.13.4.jar:/Users/guillermohuaman/.m2/repository/io/micrometer/micrometer-commons/1.13.4/micrometer-commons-1.13.4.jar:/Users/guillermohuaman/.m2/repository/org/springframework/spring-webmvc/6.1.13/spring-webmvc-6.1.13.jar:/Users/guillermohuaman/.m2/repository/org/springframework/spring-aop/6.1.13/spring-aop-6.1.13.jar:/Users/guillermohuaman/.m2/repository/org/springframework/spring-context/6.1.13/spring-context-6.1.13.jar:/Users/guillermohuaman/.m2/repository/org/springframework/spring-expression/6.1.13/spring-expression-6.1.13.jar:/Users/guillermohuaman/.m2/repository/org/springframework/boot/spring-boot-starter-data-jpa/3.3.4/spring-boot-starter-data-jpa-3.3.4.jar:/Users/guillermohuaman/.m2/repository/org/springframework/boot/spring-boot-starter-aop/3.3.4/spring-boot-starter-aop-3.3.4.jar:/Users/guillermohuaman/.m2/repository/org/aspectj/aspectjweaver/1.9.22.1/aspectjweaver-1.9.22.1.jar:/Users/guillermohuaman/.m2/repository/org/springframework/boot/spring-boot-starter-jdbc/3.3.4/spring-boot-starter-jdbc-3.3.4.jar:/Users/guillermohuaman/.m2/repository/com/zaxxer/HikariCP/5.1.0/HikariCP-5.1.0.jar:/Users/guillermohuaman/.m2/repository/org/springframework/spring-jdbc/6.1.13/spring-jdbc-6.1.13.jar:/Users/guillermohuaman/.m2/repository/org/hibernate/orm/hibernate-core/6.5.3.Final/hibernate-core-6.5.3.Final.jar:/Users/guillermohuaman/.m2/repository/jakarta/persistence/jakarta.persistence-api/3.1.0/jakarta.persistence-api-3.1.0.jar:/Users/guillermohuaman/.m2/repository/jakarta/transaction/jakarta.transaction-api/2.0.1/jakarta.transaction-api-2.0.1.jar:/Users/guillermohuaman/.m2/repository/org/jboss/logging/jboss-logging/3.5.3.Final/jboss-logging-3.5.3.Final.jar:/Users/guillermohuaman/.m2/repository/com/fasterxml/classmate/1.7.0/classmate-1.7.0.jar:/Users/guillermohuaman/.m2/repository/org/antlr/antlr4-runtime/4.13.0/antlr4-runtime-4.13.0.jar:/Users/guillermohuaman/.m2/repository/org/springframework/data/spring-data-jpa/3.3.4/spring-data-jpa-3.3.4.jar:/Users/guillermohuaman/.m2/repository/org/springframework/data/spring-data-commons/3.3.4/spring-data-commons-3.3.4.jar:/Users/guillermohuaman/.m2/repository/org/springframework/spring-orm/6.1.13/spring-orm-6.1.13.jar:/Users/guillermohuaman/.m2/repository/org/springframework/spring-tx/6.1.13/spring-tx-6.1.13.jar:/Users/guillermohuaman/.m2/repository/org/slf4j/slf4j-api/2.0.16/slf4j-api-2.0.16.jar:/Users/guillermohuaman/.m2/repository/org/springframework/spring-aspects/6.1.13/spring-aspects-6.1.13.jar:/Users/guillermohuaman/.m2/repository/com/mysql/mysql-connector-j/8.3.0/mysql-connector-j-8.3.0.jar:/Users/guillermohuaman/.m2/repository/org/projectlombok/lombok/1.18.30/lombok-1.18.30.jar:/Users/guillermohuaman/.m2/repository/org/springframework/boot/spring-boot-starter-validation/3.3.4/spring-boot-starter-validation-3.3.4.jar:/Users/guillermohuaman/.m2/repository/org/apache/tomcat/embed/tomcat-embed-el/10.1.30/tomcat-embed-el-10.1.30.jar:/Users/guillermohuaman/.m2/repository/org/hibernate/validator/hibernate-validator/8.0.1.Final/hibernate-validator-8.0.1.Final.jar:/Users/guillermohuaman/.m2/repository/jakarta/validation/jakarta.validation-api/3.0.2/jakarta.validation-api-3.0.2.jar:/Users/guillermohuaman/.m2/repository/org/springframework/boot/spring-boot/3.3.4/spring-boot-3.3.4.jar:/Users/guillermohuaman/.m2/repository/org/springframework/boot/spring-boot-autoconfigure/3.3.4/spring-boot-autoconfigure-3.3.4.jar:/Users/guillermohuaman/.m2/repository/org/springdoc/springdoc-openapi-starter-webmvc-ui/2.1.0/springdoc-openapi-starter-webmvc-ui-2.1.0.jar:/Users/guillermohuaman/.m2/repository/org/springdoc/springdoc-openapi-starter-webmvc-api/2.1.0/springdoc-openapi-starter-webmvc-api-2.1.0.jar:/Users/guillermohuaman/.m2/repository/org/springdoc/springdoc-openapi-starter-common/2.1.0/springdoc-openapi-starter-common-2.1.0.jar:/Users/guillermohuaman/.m2/repository/io/swagger/core/v3/swagger-core-jakarta/2.2.9/swagger-core-jakarta-2.2.9.jar:/Users/guillermohuaman/.m2/repository/org/apache/commons/commons-lang3/3.14.0/commons-lang3-3.14.0.jar:/Users/guillermohuaman/.m2/repository/io/swagger/core/v3/swagger-annotations-jakarta/2.2.9/swagger-annotations-jakarta-2.2.9.jar:/Users/guillermohuaman/.m2/repository/io/swagger/core/v3/swagger-models-jakarta/2.2.9/swagger-models-jakarta-2.2.9.jar:/Users/guillermohuaman/.m2/repository/com/fasterxml/jackson/dataformat/jackson-dataformat-yaml/2.17.2/jackson-dataformat-yaml-2.17.2.jar:/Users/guillermohuaman/.m2/repository/org/webjars/swagger-ui/4.18.2/swagger-ui-4.18.2.jar:/Users/guillermohuaman/.m2/repository/org/mapstruct/mapstruct/1.5.5.Final/mapstruct-1.5.5.Final.jar:/Users/guillermohuaman/.m2/repository/org/mapstruct/mapstruct-processor/1.5.5.Final/mapstruct-processor-1.5.5.Final.jar:/Users/guillermohuaman/.m2/repository/jakarta/xml/bind/jakarta.xml.bind-api/4.0.2/jakarta.xml.bind-api-4.0.2.jar:/Users/guillermohuaman/.m2/repository/jakarta/activation/jakarta.activation-api/2.1.3/jakarta.activation-api-2.1.3.jar:/Users/guillermohuaman/.m2/repository/org/springframework/spring-core/6.1.13/spring-core-6.1.13.jar:/Users/guillermohuaman/.m2/repository/org/springframework/spring-jcl/6.1.13/spring-jcl-6.1.13.jar: -sourcepath /Users/guillermohuaman/Documents/Personal_projects/VetCare/vetcare/src/main/java:/Users/guillermohuaman/Documents/Personal_projects/VetCare/vetcare/target/generated-sources/annotations: -s /Users/guillermohuaman/Documents/Personal_projects/VetCare/vetcare/target/generated-sources/annotations -processorpath /Users/guillermohuaman/.m2/repository/org/projectlombok/lombok/1.18.30/lombok-1.18.30.jar:/Users/guillermohuaman/.m2/repository/org/mapstruct/mapstruct-processor/1.5.5.Final/mapstruct-processor-1.5.5.Final.jar: -g -parameters --release 21 -encoding UTF-8 -XDuseUnsharedTable=true
[DEBUG] incrementalBuildHelper#beforeRebuildExecution
[INFO] Compiling 57 source files with javac [debug parameters release 21] to target/classes
[DEBUG] incrementalBuildHelper#afterRebuildExecution
[INFO] /Users/guillermohuaman/Documents/Personal_projects/VetCare/vetcare/src/main/java/com/vetcare/dto/ClinicDTO.java: Some input files use or override a deprecated API.
[INFO] /Users/guillermohuaman/Documents/Personal_projects/VetCare/vetcare/src/main/java/com/vetcare/dto/ClinicDTO.java: Recompile with -Xlint:deprecation for details.
[INFO] 
[INFO] --- resources:3.3.1:testResources (default-testResources) @ vetcare ---
[DEBUG] Loading mojo org.apache.maven.plugins:maven-resources-plugin:3.3.1:testResources from plugin realm ClassRealm[plugin>org.apache.maven.plugins:maven-resources-plugin:3.3.1, parent: jdk.internal.loader.ClassLoaders$AppClassLoader@18ff02e4]
[DEBUG] Configuring mojo execution 'org.apache.maven.plugins:maven-resources-plugin:3.3.1:testResources:default-testResources' with basic configurator -->
[DEBUG]   (f) addDefaultExcludes = true
[DEBUG]   (f) buildFilters = []
[DEBUG]   (s) delimiters = [@]
[DEBUG]   (f) encoding = UTF-8
[DEBUG]   (f) escapeWindowsPaths = true
[DEBUG]   (f) fileNameFiltering = false
[DEBUG]   (s) includeEmptyDirs = false
[DEBUG]   (s) outputDirectory = /Users/guillermohuaman/Documents/Personal_projects/VetCare/vetcare/target/test-classes
[DEBUG]   (s) overwrite = false
[DEBUG]   (f) project = MavenProject: com.vetcare:vetcare:0.0.1-SNAPSHOT @ /Users/guillermohuaman/Documents/Personal_projects/VetCare/vetcare/pom.xml
[DEBUG]   (f) propertiesEncoding = UTF-8
[DEBUG]   (s) resources = [Resource {targetPath: null, filtering: false, FileSet {directory: /Users/guillermohuaman/Documents/Personal_projects/VetCare/vetcare/src/test/resources, PatternSet [includes: {}, excludes: {}]}}]
[DEBUG]   (f) session = org.apache.maven.execution.MavenSession@56a4f272
[DEBUG]   (f) skip = false
[DEBUG]   (f) supportMultiLineFiltering = false
[DEBUG]   (f) useBuildFilters = true
[DEBUG]   (s) useDefaultDelimiters = false
[DEBUG] -- end configuration --
[DEBUG] properties used:
[DEBUG] activemq.version: 6.1.3
[DEBUG] angus-mail.version: 2.0.3
[DEBUG] apple.awt.application.name: Launcher
[DEBUG] artemis.version: 2.33.0
[DEBUG] aspectj.version: 1.9.22.1
[DEBUG] assertj.version: 3.25.3
[DEBUG] awaitility.version: 4.2.2
[DEBUG] brave.version: 6.0.3
[DEBUG] build-helper-maven-plugin.version: 3.5.0
[DEBUG] byte-buddy.version: 1.14.19
[DEBUG] cache2k.version: 2.6.1.Final
[DEBUG] caffeine.version: 3.1.8
[DEBUG] cassandra-driver.version: 4.18.1
[DEBUG] classmate.version: 1.7.0
[DEBUG] classworlds.conf: /opt/homebrew/Cellar/maven/3.9.9/libexec/bin/m2.conf
[DEBUG] commons-codec.version: 1.16.1
[DEBUG] commons-dbcp2.version: 2.12.0
[DEBUG] commons-lang3.version: 3.14.0
[DEBUG] commons-pool.version: 1.6
[DEBUG] commons-pool2.version: 2.12.0
[DEBUG] couchbase-client.version: 3.6.3
[DEBUG] crac.version: 1.4.0
[DEBUG] cyclonedx-maven-plugin.version: 2.8.1
[DEBUG] db2-jdbc.version: 11.5.9.0
[DEBUG] dependency-management-plugin.version: 1.1.6
[DEBUG] derby.version: 10.16.1.1
[DEBUG] ehcache3.version: 3.10.8
[DEBUG] elasticsearch-client.version: 8.13.4
[DEBUG] env.COLORTERM: truecolor
[DEBUG] env.COMMAND_MODE: unix2003
[DEBUG] env.GIT_ASKPASS: /Applications/Visual Studio Code.app/Contents/Resources/app/extensions/git/dist/askpass.sh
[DEBUG] env.GIT_PAGER: cat
[DEBUG] env.HOME: /Users/guillermohuaman
[DEBUG] env.HOMEBREW_CELLAR: /opt/homebrew/Cellar
[DEBUG] env.HOMEBREW_PREFIX: /opt/homebrew
[DEBUG] env.HOMEBREW_REPOSITORY: /opt/homebrew
[DEBUG] env.INFOPATH: /opt/homebrew/share/info:/opt/homebrew/share/info:
[DEBUG] env.JAVA_HOME: /opt/homebrew/opt/openjdk/libexec/openjdk.jdk/Contents/Home
[DEBUG] env.LANG: en_US.UTF-8
[DEBUG] env.LESS: -R
[DEBUG] env.LOGNAME: guillermohuaman
[DEBUG] env.LSCOLORS: Gxfxcxdxbxegedabagacad
[DEBUG] env.LS_COLORS: no=00:fi=00:di=01;34:ln=00;36:pi=40;33:so=01;35:do=01;35:bd=40;33;01:cd=40;33;01:or=41;33;01:ex=00;32:*.cmd=00;32:*.exe=01;32:*.com=01;32:*.bat=01;32:*.btm=01;32:*.dll=01;32:*.tar=00;31:*.tbz=00;31:*.tgz=00;31:*.rpm=00;31:*.deb=00;31:*.arj=00;31:*.taz=00;31:*.lzh=00;31:*.lzma=00;31:*.zip=00;31:*.zoo=00;31:*.z=00;31:*.Z=00;31:*.gz=00;31:*.bz2=00;31:*.tb2=00;31:*.tz2=00;31:*.tbz2=00;31:*.avi=01;35:*.bmp=01;35:*.fli=01;35:*.gif=01;35:*.jpg=01;35:*.jpeg=01;35:*.mng=01;35:*.mov=01;35:*.mpg=01;35:*.pcx=01;35:*.pbm=01;35:*.pgm=01;35:*.png=01;35:*.ppm=01;35:*.tga=01;35:*.tif=01;35:*.xbm=01;35:*.xpm=01;35:*.dl=01;35:*.gl=01;35:*.wmv=01;35:*.aiff=00;32:*.au=00;32:*.mid=00;32:*.mp3=00;32:*.ogg=00;32:*.voc=00;32:*.wav=00;32:
[DEBUG] env.MAVEN_CMD_LINE_ARGS:  -DskipTests clean install -e -X
[DEBUG] env.MAVEN_PROJECTBASEDIR: /Users/guillermohuaman/Documents/Personal_projects/VetCare/vetcare
[DEBUG] env.MallocNanoZone: 0
[DEBUG] env.NVM_CD_FLAGS: -q
[DEBUG] env.NVM_DIR: /Users/guillermohuaman/.nvm
[DEBUG] env.NVM_RC_VERSION: 
[DEBUG] env.OLDPWD: /Users/guillermohuaman/Documents/Personal_projects/VetCare/vetcare
[DEBUG] env.PAGER: less
[DEBUG] env.PATH: /Users/guillermohuaman/.composer/vendor/bin:/Users/guillermohuaman/Library/Application Support/Code/User/globalStorage/github.copilot-chat/debugCommand:/Users/guillermohuaman/Library/Application Support/Code/User/globalStorage/github.copilot-chat/copilotCli:/Users/guillermohuaman/Library/Python/3.9/bin:/opt/homebrew/bin:/opt/homebrew/sbin:/usr/local/bin:/System/Cryptexes/App/usr/bin:/usr/bin:/bin:/usr/sbin:/sbin:/var/run/com.apple.security.cryptexd/codex.system/bootstrap/usr/local/bin:/var/run/com.apple.security.cryptexd/codex.system/bootstrap/usr/bin:/var/run/com.apple.security.cryptexd/codex.system/bootstrap/usr/appleinternal/bin:/Applications/Little Snitch.app/Contents/Components:/Users/guillermohuaman/Library/Application Support/Code/User/globalStorage/github.copilot-chat/debugCommand:/Users/guillermohuaman/Library/Application Support/Code/User/globalStorage/github.copilot-chat/copilotCli:/Users/guillermohuaman/.composer/vendor/bin:/Users/guillermohuaman/Library/Python/3.9/bin:/Users/guillermohuaman/.vscode/extensions/vscjava.vscode-java-debug-0.58.4/bundled/scripts/noConfigScripts
[DEBUG] env.PWD: /Users/guillermohuaman/Documents/Personal_projects/VetCare/vetcare
[DEBUG] env.SHELL: /bin/zsh
[DEBUG] env.SHLVL: 1
[DEBUG] env.SSH_AUTH_SOCK: /private/tmp/com.apple.launchd.XZR5XZB2sT/Listeners
[DEBUG] env.TERM: xterm-256color
[DEBUG] env.TERM_PROGRAM: vscode
[DEBUG] env.TERM_PROGRAM_VERSION: 1.107.0
[DEBUG] env.TMPDIR: /var/folders/41/ywbq3f6j33g0zhrfnfqkxc880000gn/T/
[DEBUG] env.USER: guillermohuaman
[DEBUG] env.USER_ZDOTDIR: /Users/guillermohuaman
[DEBUG] env.VSCODE_GIT_ASKPASS_EXTRA_ARGS: 
[DEBUG] env.VSCODE_GIT_ASKPASS_MAIN: /Applications/Visual Studio Code.app/Contents/Resources/app/extensions/git/dist/askpass-main.js
[DEBUG] env.VSCODE_GIT_ASKPASS_NODE: /Applications/Visual Studio Code.app/Contents/Frameworks/Code Helper (Plugin).app/Contents/MacOS/Code Helper (Plugin)
[DEBUG] env.VSCODE_GIT_IPC_HANDLE: /var/folders/41/ywbq3f6j33g0zhrfnfqkxc880000gn/T/vscode-git-dbc68e582d.sock
[DEBUG] env.VSCODE_INJECTION: 1
[DEBUG] env.VSCODE_JAVA_EXEC: /Library/Java/JavaVirtualMachines/temurin-21.jdk/Contents/Home/bin/java
[DEBUG] env.VSCODE_JDWP_ADAPTER_ENDPOINTS: /Users/guillermohuaman/.vscode/extensions/vscjava.vscode-java-debug-0.58.4/.noConfigDebugAdapterEndpoints/endpoint-699d766db7acbc78.txt
[DEBUG] env.VSCODE_PROFILE_INITIALIZED: 1
[DEBUG] env.VSCODE_PYTHON_AUTOACTIVATE_GUARD: 1
[DEBUG] env.XPC_FLAGS: 0x0
[DEBUG] env.XPC_SERVICE_NAME: 0
[DEBUG] env.ZDOTDIR: /Users/guillermohuaman
[DEBUG] env.ZSH: /Users/guillermohuaman/.oh-my-zsh
[DEBUG] env.__CFBundleIdentifier: com.microsoft.VSCode
[DEBUG] env.__CF_USER_TEXT_ENCODING: 0x1F5:0x0:0x56
[DEBUG] file.encoding: UTF-8
[DEBUG] file.separator: /
[DEBUG] flyway.version: 10.10.0
[DEBUG] freemarker.version: 2.3.33
[DEBUG] ftp.nonProxyHosts: local|*.local|169.254/16|*.169.254/16
[DEBUG] git-commit-id-maven-plugin.version: 8.0.2
[DEBUG] glassfish-jaxb.version: 4.0.5
[DEBUG] glassfish-jstl.version: 3.0.1
[DEBUG] graphql-java.version: 22.1
[DEBUG] groovy.version: 4.0.23
[DEBUG] gson.version: 2.10.1
[DEBUG] h2.version: 2.2.224
[DEBUG] hamcrest.version: 2.2
[DEBUG] hazelcast.version: 5.4.0
[DEBUG] hibernate-validator.version: 8.0.1.Final
[DEBUG] hibernate.version: 6.5.3.Final
[DEBUG] hikaricp.version: 5.1.0
[DEBUG] hsqldb.version: 2.7.3
[DEBUG] htmlunit.version: 2.70.0
[DEBUG] http.nonProxyHosts: local|*.local|169.254/16|*.169.254/16
[DEBUG] httpasyncclient.version: 4.1.5
[DEBUG] httpclient5.version: 5.3.1
[DEBUG] httpcore.version: 4.4.16
[DEBUG] httpcore5.version: 5.2.5
[DEBUG] infinispan.version: 15.0.8.Final
[DEBUG] influxdb-java.version: 2.24
[DEBUG] jackson-bom.version: 2.17.2
[DEBUG] jakarta-activation.version: 2.1.3
[DEBUG] jakarta-annotation.version: 2.1.1
[DEBUG] jakarta-inject.version: 2.0.1
[DEBUG] jakarta-jms.version: 3.1.0
[DEBUG] jakarta-json-bind.version: 3.0.1
[DEBUG] jakarta-json.version: 2.1.3
[DEBUG] jakarta-mail.version: 2.1.3
[DEBUG] jakarta-management.version: 1.1.4
[DEBUG] jakarta-persistence.version: 3.1.0
[DEBUG] jakarta-servlet-jsp-jstl.version: 3.0.2
[DEBUG] jakarta-servlet.version: 6.0.0
[DEBUG] jakarta-transaction.version: 2.0.1
[DEBUG] jakarta-validation.version: 3.0.2
[DEBUG] jakarta-websocket.version: 2.1.1
[DEBUG] jakarta-ws-rs.version: 3.1.0
[DEBUG] jakarta-xml-bind.version: 4.0.2
[DEBUG] jakarta-xml-soap.version: 3.0.2
[DEBUG] jakarta-xml-ws.version: 4.0.2
[DEBUG] janino.version: 3.1.12
[DEBUG] java.class.path: /opt/homebrew/Cellar/maven/3.9.9/libexec/boot/plexus-classworlds-2.8.0.jar
[DEBUG] java.class.version: 67.0
[DEBUG] java.home: /opt/homebrew/Cellar/openjdk/23.0.2/libexec/openjdk.jdk/Contents/Home
[DEBUG] java.io.tmpdir: /var/folders/41/ywbq3f6j33g0zhrfnfqkxc880000gn/T/
[DEBUG] java.library.path: /Users/guillermohuaman/Library/Java/Extensions:/Library/Java/Extensions:/Network/Library/Java/Extensions:/System/Library/Java/Extensions:/usr/lib/java:.
[DEBUG] java.runtime.name: OpenJDK Runtime Environment
[DEBUG] java.runtime.version: 23.0.2
[DEBUG] java.specification.name: Java Platform API Specification
[DEBUG] java.specification.vendor: Oracle Corporation
[DEBUG] java.specification.version: 23
[DEBUG] java.vendor: Homebrew
[DEBUG] java.vendor.url: https://github.com/Homebrew/homebrew-core/issues
[DEBUG] java.vendor.url.bug: https://github.com/Homebrew/homebrew-core/issues
[DEBUG] java.vendor.version: Homebrew
[DEBUG] java.version: 23.0.2
[DEBUG] java.version.date: 2025-01-21
[DEBUG] java.vm.compressedOopsMode: Zero based
[DEBUG] java.vm.info: mixed mode, sharing
[DEBUG] java.vm.name: OpenJDK 64-Bit Server VM
[DEBUG] java.vm.specification.name: Java Virtual Machine Specification
[DEBUG] java.vm.specification.vendor: Oracle Corporation
[DEBUG] java.vm.specification.version: 23
[DEBUG] java.vm.vendor: Homebrew
[DEBUG] java.vm.version: 23.0.2
[DEBUG] javax-cache.version: 1.1.1
[DEBUG] javax-money.version: 1.1
[DEBUG] jaxen.version: 2.0.0
[DEBUG] jaybird.version: 5.0.5.java11
[DEBUG] jboss-logging.version: 3.5.3.Final
[DEBUG] jdk.debug: release
[DEBUG] jdom2.version: 2.0.6.1
[DEBUG] jedis.version: 5.0.2
[DEBUG] jersey.version: 3.1.8
[DEBUG] jetty-reactive-httpclient.version: 4.0.7
[DEBUG] jetty.version: 12.0.13
[DEBUG] jmustache.version: 1.16
[DEBUG] jooq.version: 3.19.11
[DEBUG] json-path.version: 2.9.0
[DEBUG] json-smart.version: 2.5.1
[DEBUG] jsonassert.version: 1.5.3
[DEBUG] jtds.version: 1.3.1
[DEBUG] junit-jupiter.version: 5.10.3
[DEBUG] junit.version: 4.13.2
[DEBUG] kafka.version: 3.7.1
[DEBUG] kotlin-coroutines.version: 1.8.1
[DEBUG] kotlin-serialization.version: 1.6.3
[DEBUG] kotlin.version: 1.9.25
[DEBUG] lettuce.version: 6.3.2.RELEASE
[DEBUG] library.jansi.path: /opt/homebrew/Cellar/maven/3.9.9/libexec/lib/jansi-native
[DEBUG] line.separator: 

[DEBUG] liquibase.version: 4.27.0
[DEBUG] log4j2.version: 2.23.1
[DEBUG] logback.version: 1.5.8
[DEBUG] lombok.version: 1.18.34
[DEBUG] mariadb.version: 3.3.3
[DEBUG] maven-antrun-plugin.version: 3.1.0
[DEBUG] maven-assembly-plugin.version: 3.7.1
[DEBUG] maven-clean-plugin.version: 3.3.2
[DEBUG] maven-compiler-plugin.version: 3.13.0
[DEBUG] maven-dependency-plugin.version: 3.6.1
[DEBUG] maven-deploy-plugin.version: 3.1.3
[DEBUG] maven-enforcer-plugin.version: 3.4.1
[DEBUG] maven-failsafe-plugin.version: 3.2.5
[DEBUG] maven-help-plugin.version: 3.4.1
[DEBUG] maven-install-plugin.version: 3.1.3
[DEBUG] maven-invoker-plugin.version: 3.6.1
[DEBUG] maven-jar-plugin.version: 3.4.2
[DEBUG] maven-javadoc-plugin.version: 3.6.3
[DEBUG] maven-resources-plugin.version: 3.3.1
[DEBUG] maven-shade-plugin.version: 3.5.3
[DEBUG] maven-source-plugin.version: 3.3.1
[DEBUG] maven-surefire-plugin.version: 3.2.5
[DEBUG] maven-war-plugin.version: 3.4.0
[DEBUG] maven.build.timestamp: 2025-12-17T18:44:14Z
[DEBUG] maven.build.version: Apache Maven 3.9.9 (8e8579a9e76f7d015ee5ec7bfcdc97d260186937)
[DEBUG] maven.compiler.release: 21
[DEBUG] maven.conf: /opt/homebrew/Cellar/maven/3.9.9/libexec/conf
[DEBUG] maven.home: /opt/homebrew/Cellar/maven/3.9.9/libexec
[DEBUG] maven.multiModuleProjectDirectory: /Users/guillermohuaman/Documents/Personal_projects/VetCare/vetcare
[DEBUG] maven.version: 3.9.9
[DEBUG] micrometer-tracing.version: 1.3.4
[DEBUG] micrometer.version: 1.13.4
[DEBUG] mockito.version: 5.11.0
[DEBUG] mongodb.version: 5.0.1
[DEBUG] mssql-jdbc.version: 12.6.4.jre11
[DEBUG] mysql.version: 8.3.0
[DEBUG] native-build-tools-plugin.version: 0.10.3
[DEBUG] native.encoding: UTF-8
[DEBUG] nekohtml.version: 1.9.22
[DEBUG] neo4j-java-driver.version: 5.23.0
[DEBUG] netty.version: 4.1.113.Final
[DEBUG] okhttp.version: 4.12.0
[DEBUG] opentelemetry.version: 1.37.0
[DEBUG] oracle-database.version: 21.9.0.0
[DEBUG] oracle-r2dbc.version: 1.2.0
[DEBUG] os.arch: aarch64
[DEBUG] os.name: Mac OS X
[DEBUG] os.version: 15.6.1
[DEBUG] path.separator: :
[DEBUG] pooled-jms.version: 3.1.6
[DEBUG] postgresql.version: 42.7.4
[DEBUG] project.baseUri: file:/Users/guillermohuaman/Documents/Personal_projects/VetCare/vetcare/
[DEBUG] project.build.sourceEncoding: UTF-8
[DEBUG] project.reporting.outputEncoding: UTF-8
[DEBUG] prometheus-client.version: 1.2.1
[DEBUG] prometheus-simpleclient.version: 0.16.0
[DEBUG] pulsar-reactive.version: 0.5.7
[DEBUG] pulsar.version: 3.2.4
[DEBUG] quartz.version: 2.3.2
[DEBUG] querydsl.version: 5.1.0
[DEBUG] r2dbc-h2.version: 1.0.0.RELEASE
[DEBUG] r2dbc-mariadb.version: 1.2.2
[DEBUG] r2dbc-mssql.version: 1.0.2.RELEASE
[DEBUG] r2dbc-mysql.version: 1.1.3
[DEBUG] r2dbc-pool.version: 1.0.1.RELEASE
[DEBUG] r2dbc-postgresql.version: 1.0.5.RELEASE
[DEBUG] r2dbc-proxy.version: 1.1.5.RELEASE
[DEBUG] r2dbc-spi.version: 1.0.0.RELEASE
[DEBUG] rabbit-amqp-client.version: 5.21.0
[DEBUG] rabbit-stream-client.version: 0.15.0
[DEBUG] reactive-streams.version: 1.0.4
[DEBUG] reactor-bom.version: 2023.0.10
[DEBUG] resource.delimiter: @
[DEBUG] rest-assured.version: 5.4.0
[DEBUG] rsocket.version: 1.1.3
[DEBUG] rxjava3.version: 3.1.9
[DEBUG] saaj-impl.version: 3.0.4
[DEBUG] selenium-htmlunit.version: 4.13.0
[DEBUG] selenium.version: 4.19.1
[DEBUG] sendgrid.version: 4.10.3
[DEBUG] skipTests: true
[DEBUG] slf4j.version: 2.0.16
[DEBUG] snakeyaml.version: 2.2
[DEBUG] socksNonProxyHosts: local|*.local|169.254/16|*.169.254/16
[DEBUG] spring-amqp.version: 3.1.7
[DEBUG] spring-authorization-server.version: 1.3.2
[DEBUG] spring-batch.version: 5.1.2
[DEBUG] spring-boot.run.main-class: ${start-class}
[DEBUG] spring-data-bom.version: 2024.0.4
[DEBUG] spring-framework.version: 6.1.13
[DEBUG] spring-graphql.version: 1.3.2
[DEBUG] spring-hateoas.version: 2.3.3
[DEBUG] spring-integration.version: 6.3.4
[DEBUG] spring-kafka.version: 3.2.4
[DEBUG] spring-ldap.version: 3.2.6
[DEBUG] spring-pulsar.version: 1.1.4
[DEBUG] spring-restdocs.version: 3.0.1
[DEBUG] spring-retry.version: 2.0.9
[DEBUG] spring-security.version: 6.3.3
[DEBUG] spring-session.version: 3.3.2
[DEBUG] spring-ws.version: 4.0.11
[DEBUG] spring.boot.version: 3.3.4
[DEBUG] sqlite-jdbc.version: 3.45.3.0
[DEBUG] stderr.encoding: UTF-8
[DEBUG] stdout.encoding: UTF-8
[DEBUG] sun.arch.data.model: 64
[DEBUG] sun.boot.library.path: /opt/homebrew/Cellar/openjdk/23.0.2/libexec/openjdk.jdk/Contents/Home/lib
[DEBUG] sun.cpu.endian: little
[DEBUG] sun.io.unicode.encoding: UnicodeBig
[DEBUG] sun.java.command: org.codehaus.plexus.classworlds.launcher.Launcher -DskipTests clean install -e -X
[DEBUG] sun.java.launcher: SUN_STANDARD
[DEBUG] sun.jnu.encoding: UTF-8
[DEBUG] sun.management.compiler: HotSpot 64-Bit Tiered Compilers
[DEBUG] testcontainers.version: 1.19.8
[DEBUG] thymeleaf-extras-data-attribute.version: 2.0.1
[DEBUG] thymeleaf-extras-springsecurity.version: 3.1.2.RELEASE
[DEBUG] thymeleaf-layout-dialect.version: 3.3.0
[DEBUG] thymeleaf.version: 3.1.2.RELEASE
[DEBUG] tomcat.version: 10.1.30
[DEBUG] unboundid-ldapsdk.version: 6.0.11
[DEBUG] undertow.version: 2.3.17.Final
[DEBUG] user.country: 419
[DEBUG] user.dir: /Users/guillermohuaman/Documents/Personal_projects/VetCare/vetcare
[DEBUG] user.home: /Users/guillermohuaman
[DEBUG] user.language: es
[DEBUG] user.name: guillermohuaman
[DEBUG] versions-maven-plugin.version: 2.16.2
[DEBUG] webjars-locator-core.version: 0.58
[DEBUG] wsdl4j.version: 1.6.3
[DEBUG] xml-maven-plugin.version: 1.1.0
[DEBUG] xmlunit2.version: 2.9.1
[DEBUG] yasson.version: 3.0.4
[DEBUG] zipkin-reporter.version: 3.4.2
[DEBUG] Using 'UTF-8' encoding to copy filtered resources.
[DEBUG] Using 'UTF-8' encoding to copy filtered properties files.
[DEBUG] resource with targetPath null
directory /Users/guillermohuaman/Documents/Personal_projects/VetCare/vetcare/src/test/resources
excludes []
includes []
[INFO] skip non existing resourceDirectory /Users/guillermohuaman/Documents/Personal_projects/VetCare/vetcare/src/test/resources
[DEBUG] no user filter components
[INFO] 
[INFO] --- compiler:3.13.0:testCompile (default-testCompile) @ vetcare ---
[DEBUG] Loading mojo org.apache.maven.plugins:maven-compiler-plugin:3.13.0:testCompile from plugin realm ClassRealm[plugin>org.apache.maven.plugins:maven-compiler-plugin:3.13.0, parent: jdk.internal.loader.ClassLoaders$AppClassLoader@18ff02e4]
[DEBUG] Configuring mojo execution 'org.apache.maven.plugins:maven-compiler-plugin:3.13.0:testCompile:default-testCompile' with basic configurator -->
[DEBUG]   (s) groupId = org.projectlombok
[DEBUG]   (s) artifactId = lombok
[DEBUG]   (s) version = 1.18.30
[DEBUG]   (s) groupId = org.mapstruct
[DEBUG]   (s) artifactId = mapstruct-processor
[DEBUG]   (s) version = 1.5.5.Final
[DEBUG]   (f) annotationProcessorPaths = [org.projectlombok:lombok:1.18.30.jar, org.mapstruct:mapstruct-processor:1.5.5.Final.jar]
[DEBUG]   (f) annotationProcessorPathsUseDepMgmt = false
[DEBUG]   (f) basedir = /Users/guillermohuaman/Documents/Personal_projects/VetCare/vetcare
[DEBUG]   (f) buildDirectory = /Users/guillermohuaman/Documents/Personal_projects/VetCare/vetcare/target
[DEBUG]   (f) compileSourceRoots = [/Users/guillermohuaman/Documents/Personal_projects/VetCare/vetcare/src/test/java]
[DEBUG]   (f) compilerId = javac
[DEBUG]   (f) createMissingPackageInfoClass = true
[DEBUG]   (f) debug = true
[DEBUG]   (f) debugFileName = javac-test
[DEBUG]   (f) enablePreview = false
[DEBUG]   (f) encoding = UTF-8
[DEBUG]   (f) failOnError = true
[DEBUG]   (f) failOnWarning = false
[DEBUG]   (f) fileExtensions = [jar, class]
[DEBUG]   (f) forceJavacCompilerUse = false
[DEBUG]   (f) forceLegacyJavacApi = false
[DEBUG]   (f) fork = false
[DEBUG]   (f) generatedTestSourcesDirectory = /Users/guillermohuaman/Documents/Personal_projects/VetCare/vetcare/target/generated-test-sources/test-annotations
[DEBUG]   (f) mojoExecution = org.apache.maven.plugins:maven-compiler-plugin:3.13.0:testCompile {execution: default-testCompile}
[DEBUG]   (f) optimize = false
[DEBUG]   (f) outputDirectory = /Users/guillermohuaman/Documents/Personal_projects/VetCare/vetcare/target/test-classes
[DEBUG]   (f) parameters = true
[DEBUG]   (f) project = MavenProject: com.vetcare:vetcare:0.0.1-SNAPSHOT @ /Users/guillermohuaman/Documents/Personal_projects/VetCare/vetcare/pom.xml
[DEBUG]   (s) release = 21
[DEBUG]   (f) session = org.apache.maven.execution.MavenSession@56a4f272
[DEBUG]   (f) showCompilationChanges = false
[DEBUG]   (f) showDeprecation = false
[DEBUG]   (f) showWarnings = true
[DEBUG]   (f) skipMultiThreadWarning = false
[DEBUG]   (f) source = 1.8
[DEBUG]   (f) staleMillis = 0
[DEBUG]   (s) target = 1.8
[DEBUG]   (f) testPath = [/Users/guillermohuaman/Documents/Personal_projects/VetCare/vetcare/target/test-classes, /Users/guillermohuaman/Documents/Personal_projects/VetCare/vetcare/target/classes, /Users/guillermohuaman/.m2/repository/org/springframework/boot/spring-boot-starter-web/3.3.4/spring-boot-starter-web-3.3.4.jar, /Users/guillermohuaman/.m2/repository/org/springframework/boot/spring-boot-starter/3.3.4/spring-boot-starter-3.3.4.jar, /Users/guillermohuaman/.m2/repository/org/springframework/boot/spring-boot-starter-logging/3.3.4/spring-boot-starter-logging-3.3.4.jar, /Users/guillermohuaman/.m2/repository/ch/qos/logback/logback-classic/1.5.8/logback-classic-1.5.8.jar, /Users/guillermohuaman/.m2/repository/ch/qos/logback/logback-core/1.5.8/logback-core-1.5.8.jar, /Users/guillermohuaman/.m2/repository/org/apache/logging/log4j/log4j-to-slf4j/2.23.1/log4j-to-slf4j-2.23.1.jar, /Users/guillermohuaman/.m2/repository/org/apache/logging/log4j/log4j-api/2.23.1/log4j-api-2.23.1.jar, /Users/guillermohuaman/.m2/repository/org/slf4j/jul-to-slf4j/2.0.16/jul-to-slf4j-2.0.16.jar, /Users/guillermohuaman/.m2/repository/jakarta/annotation/jakarta.annotation-api/2.1.1/jakarta.annotation-api-2.1.1.jar, /Users/guillermohuaman/.m2/repository/org/yaml/snakeyaml/2.2/snakeyaml-2.2.jar, /Users/guillermohuaman/.m2/repository/org/springframework/boot/spring-boot-starter-json/3.3.4/spring-boot-starter-json-3.3.4.jar, /Users/guillermohuaman/.m2/repository/com/fasterxml/jackson/core/jackson-databind/2.17.2/jackson-databind-2.17.2.jar, /Users/guillermohuaman/.m2/repository/com/fasterxml/jackson/core/jackson-annotations/2.17.2/jackson-annotations-2.17.2.jar, /Users/guillermohuaman/.m2/repository/com/fasterxml/jackson/core/jackson-core/2.17.2/jackson-core-2.17.2.jar, /Users/guillermohuaman/.m2/repository/com/fasterxml/jackson/datatype/jackson-datatype-jdk8/2.17.2/jackson-datatype-jdk8-2.17.2.jar, /Users/guillermohuaman/.m2/repository/com/fasterxml/jackson/datatype/jackson-datatype-jsr310/2.17.2/jackson-datatype-jsr310-2.17.2.jar, /Users/guillermohuaman/.m2/repository/com/fasterxml/jackson/module/jackson-module-parameter-names/2.17.2/jackson-module-parameter-names-2.17.2.jar, /Users/guillermohuaman/.m2/repository/org/springframework/boot/spring-boot-starter-tomcat/3.3.4/spring-boot-starter-tomcat-3.3.4.jar, /Users/guillermohuaman/.m2/repository/org/apache/tomcat/embed/tomcat-embed-core/10.1.30/tomcat-embed-core-10.1.30.jar, /Users/guillermohuaman/.m2/repository/org/apache/tomcat/embed/tomcat-embed-websocket/10.1.30/tomcat-embed-websocket-10.1.30.jar, /Users/guillermohuaman/.m2/repository/org/springframework/spring-web/6.1.13/spring-web-6.1.13.jar, /Users/guillermohuaman/.m2/repository/org/springframework/spring-beans/6.1.13/spring-beans-6.1.13.jar, /Users/guillermohuaman/.m2/repository/io/micrometer/micrometer-observation/1.13.4/micrometer-observation-1.13.4.jar, /Users/guillermohuaman/.m2/repository/io/micrometer/micrometer-commons/1.13.4/micrometer-commons-1.13.4.jar, /Users/guillermohuaman/.m2/repository/org/springframework/spring-webmvc/6.1.13/spring-webmvc-6.1.13.jar, /Users/guillermohuaman/.m2/repository/org/springframework/spring-aop/6.1.13/spring-aop-6.1.13.jar, /Users/guillermohuaman/.m2/repository/org/springframework/spring-context/6.1.13/spring-context-6.1.13.jar, /Users/guillermohuaman/.m2/repository/org/springframework/spring-expression/6.1.13/spring-expression-6.1.13.jar, /Users/guillermohuaman/.m2/repository/org/springframework/boot/spring-boot-starter-data-jpa/3.3.4/spring-boot-starter-data-jpa-3.3.4.jar, /Users/guillermohuaman/.m2/repository/org/springframework/boot/spring-boot-starter-aop/3.3.4/spring-boot-starter-aop-3.3.4.jar, /Users/guillermohuaman/.m2/repository/org/aspectj/aspectjweaver/1.9.22.1/aspectjweaver-1.9.22.1.jar, /Users/guillermohuaman/.m2/repository/org/springframework/boot/spring-boot-starter-jdbc/3.3.4/spring-boot-starter-jdbc-3.3.4.jar, /Users/guillermohuaman/.m2/repository/com/zaxxer/HikariCP/5.1.0/HikariCP-5.1.0.jar, /Users/guillermohuaman/.m2/repository/org/springframework/spring-jdbc/6.1.13/spring-jdbc-6.1.13.jar, /Users/guillermohuaman/.m2/repository/org/hibernate/orm/hibernate-core/6.5.3.Final/hibernate-core-6.5.3.Final.jar, /Users/guillermohuaman/.m2/repository/jakarta/persistence/jakarta.persistence-api/3.1.0/jakarta.persistence-api-3.1.0.jar, /Users/guillermohuaman/.m2/repository/jakarta/transaction/jakarta.transaction-api/2.0.1/jakarta.transaction-api-2.0.1.jar, /Users/guillermohuaman/.m2/repository/org/jboss/logging/jboss-logging/3.5.3.Final/jboss-logging-3.5.3.Final.jar, /Users/guillermohuaman/.m2/repository/org/hibernate/common/hibernate-commons-annotations/6.0.6.Final/hibernate-commons-annotations-6.0.6.Final.jar, /Users/guillermohuaman/.m2/repository/io/smallrye/jandex/3.1.2/jandex-3.1.2.jar, /Users/guillermohuaman/.m2/repository/com/fasterxml/classmate/1.7.0/classmate-1.7.0.jar, /Users/guillermohuaman/.m2/repository/net/bytebuddy/byte-buddy/1.14.19/byte-buddy-1.14.19.jar, /Users/guillermohuaman/.m2/repository/org/glassfish/jaxb/jaxb-runtime/4.0.5/jaxb-runtime-4.0.5.jar, /Users/guillermohuaman/.m2/repository/org/glassfish/jaxb/jaxb-core/4.0.5/jaxb-core-4.0.5.jar, /Users/guillermohuaman/.m2/repository/org/eclipse/angus/angus-activation/2.0.2/angus-activation-2.0.2.jar, /Users/guillermohuaman/.m2/repository/org/glassfish/jaxb/txw2/4.0.5/txw2-4.0.5.jar, /Users/guillermohuaman/.m2/repository/com/sun/istack/istack-commons-runtime/4.1.2/istack-commons-runtime-4.1.2.jar, /Users/guillermohuaman/.m2/repository/jakarta/inject/jakarta.inject-api/2.0.1/jakarta.inject-api-2.0.1.jar, /Users/guillermohuaman/.m2/repository/org/antlr/antlr4-runtime/4.13.0/antlr4-runtime-4.13.0.jar, /Users/guillermohuaman/.m2/repository/org/springframework/data/spring-data-jpa/3.3.4/spring-data-jpa-3.3.4.jar, /Users/guillermohuaman/.m2/repository/org/springframework/data/spring-data-commons/3.3.4/spring-data-commons-3.3.4.jar, /Users/guillermohuaman/.m2/repository/org/springframework/spring-orm/6.1.13/spring-orm-6.1.13.jar, /Users/guillermohuaman/.m2/repository/org/springframework/spring-tx/6.1.13/spring-tx-6.1.13.jar, /Users/guillermohuaman/.m2/repository/org/slf4j/slf4j-api/2.0.16/slf4j-api-2.0.16.jar, /Users/guillermohuaman/.m2/repository/org/springframework/spring-aspects/6.1.13/spring-aspects-6.1.13.jar, /Users/guillermohuaman/.m2/repository/com/mysql/mysql-connector-j/8.3.0/mysql-connector-j-8.3.0.jar, /Users/guillermohuaman/.m2/repository/org/projectlombok/lombok/1.18.30/lombok-1.18.30.jar, /Users/guillermohuaman/.m2/repository/org/springframework/boot/spring-boot-starter-validation/3.3.4/spring-boot-starter-validation-3.3.4.jar, /Users/guillermohuaman/.m2/repository/org/apache/tomcat/embed/tomcat-embed-el/10.1.30/tomcat-embed-el-10.1.30.jar, /Users/guillermohuaman/.m2/repository/org/hibernate/validator/hibernate-validator/8.0.1.Final/hibernate-validator-8.0.1.Final.jar, /Users/guillermohuaman/.m2/repository/jakarta/validation/jakarta.validation-api/3.0.2/jakarta.validation-api-3.0.2.jar, /Users/guillermohuaman/.m2/repository/org/springframework/boot/spring-boot-devtools/3.3.4/spring-boot-devtools-3.3.4.jar, /Users/guillermohuaman/.m2/repository/org/springframework/boot/spring-boot/3.3.4/spring-boot-3.3.4.jar, /Users/guillermohuaman/.m2/repository/org/springframework/boot/spring-boot-autoconfigure/3.3.4/spring-boot-autoconfigure-3.3.4.jar, /Users/guillermohuaman/.m2/repository/org/springdoc/springdoc-openapi-starter-webmvc-ui/2.1.0/springdoc-openapi-starter-webmvc-ui-2.1.0.jar, /Users/guillermohuaman/.m2/repository/org/springdoc/springdoc-openapi-starter-webmvc-api/2.1.0/springdoc-openapi-starter-webmvc-api-2.1.0.jar, /Users/guillermohuaman/.m2/repository/org/springdoc/springdoc-openapi-starter-common/2.1.0/springdoc-openapi-starter-common-2.1.0.jar, /Users/guillermohuaman/.m2/repository/io/swagger/core/v3/swagger-core-jakarta/2.2.9/swagger-core-jakarta-2.2.9.jar, /Users/guillermohuaman/.m2/repository/org/apache/commons/commons-lang3/3.14.0/commons-lang3-3.14.0.jar, /Users/guillermohuaman/.m2/repository/io/swagger/core/v3/swagger-annotations-jakarta/2.2.9/swagger-annotations-jakarta-2.2.9.jar, /Users/guillermohuaman/.m2/repository/io/swagger/core/v3/swagger-models-jakarta/2.2.9/swagger-models-jakarta-2.2.9.jar, /Users/guillermohuaman/.m2/repository/com/fasterxml/jackson/dataformat/jackson-dataformat-yaml/2.17.2/jackson-dataformat-yaml-2.17.2.jar, /Users/guillermohuaman/.m2/repository/org/webjars/swagger-ui/4.18.2/swagger-ui-4.18.2.jar, /Users/guillermohuaman/.m2/repository/org/mapstruct/mapstruct/1.5.5.Final/mapstruct-1.5.5.Final.jar, /Users/guillermohuaman/.m2/repository/org/mapstruct/mapstruct-processor/1.5.5.Final/mapstruct-processor-1.5.5.Final.jar, /Users/guillermohuaman/.m2/repository/org/springframework/boot/spring-boot-starter-test/3.3.4/spring-boot-starter-test-3.3.4.jar, /Users/guillermohuaman/.m2/repository/org/springframework/boot/spring-boot-test/3.3.4/spring-boot-test-3.3.4.jar, /Users/guillermohuaman/.m2/repository/org/springframework/boot/spring-boot-test-autoconfigure/3.3.4/spring-boot-test-autoconfigure-3.3.4.jar, /Users/guillermohuaman/.m2/repository/com/jayway/jsonpath/json-path/2.9.0/json-path-2.9.0.jar, /Users/guillermohuaman/.m2/repository/jakarta/xml/bind/jakarta.xml.bind-api/4.0.2/jakarta.xml.bind-api-4.0.2.jar, /Users/guillermohuaman/.m2/repository/jakarta/activation/jakarta.activation-api/2.1.3/jakarta.activation-api-2.1.3.jar, /Users/guillermohuaman/.m2/repository/net/minidev/json-smart/2.5.1/json-smart-2.5.1.jar, /Users/guillermohuaman/.m2/repository/net/minidev/accessors-smart/2.5.1/accessors-smart-2.5.1.jar, /Users/guillermohuaman/.m2/repository/org/ow2/asm/asm/9.6/asm-9.6.jar, /Users/guillermohuaman/.m2/repository/org/assertj/assertj-core/3.25.3/assertj-core-3.25.3.jar, /Users/guillermohuaman/.m2/repository/org/awaitility/awaitility/4.2.2/awaitility-4.2.2.jar, /Users/guillermohuaman/.m2/repository/org/hamcrest/hamcrest/2.2/hamcrest-2.2.jar, /Users/guillermohuaman/.m2/repository/org/junit/jupiter/junit-jupiter/5.10.3/junit-jupiter-5.10.3.jar, /Users/guillermohuaman/.m2/repository/org/junit/jupiter/junit-jupiter-api/5.10.3/junit-jupiter-api-5.10.3.jar, /Users/guillermohuaman/.m2/repository/org/opentest4j/opentest4j/1.3.0/opentest4j-1.3.0.jar, /Users/guillermohuaman/.m2/repository/org/junit/platform/junit-platform-commons/1.10.3/junit-platform-commons-1.10.3.jar, /Users/guillermohuaman/.m2/repository/org/apiguardian/apiguardian-api/1.1.2/apiguardian-api-1.1.2.jar, /Users/guillermohuaman/.m2/repository/org/junit/jupiter/junit-jupiter-params/5.10.3/junit-jupiter-params-5.10.3.jar, /Users/guillermohuaman/.m2/repository/org/junit/jupiter/junit-jupiter-engine/5.10.3/junit-jupiter-engine-5.10.3.jar, /Users/guillermohuaman/.m2/repository/org/junit/platform/junit-platform-engine/1.10.3/junit-platform-engine-1.10.3.jar, /Users/guillermohuaman/.m2/repository/org/mockito/mockito-core/5.11.0/mockito-core-5.11.0.jar, /Users/guillermohuaman/.m2/repository/net/bytebuddy/byte-buddy-agent/1.14.19/byte-buddy-agent-1.14.19.jar, /Users/guillermohuaman/.m2/repository/org/objenesis/objenesis/3.3/objenesis-3.3.jar, /Users/guillermohuaman/.m2/repository/org/mockito/mockito-junit-jupiter/5.11.0/mockito-junit-jupiter-5.11.0.jar, /Users/guillermohuaman/.m2/repository/org/skyscreamer/jsonassert/1.5.3/jsonassert-1.5.3.jar, /Users/guillermohuaman/.m2/repository/com/vaadin/external/google/android-json/0.0.20131108.vaadin1/android-json-0.0.20131108.vaadin1.jar, /Users/guillermohuaman/.m2/repository/org/springframework/spring-core/6.1.13/spring-core-6.1.13.jar, /Users/guillermohuaman/.m2/repository/org/springframework/spring-jcl/6.1.13/spring-jcl-6.1.13.jar, /Users/guillermohuaman/.m2/repository/org/springframework/spring-test/6.1.13/spring-test-6.1.13.jar, /Users/guillermohuaman/.m2/repository/org/xmlunit/xmlunit-core/2.9.1/xmlunit-core-2.9.1.jar]
[DEBUG]   (f) useIncrementalCompilation = true
[DEBUG]   (f) useModulePath = true
[DEBUG]   (f) verbose = false
[DEBUG] -- end configuration --
[DEBUG] Using compiler 'javac'.
[DEBUG] Adding /Users/guillermohuaman/Documents/Personal_projects/VetCare/vetcare/target/generated-test-sources/test-annotations to test-compile source roots:
  /Users/guillermohuaman/Documents/Personal_projects/VetCare/vetcare/src/test/java
[DEBUG] New test-compile source roots:
  /Users/guillermohuaman/Documents/Personal_projects/VetCare/vetcare/src/test/java
  /Users/guillermohuaman/Documents/Personal_projects/VetCare/vetcare/target/generated-test-sources/test-annotations
[DEBUG] Dependency collection stats {ConflictMarker.analyzeTime=37500, ConflictMarker.markTime=7458, ConflictMarker.nodeCount=3, ConflictIdSorter.graphTime=15792, ConflictIdSorter.topsortTime=3916, ConflictIdSorter.conflictIdCount=2, ConflictIdSorter.conflictIdCycleCount=0, ConflictResolver.totalTime=74292, ConflictResolver.conflictItemCount=2, DfDependencyCollector.collectTime=164000, DfDependencyCollector.transformTime=145458}
[DEBUG] CompilerReuseStrategy: reuseCreated
[DEBUG] useIncrementalCompilation enabled
[INFO] 	New dependency detected: /Users/guillermohuaman/Documents/Personal_projects/VetCare/vetcare/target/classes/com/vetcare/dto/UpdatePetDTO$UpdatePetDTOBuilder.class
[INFO] 	Stale source detected: /Users/guillermohuaman/Documents/Personal_projects/VetCare/vetcare/src/test/java/com/vetcare/AppTest.java
[INFO] 	Input tree files (+): /Users/guillermohuaman/Documents/Personal_projects/VetCare/vetcare/src/test/java/com/vetcare/AppTest.java
[INFO] Recompiling the module because of changed dependency.
[DEBUG] Classpath:
[DEBUG]  /Users/guillermohuaman/Documents/Personal_projects/VetCare/vetcare/target/test-classes
[DEBUG]  /Users/guillermohuaman/Documents/Personal_projects/VetCare/vetcare/target/classes
[DEBUG]  /Users/guillermohuaman/.m2/repository/org/springframework/boot/spring-boot-starter-web/3.3.4/spring-boot-starter-web-3.3.4.jar
[DEBUG]  /Users/guillermohuaman/.m2/repository/org/springframework/boot/spring-boot-starter/3.3.4/spring-boot-starter-3.3.4.jar
[DEBUG]  /Users/guillermohuaman/.m2/repository/org/springframework/boot/spring-boot-starter-logging/3.3.4/spring-boot-starter-logging-3.3.4.jar
[DEBUG]  /Users/guillermohuaman/.m2/repository/ch/qos/logback/logback-classic/1.5.8/logback-classic-1.5.8.jar
[DEBUG]  /Users/guillermohuaman/.m2/repository/ch/qos/logback/logback-core/1.5.8/logback-core-1.5.8.jar
[DEBUG]  /Users/guillermohuaman/.m2/repository/org/apache/logging/log4j/log4j-to-slf4j/2.23.1/log4j-to-slf4j-2.23.1.jar
[DEBUG]  /Users/guillermohuaman/.m2/repository/org/apache/logging/log4j/log4j-api/2.23.1/log4j-api-2.23.1.jar
[DEBUG]  /Users/guillermohuaman/.m2/repository/org/slf4j/jul-to-slf4j/2.0.16/jul-to-slf4j-2.0.16.jar
[DEBUG]  /Users/guillermohuaman/.m2/repository/jakarta/annotation/jakarta.annotation-api/2.1.1/jakarta.annotation-api-2.1.1.jar
[DEBUG]  /Users/guillermohuaman/.m2/repository/org/yaml/snakeyaml/2.2/snakeyaml-2.2.jar
[DEBUG]  /Users/guillermohuaman/.m2/repository/org/springframework/boot/spring-boot-starter-json/3.3.4/spring-boot-starter-json-3.3.4.jar
[DEBUG]  /Users/guillermohuaman/.m2/repository/com/fasterxml/jackson/core/jackson-databind/2.17.2/jackson-databind-2.17.2.jar
[DEBUG]  /Users/guillermohuaman/.m2/repository/com/fasterxml/jackson/core/jackson-annotations/2.17.2/jackson-annotations-2.17.2.jar
[DEBUG]  /Users/guillermohuaman/.m2/repository/com/fasterxml/jackson/core/jackson-core/2.17.2/jackson-core-2.17.2.jar
[DEBUG]  /Users/guillermohuaman/.m2/repository/com/fasterxml/jackson/datatype/jackson-datatype-jdk8/2.17.2/jackson-datatype-jdk8-2.17.2.jar
[DEBUG]  /Users/guillermohuaman/.m2/repository/com/fasterxml/jackson/datatype/jackson-datatype-jsr310/2.17.2/jackson-datatype-jsr310-2.17.2.jar
[DEBUG]  /Users/guillermohuaman/.m2/repository/com/fasterxml/jackson/module/jackson-module-parameter-names/2.17.2/jackson-module-parameter-names-2.17.2.jar
[DEBUG]  /Users/guillermohuaman/.m2/repository/org/springframework/boot/spring-boot-starter-tomcat/3.3.4/spring-boot-starter-tomcat-3.3.4.jar
[DEBUG]  /Users/guillermohuaman/.m2/repository/org/apache/tomcat/embed/tomcat-embed-core/10.1.30/tomcat-embed-core-10.1.30.jar
[DEBUG]  /Users/guillermohuaman/.m2/repository/org/apache/tomcat/embed/tomcat-embed-websocket/10.1.30/tomcat-embed-websocket-10.1.30.jar
[DEBUG]  /Users/guillermohuaman/.m2/repository/org/springframework/spring-web/6.1.13/spring-web-6.1.13.jar
[DEBUG]  /Users/guillermohuaman/.m2/repository/org/springframework/spring-beans/6.1.13/spring-beans-6.1.13.jar
[DEBUG]  /Users/guillermohuaman/.m2/repository/io/micrometer/micrometer-observation/1.13.4/micrometer-observation-1.13.4.jar
[DEBUG]  /Users/guillermohuaman/.m2/repository/io/micrometer/micrometer-commons/1.13.4/micrometer-commons-1.13.4.jar
[DEBUG]  /Users/guillermohuaman/.m2/repository/org/springframework/spring-webmvc/6.1.13/spring-webmvc-6.1.13.jar
[DEBUG]  /Users/guillermohuaman/.m2/repository/org/springframework/spring-aop/6.1.13/spring-aop-6.1.13.jar
[DEBUG]  /Users/guillermohuaman/.m2/repository/org/springframework/spring-context/6.1.13/spring-context-6.1.13.jar
[DEBUG]  /Users/guillermohuaman/.m2/repository/org/springframework/spring-expression/6.1.13/spring-expression-6.1.13.jar
[DEBUG]  /Users/guillermohuaman/.m2/repository/org/springframework/boot/spring-boot-starter-data-jpa/3.3.4/spring-boot-starter-data-jpa-3.3.4.jar
[DEBUG]  /Users/guillermohuaman/.m2/repository/org/springframework/boot/spring-boot-starter-aop/3.3.4/spring-boot-starter-aop-3.3.4.jar
[DEBUG]  /Users/guillermohuaman/.m2/repository/org/aspectj/aspectjweaver/1.9.22.1/aspectjweaver-1.9.22.1.jar
[DEBUG]  /Users/guillermohuaman/.m2/repository/org/springframework/boot/spring-boot-starter-jdbc/3.3.4/spring-boot-starter-jdbc-3.3.4.jar
[DEBUG]  /Users/guillermohuaman/.m2/repository/com/zaxxer/HikariCP/5.1.0/HikariCP-5.1.0.jar
[DEBUG]  /Users/guillermohuaman/.m2/repository/org/springframework/spring-jdbc/6.1.13/spring-jdbc-6.1.13.jar
[DEBUG]  /Users/guillermohuaman/.m2/repository/org/hibernate/orm/hibernate-core/6.5.3.Final/hibernate-core-6.5.3.Final.jar
[DEBUG]  /Users/guillermohuaman/.m2/repository/jakarta/persistence/jakarta.persistence-api/3.1.0/jakarta.persistence-api-3.1.0.jar
[DEBUG]  /Users/guillermohuaman/.m2/repository/jakarta/transaction/jakarta.transaction-api/2.0.1/jakarta.transaction-api-2.0.1.jar
[DEBUG]  /Users/guillermohuaman/.m2/repository/org/jboss/logging/jboss-logging/3.5.3.Final/jboss-logging-3.5.3.Final.jar
[DEBUG]  /Users/guillermohuaman/.m2/repository/org/hibernate/common/hibernate-commons-annotations/6.0.6.Final/hibernate-commons-annotations-6.0.6.Final.jar
[DEBUG]  /Users/guillermohuaman/.m2/repository/io/smallrye/jandex/3.1.2/jandex-3.1.2.jar
[DEBUG]  /Users/guillermohuaman/.m2/repository/com/fasterxml/classmate/1.7.0/classmate-1.7.0.jar
[DEBUG]  /Users/guillermohuaman/.m2/repository/net/bytebuddy/byte-buddy/1.14.19/byte-buddy-1.14.19.jar
[DEBUG]  /Users/guillermohuaman/.m2/repository/org/glassfish/jaxb/jaxb-runtime/4.0.5/jaxb-runtime-4.0.5.jar
[DEBUG]  /Users/guillermohuaman/.m2/repository/org/glassfish/jaxb/jaxb-core/4.0.5/jaxb-core-4.0.5.jar
[DEBUG]  /Users/guillermohuaman/.m2/repository/org/eclipse/angus/angus-activation/2.0.2/angus-activation-2.0.2.jar
[DEBUG]  /Users/guillermohuaman/.m2/repository/org/glassfish/jaxb/txw2/4.0.5/txw2-4.0.5.jar
[DEBUG]  /Users/guillermohuaman/.m2/repository/com/sun/istack/istack-commons-runtime/4.1.2/istack-commons-runtime-4.1.2.jar
[DEBUG]  /Users/guillermohuaman/.m2/repository/jakarta/inject/jakarta.inject-api/2.0.1/jakarta.inject-api-2.0.1.jar
[DEBUG]  /Users/guillermohuaman/.m2/repository/org/antlr/antlr4-runtime/4.13.0/antlr4-runtime-4.13.0.jar
[DEBUG]  /Users/guillermohuaman/.m2/repository/org/springframework/data/spring-data-jpa/3.3.4/spring-data-jpa-3.3.4.jar
[DEBUG]  /Users/guillermohuaman/.m2/repository/org/springframework/data/spring-data-commons/3.3.4/spring-data-commons-3.3.4.jar
[DEBUG]  /Users/guillermohuaman/.m2/repository/org/springframework/spring-orm/6.1.13/spring-orm-6.1.13.jar
[DEBUG]  /Users/guillermohuaman/.m2/repository/org/springframework/spring-tx/6.1.13/spring-tx-6.1.13.jar
[DEBUG]  /Users/guillermohuaman/.m2/repository/org/slf4j/slf4j-api/2.0.16/slf4j-api-2.0.16.jar
[DEBUG]  /Users/guillermohuaman/.m2/repository/org/springframework/spring-aspects/6.1.13/spring-aspects-6.1.13.jar
[DEBUG]  /Users/guillermohuaman/.m2/repository/com/mysql/mysql-connector-j/8.3.0/mysql-connector-j-8.3.0.jar
[DEBUG]  /Users/guillermohuaman/.m2/repository/org/projectlombok/lombok/1.18.30/lombok-1.18.30.jar
[DEBUG]  /Users/guillermohuaman/.m2/repository/org/springframework/boot/spring-boot-starter-validation/3.3.4/spring-boot-starter-validation-3.3.4.jar
[DEBUG]  /Users/guillermohuaman/.m2/repository/org/apache/tomcat/embed/tomcat-embed-el/10.1.30/tomcat-embed-el-10.1.30.jar
[DEBUG]  /Users/guillermohuaman/.m2/repository/org/hibernate/validator/hibernate-validator/8.0.1.Final/hibernate-validator-8.0.1.Final.jar
[DEBUG]  /Users/guillermohuaman/.m2/repository/jakarta/validation/jakarta.validation-api/3.0.2/jakarta.validation-api-3.0.2.jar
[DEBUG]  /Users/guillermohuaman/.m2/repository/org/springframework/boot/spring-boot-devtools/3.3.4/spring-boot-devtools-3.3.4.jar
[DEBUG]  /Users/guillermohuaman/.m2/repository/org/springframework/boot/spring-boot/3.3.4/spring-boot-3.3.4.jar
[DEBUG]  /Users/guillermohuaman/.m2/repository/org/springframework/boot/spring-boot-autoconfigure/3.3.4/spring-boot-autoconfigure-3.3.4.jar
[DEBUG]  /Users/guillermohuaman/.m2/repository/org/springdoc/springdoc-openapi-starter-webmvc-ui/2.1.0/springdoc-openapi-starter-webmvc-ui-2.1.0.jar
[DEBUG]  /Users/guillermohuaman/.m2/repository/org/springdoc/springdoc-openapi-starter-webmvc-api/2.1.0/springdoc-openapi-starter-webmvc-api-2.1.0.jar
[DEBUG]  /Users/guillermohuaman/.m2/repository/org/springdoc/springdoc-openapi-starter-common/2.1.0/springdoc-openapi-starter-common-2.1.0.jar
[DEBUG]  /Users/guillermohuaman/.m2/repository/io/swagger/core/v3/swagger-core-jakarta/2.2.9/swagger-core-jakarta-2.2.9.jar
[DEBUG]  /Users/guillermohuaman/.m2/repository/org/apache/commons/commons-lang3/3.14.0/commons-lang3-3.14.0.jar
[DEBUG]  /Users/guillermohuaman/.m2/repository/io/swagger/core/v3/swagger-annotations-jakarta/2.2.9/swagger-annotations-jakarta-2.2.9.jar
[DEBUG]  /Users/guillermohuaman/.m2/repository/io/swagger/core/v3/swagger-models-jakarta/2.2.9/swagger-models-jakarta-2.2.9.jar
[DEBUG]  /Users/guillermohuaman/.m2/repository/com/fasterxml/jackson/dataformat/jackson-dataformat-yaml/2.17.2/jackson-dataformat-yaml-2.17.2.jar
[DEBUG]  /Users/guillermohuaman/.m2/repository/org/webjars/swagger-ui/4.18.2/swagger-ui-4.18.2.jar
[DEBUG]  /Users/guillermohuaman/.m2/repository/org/mapstruct/mapstruct/1.5.5.Final/mapstruct-1.5.5.Final.jar
[DEBUG]  /Users/guillermohuaman/.m2/repository/org/mapstruct/mapstruct-processor/1.5.5.Final/mapstruct-processor-1.5.5.Final.jar
[DEBUG]  /Users/guillermohuaman/.m2/repository/org/springframework/boot/spring-boot-starter-test/3.3.4/spring-boot-starter-test-3.3.4.jar
[DEBUG]  /Users/guillermohuaman/.m2/repository/org/springframework/boot/spring-boot-test/3.3.4/spring-boot-test-3.3.4.jar
[DEBUG]  /Users/guillermohuaman/.m2/repository/org/springframework/boot/spring-boot-test-autoconfigure/3.3.4/spring-boot-test-autoconfigure-3.3.4.jar
[DEBUG]  /Users/guillermohuaman/.m2/repository/com/jayway/jsonpath/json-path/2.9.0/json-path-2.9.0.jar
[DEBUG]  /Users/guillermohuaman/.m2/repository/jakarta/xml/bind/jakarta.xml.bind-api/4.0.2/jakarta.xml.bind-api-4.0.2.jar
[DEBUG]  /Users/guillermohuaman/.m2/repository/jakarta/activation/jakarta.activation-api/2.1.3/jakarta.activation-api-2.1.3.jar
[DEBUG]  /Users/guillermohuaman/.m2/repository/net/minidev/json-smart/2.5.1/json-smart-2.5.1.jar
[DEBUG]  /Users/guillermohuaman/.m2/repository/net/minidev/accessors-smart/2.5.1/accessors-smart-2.5.1.jar
[DEBUG]  /Users/guillermohuaman/.m2/repository/org/ow2/asm/asm/9.6/asm-9.6.jar
[DEBUG]  /Users/guillermohuaman/.m2/repository/org/assertj/assertj-core/3.25.3/assertj-core-3.25.3.jar
[DEBUG]  /Users/guillermohuaman/.m2/repository/org/awaitility/awaitility/4.2.2/awaitility-4.2.2.jar
[DEBUG]  /Users/guillermohuaman/.m2/repository/org/hamcrest/hamcrest/2.2/hamcrest-2.2.jar
[DEBUG]  /Users/guillermohuaman/.m2/repository/org/junit/jupiter/junit-jupiter/5.10.3/junit-jupiter-5.10.3.jar
[DEBUG]  /Users/guillermohuaman/.m2/repository/org/junit/jupiter/junit-jupiter-api/5.10.3/junit-jupiter-api-5.10.3.jar
[DEBUG]  /Users/guillermohuaman/.m2/repository/org/opentest4j/opentest4j/1.3.0/opentest4j-1.3.0.jar
[DEBUG]  /Users/guillermohuaman/.m2/repository/org/junit/platform/junit-platform-commons/1.10.3/junit-platform-commons-1.10.3.jar
[DEBUG]  /Users/guillermohuaman/.m2/repository/org/apiguardian/apiguardian-api/1.1.2/apiguardian-api-1.1.2.jar
[DEBUG]  /Users/guillermohuaman/.m2/repository/org/junit/jupiter/junit-jupiter-params/5.10.3/junit-jupiter-params-5.10.3.jar
[DEBUG]  /Users/guillermohuaman/.m2/repository/org/junit/jupiter/junit-jupiter-engine/5.10.3/junit-jupiter-engine-5.10.3.jar
[DEBUG]  /Users/guillermohuaman/.m2/repository/org/junit/platform/junit-platform-engine/1.10.3/junit-platform-engine-1.10.3.jar
[DEBUG]  /Users/guillermohuaman/.m2/repository/org/mockito/mockito-core/5.11.0/mockito-core-5.11.0.jar
[DEBUG]  /Users/guillermohuaman/.m2/repository/net/bytebuddy/byte-buddy-agent/1.14.19/byte-buddy-agent-1.14.19.jar
[DEBUG]  /Users/guillermohuaman/.m2/repository/org/objenesis/objenesis/3.3/objenesis-3.3.jar
[DEBUG]  /Users/guillermohuaman/.m2/repository/org/mockito/mockito-junit-jupiter/5.11.0/mockito-junit-jupiter-5.11.0.jar
[DEBUG]  /Users/guillermohuaman/.m2/repository/org/skyscreamer/jsonassert/1.5.3/jsonassert-1.5.3.jar
[DEBUG]  /Users/guillermohuaman/.m2/repository/com/vaadin/external/google/android-json/0.0.20131108.vaadin1/android-json-0.0.20131108.vaadin1.jar
[DEBUG]  /Users/guillermohuaman/.m2/repository/org/springframework/spring-core/6.1.13/spring-core-6.1.13.jar
[DEBUG]  /Users/guillermohuaman/.m2/repository/org/springframework/spring-jcl/6.1.13/spring-jcl-6.1.13.jar
[DEBUG]  /Users/guillermohuaman/.m2/repository/org/springframework/spring-test/6.1.13/spring-test-6.1.13.jar
[DEBUG]  /Users/guillermohuaman/.m2/repository/org/xmlunit/xmlunit-core/2.9.1/xmlunit-core-2.9.1.jar
[DEBUG] Source roots:
[DEBUG]  /Users/guillermohuaman/Documents/Personal_projects/VetCare/vetcare/src/test/java
[DEBUG]  /Users/guillermohuaman/Documents/Personal_projects/VetCare/vetcare/target/generated-test-sources/test-annotations
[DEBUG] Command line options:
[DEBUG] -d /Users/guillermohuaman/Documents/Personal_projects/VetCare/vetcare/target/test-classes -classpath /Users/guillermohuaman/Documents/Personal_projects/VetCare/vetcare/target/test-classes:/Users/guillermohuaman/Documents/Personal_projects/VetCare/vetcare/target/classes:/Users/guillermohuaman/.m2/repository/org/springframework/boot/spring-boot-starter-web/3.3.4/spring-boot-starter-web-3.3.4.jar:/Users/guillermohuaman/.m2/repository/org/springframework/boot/spring-boot-starter/3.3.4/spring-boot-starter-3.3.4.jar:/Users/guillermohuaman/.m2/repository/org/springframework/boot/spring-boot-starter-logging/3.3.4/spring-boot-starter-logging-3.3.4.jar:/Users/guillermohuaman/.m2/repository/ch/qos/logback/logback-classic/1.5.8/logback-classic-1.5.8.jar:/Users/guillermohuaman/.m2/repository/ch/qos/logback/logback-core/1.5.8/logback-core-1.5.8.jar:/Users/guillermohuaman/.m2/repository/org/apache/logging/log4j/log4j-to-slf4j/2.23.1/log4j-to-slf4j-2.23.1.jar:/Users/guillermohuaman/.m2/repository/org/apache/logging/log4j/log4j-api/2.23.1/log4j-api-2.23.1.jar:/Users/guillermohuaman/.m2/repository/org/slf4j/jul-to-slf4j/2.0.16/jul-to-slf4j-2.0.16.jar:/Users/guillermohuaman/.m2/repository/jakarta/annotation/jakarta.annotation-api/2.1.1/jakarta.annotation-api-2.1.1.jar:/Users/guillermohuaman/.m2/repository/org/yaml/snakeyaml/2.2/snakeyaml-2.2.jar:/Users/guillermohuaman/.m2/repository/org/springframework/boot/spring-boot-starter-json/3.3.4/spring-boot-starter-json-3.3.4.jar:/Users/guillermohuaman/.m2/repository/com/fasterxml/jackson/core/jackson-databind/2.17.2/jackson-databind-2.17.2.jar:/Users/guillermohuaman/.m2/repository/com/fasterxml/jackson/core/jackson-annotations/2.17.2/jackson-annotations-2.17.2.jar:/Users/guillermohuaman/.m2/repository/com/fasterxml/jackson/core/jackson-core/2.17.2/jackson-core-2.17.2.jar:/Users/guillermohuaman/.m2/repository/com/fasterxml/jackson/datatype/jackson-datatype-jdk8/2.17.2/jackson-datatype-jdk8-2.17.2.jar:/Users/guillermohuaman/.m2/repository/com/fasterxml/jackson/datatype/jackson-datatype-jsr310/2.17.2/jackson-datatype-jsr310-2.17.2.jar:/Users/guillermohuaman/.m2/repository/com/fasterxml/jackson/module/jackson-module-parameter-names/2.17.2/jackson-module-parameter-names-2.17.2.jar:/Users/guillermohuaman/.m2/repository/org/springframework/boot/spring-boot-starter-tomcat/3.3.4/spring-boot-starter-tomcat-3.3.4.jar:/Users/guillermohuaman/.m2/repository/org/apache/tomcat/embed/tomcat-embed-core/10.1.30/tomcat-embed-core-10.1.30.jar:/Users/guillermohuaman/.m2/repository/org/apache/tomcat/embed/tomcat-embed-websocket/10.1.30/tomcat-embed-websocket-10.1.30.jar:/Users/guillermohuaman/.m2/repository/org/springframework/spring-web/6.1.13/spring-web-6.1.13.jar:/Users/guillermohuaman/.m2/repository/org/springframework/spring-beans/6.1.13/spring-beans-6.1.13.jar:/Users/guillermohuaman/.m2/repository/io/micrometer/micrometer-observation/1.13.4/micrometer-observation-1.13.4.jar:/Users/guillermohuaman/.m2/repository/io/micrometer/micrometer-commons/1.13.4/micrometer-commons-1.13.4.jar:/Users/guillermohuaman/.m2/repository/org/springframework/spring-webmvc/6.1.13/spring-webmvc-6.1.13.jar:/Users/guillermohuaman/.m2/repository/org/springframework/spring-aop/6.1.13/spring-aop-6.1.13.jar:/Users/guillermohuaman/.m2/repository/org/springframework/spring-context/6.1.13/spring-context-6.1.13.jar:/Users/guillermohuaman/.m2/repository/org/springframework/spring-expression/6.1.13/spring-expression-6.1.13.jar:/Users/guillermohuaman/.m2/repository/org/springframework/boot/spring-boot-starter-data-jpa/3.3.4/spring-boot-starter-data-jpa-3.3.4.jar:/Users/guillermohuaman/.m2/repository/org/springframework/boot/spring-boot-starter-aop/3.3.4/spring-boot-starter-aop-3.3.4.jar:/Users/guillermohuaman/.m2/repository/org/aspectj/aspectjweaver/1.9.22.1/aspectjweaver-1.9.22.1.jar:/Users/guillermohuaman/.m2/repository/org/springframework/boot/spring-boot-starter-jdbc/3.3.4/spring-boot-starter-jdbc-3.3.4.jar:/Users/guillermohuaman/.m2/repository/com/zaxxer/HikariCP/5.1.0/HikariCP-5.1.0.jar:/Users/guillermohuaman/.m2/repository/org/springframework/spring-jdbc/6.1.13/spring-jdbc-6.1.13.jar:/Users/guillermohuaman/.m2/repository/org/hibernate/orm/hibernate-core/6.5.3.Final/hibernate-core-6.5.3.Final.jar:/Users/guillermohuaman/.m2/repository/jakarta/persistence/jakarta.persistence-api/3.1.0/jakarta.persistence-api-3.1.0.jar:/Users/guillermohuaman/.m2/repository/jakarta/transaction/jakarta.transaction-api/2.0.1/jakarta.transaction-api-2.0.1.jar:/Users/guillermohuaman/.m2/repository/org/jboss/logging/jboss-logging/3.5.3.Final/jboss-logging-3.5.3.Final.jar:/Users/guillermohuaman/.m2/repository/org/hibernate/common/hibernate-commons-annotations/6.0.6.Final/hibernate-commons-annotations-6.0.6.Final.jar:/Users/guillermohuaman/.m2/repository/io/smallrye/jandex/3.1.2/jandex-3.1.2.jar:/Users/guillermohuaman/.m2/repository/com/fasterxml/classmate/1.7.0/classmate-1.7.0.jar:/Users/guillermohuaman/.m2/repository/net/bytebuddy/byte-buddy/1.14.19/byte-buddy-1.14.19.jar:/Users/guillermohuaman/.m2/repository/org/glassfish/jaxb/jaxb-runtime/4.0.5/jaxb-runtime-4.0.5.jar:/Users/guillermohuaman/.m2/repository/org/glassfish/jaxb/jaxb-core/4.0.5/jaxb-core-4.0.5.jar:/Users/guillermohuaman/.m2/repository/org/eclipse/angus/angus-activation/2.0.2/angus-activation-2.0.2.jar:/Users/guillermohuaman/.m2/repository/org/glassfish/jaxb/txw2/4.0.5/txw2-4.0.5.jar:/Users/guillermohuaman/.m2/repository/com/sun/istack/istack-commons-runtime/4.1.2/istack-commons-runtime-4.1.2.jar:/Users/guillermohuaman/.m2/repository/jakarta/inject/jakarta.inject-api/2.0.1/jakarta.inject-api-2.0.1.jar:/Users/guillermohuaman/.m2/repository/org/antlr/antlr4-runtime/4.13.0/antlr4-runtime-4.13.0.jar:/Users/guillermohuaman/.m2/repository/org/springframework/data/spring-data-jpa/3.3.4/spring-data-jpa-3.3.4.jar:/Users/guillermohuaman/.m2/repository/org/springframework/data/spring-data-commons/3.3.4/spring-data-commons-3.3.4.jar:/Users/guillermohuaman/.m2/repository/org/springframework/spring-orm/6.1.13/spring-orm-6.1.13.jar:/Users/guillermohuaman/.m2/repository/org/springframework/spring-tx/6.1.13/spring-tx-6.1.13.jar:/Users/guillermohuaman/.m2/repository/org/slf4j/slf4j-api/2.0.16/slf4j-api-2.0.16.jar:/Users/guillermohuaman/.m2/repository/org/springframework/spring-aspects/6.1.13/spring-aspects-6.1.13.jar:/Users/guillermohuaman/.m2/repository/com/mysql/mysql-connector-j/8.3.0/mysql-connector-j-8.3.0.jar:/Users/guillermohuaman/.m2/repository/org/projectlombok/lombok/1.18.30/lombok-1.18.30.jar:/Users/guillermohuaman/.m2/repository/org/springframework/boot/spring-boot-starter-validation/3.3.4/spring-boot-starter-validation-3.3.4.jar:/Users/guillermohuaman/.m2/repository/org/apache/tomcat/embed/tomcat-embed-el/10.1.30/tomcat-embed-el-10.1.30.jar:/Users/guillermohuaman/.m2/repository/org/hibernate/validator/hibernate-validator/8.0.1.Final/hibernate-validator-8.0.1.Final.jar:/Users/guillermohuaman/.m2/repository/jakarta/validation/jakarta.validation-api/3.0.2/jakarta.validation-api-3.0.2.jar:/Users/guillermohuaman/.m2/repository/org/springframework/boot/spring-boot-devtools/3.3.4/spring-boot-devtools-3.3.4.jar:/Users/guillermohuaman/.m2/repository/org/springframework/boot/spring-boot/3.3.4/spring-boot-3.3.4.jar:/Users/guillermohuaman/.m2/repository/org/springframework/boot/spring-boot-autoconfigure/3.3.4/spring-boot-autoconfigure-3.3.4.jar:/Users/guillermohuaman/.m2/repository/org/springdoc/springdoc-openapi-starter-webmvc-ui/2.1.0/springdoc-openapi-starter-webmvc-ui-2.1.0.jar:/Users/guillermohuaman/.m2/repository/org/springdoc/springdoc-openapi-starter-webmvc-api/2.1.0/springdoc-openapi-starter-webmvc-api-2.1.0.jar:/Users/guillermohuaman/.m2/repository/org/springdoc/springdoc-openapi-starter-common/2.1.0/springdoc-openapi-starter-common-2.1.0.jar:/Users/guillermohuaman/.m2/repository/io/swagger/core/v3/swagger-core-jakarta/2.2.9/swagger-core-jakarta-2.2.9.jar:/Users/guillermohuaman/.m2/repository/org/apache/commons/commons-lang3/3.14.0/commons-lang3-3.14.0.jar:/Users/guillermohuaman/.m2/repository/io/swagger/core/v3/swagger-annotations-jakarta/2.2.9/swagger-annotations-jakarta-2.2.9.jar:/Users/guillermohuaman/.m2/repository/io/swagger/core/v3/swagger-models-jakarta/2.2.9/swagger-models-jakarta-2.2.9.jar:/Users/guillermohuaman/.m2/repository/com/fasterxml/jackson/dataformat/jackson-dataformat-yaml/2.17.2/jackson-dataformat-yaml-2.17.2.jar:/Users/guillermohuaman/.m2/repository/org/webjars/swagger-ui/4.18.2/swagger-ui-4.18.2.jar:/Users/guillermohuaman/.m2/repository/org/mapstruct/mapstruct/1.5.5.Final/mapstruct-1.5.5.Final.jar:/Users/guillermohuaman/.m2/repository/org/mapstruct/mapstruct-processor/1.5.5.Final/mapstruct-processor-1.5.5.Final.jar:/Users/guillermohuaman/.m2/repository/org/springframework/boot/spring-boot-starter-test/3.3.4/spring-boot-starter-test-3.3.4.jar:/Users/guillermohuaman/.m2/repository/org/springframework/boot/spring-boot-test/3.3.4/spring-boot-test-3.3.4.jar:/Users/guillermohuaman/.m2/repository/org/springframework/boot/spring-boot-test-autoconfigure/3.3.4/spring-boot-test-autoconfigure-3.3.4.jar:/Users/guillermohuaman/.m2/repository/com/jayway/jsonpath/json-path/2.9.0/json-path-2.9.0.jar:/Users/guillermohuaman/.m2/repository/jakarta/xml/bind/jakarta.xml.bind-api/4.0.2/jakarta.xml.bind-api-4.0.2.jar:/Users/guillermohuaman/.m2/repository/jakarta/activation/jakarta.activation-api/2.1.3/jakarta.activation-api-2.1.3.jar:/Users/guillermohuaman/.m2/repository/net/minidev/json-smart/2.5.1/json-smart-2.5.1.jar:/Users/guillermohuaman/.m2/repository/net/minidev/accessors-smart/2.5.1/accessors-smart-2.5.1.jar:/Users/guillermohuaman/.m2/repository/org/ow2/asm/asm/9.6/asm-9.6.jar:/Users/guillermohuaman/.m2/repository/org/assertj/assertj-core/3.25.3/assertj-core-3.25.3.jar:/Users/guillermohuaman/.m2/repository/org/awaitility/awaitility/4.2.2/awaitility-4.2.2.jar:/Users/guillermohuaman/.m2/repository/org/hamcrest/hamcrest/2.2/hamcrest-2.2.jar:/Users/guillermohuaman/.m2/repository/org/junit/jupiter/junit-jupiter/5.10.3/junit-jupiter-5.10.3.jar:/Users/guillermohuaman/.m2/repository/org/junit/jupiter/junit-jupiter-api/5.10.3/junit-jupiter-api-5.10.3.jar:/Users/guillermohuaman/.m2/repository/org/opentest4j/opentest4j/1.3.0/opentest4j-1.3.0.jar:/Users/guillermohuaman/.m2/repository/org/junit/platform/junit-platform-commons/1.10.3/junit-platform-commons-1.10.3.jar:/Users/guillermohuaman/.m2/repository/org/apiguardian/apiguardian-api/1.1.2/apiguardian-api-1.1.2.jar:/Users/guillermohuaman/.m2/repository/org/junit/jupiter/junit-jupiter-params/5.10.3/junit-jupiter-params-5.10.3.jar:/Users/guillermohuaman/.m2/repository/org/junit/jupiter/junit-jupiter-engine/5.10.3/junit-jupiter-engine-5.10.3.jar:/Users/guillermohuaman/.m2/repository/org/junit/platform/junit-platform-engine/1.10.3/junit-platform-engine-1.10.3.jar:/Users/guillermohuaman/.m2/repository/org/mockito/mockito-core/5.11.0/mockito-core-5.11.0.jar:/Users/guillermohuaman/.m2/repository/net/bytebuddy/byte-buddy-agent/1.14.19/byte-buddy-agent-1.14.19.jar:/Users/guillermohuaman/.m2/repository/org/objenesis/objenesis/3.3/objenesis-3.3.jar:/Users/guillermohuaman/.m2/repository/org/mockito/mockito-junit-jupiter/5.11.0/mockito-junit-jupiter-5.11.0.jar:/Users/guillermohuaman/.m2/repository/org/skyscreamer/jsonassert/1.5.3/jsonassert-1.5.3.jar:/Users/guillermohuaman/.m2/repository/com/vaadin/external/google/android-json/0.0.20131108.vaadin1/android-json-0.0.20131108.vaadin1.jar:/Users/guillermohuaman/.m2/repository/org/springframework/spring-core/6.1.13/spring-core-6.1.13.jar:/Users/guillermohuaman/.m2/repository/org/springframework/spring-jcl/6.1.13/spring-jcl-6.1.13.jar:/Users/guillermohuaman/.m2/repository/org/springframework/spring-test/6.1.13/spring-test-6.1.13.jar:/Users/guillermohuaman/.m2/repository/org/xmlunit/xmlunit-core/2.9.1/xmlunit-core-2.9.1.jar: -sourcepath /Users/guillermohuaman/Documents/Personal_projects/VetCare/vetcare/src/test/java:/Users/guillermohuaman/Documents/Personal_projects/VetCare/vetcare/target/generated-test-sources/test-annotations: -s /Users/guillermohuaman/Documents/Personal_projects/VetCare/vetcare/target/generated-test-sources/test-annotations -processorpath /Users/guillermohuaman/.m2/repository/org/projectlombok/lombok/1.18.30/lombok-1.18.30.jar:/Users/guillermohuaman/.m2/repository/org/mapstruct/mapstruct-processor/1.5.5.Final/mapstruct-processor-1.5.5.Final.jar: -g -parameters --release 21 -encoding UTF-8 -XDuseUnsharedTable=true
[DEBUG] incrementalBuildHelper#beforeRebuildExecution
[INFO] Compiling 1 source file with javac [debug parameters release 21] to target/test-classes
[DEBUG] incrementalBuildHelper#afterRebuildExecution
[INFO] 
[INFO] --- surefire:3.2.5:test (default-test) @ vetcare ---
[DEBUG] Using mirror maven-default-http-blocker (http://0.0.0.0/) for jboss-public-repository-group (http://repository.jboss.org/nexus/content/groups/public).
[DEBUG] Dependency collection stats {ConflictMarker.analyzeTime=50459, ConflictMarker.markTime=19666, ConflictMarker.nodeCount=78, ConflictIdSorter.graphTime=37333, ConflictIdSorter.topsortTime=19042, ConflictIdSorter.conflictIdCount=39, ConflictIdSorter.conflictIdCycleCount=0, ConflictResolver.totalTime=475000, ConflictResolver.conflictItemCount=76, DfDependencyCollector.collectTime=100519625, DfDependencyCollector.transformTime=615792}
[DEBUG] org.apache.maven.plugins:maven-surefire-plugin:jar:3.2.5
[DEBUG]    org.apache.maven.surefire:maven-surefire-common:jar:3.2.5:compile
[DEBUG]       org.apache.maven.surefire:surefire-api:jar:3.2.5:compile
[DEBUG]          org.apache.maven.surefire:surefire-logger-api:jar:3.2.5:compile
[DEBUG]       org.apache.maven.surefire:surefire-extensions-api:jar:3.2.5:compile
[DEBUG]       org.apache.maven.surefire:surefire-booter:jar:3.2.5:compile
[DEBUG]          org.apache.maven.surefire:surefire-extensions-spi:jar:3.2.5:compile
[DEBUG]       org.eclipse.aether:aether-util:jar:1.0.0.v20140518:compile
[DEBUG]          org.eclipse.aether:aether-api:jar:1.0.0.v20140518:compile
[DEBUG]       org.apache.maven.shared:maven-common-artifact-filters:jar:3.1.1:compile (version managed from default) (exclusions managed from default)
[DEBUG]          org.apache.maven:maven-artifact:jar:3.2.5:provided (scope managed from default) (version managed from default)
[DEBUG]             org.codehaus.plexus:plexus-utils:jar:4.0.0:provided (version managed from default)
[DEBUG]          org.apache.maven:maven-core:jar:3.2.5:provided (scope managed from default) (version managed from default)
[DEBUG]             org.apache.maven:maven-settings:jar:3.2.5:provided (version managed from default)
[DEBUG]             org.apache.maven:maven-settings-builder:jar:3.2.5:provided
[DEBUG]             org.apache.maven:maven-repository-metadata:jar:3.2.5:provided
[DEBUG]             org.apache.maven:maven-model-builder:jar:3.2.5:provided
[DEBUG]             org.apache.maven:maven-aether-provider:jar:3.2.5:provided
[DEBUG]                org.eclipse.aether:aether-spi:jar:1.0.0.v20140518:provided
[DEBUG]             org.eclipse.aether:aether-impl:jar:1.0.0.v20140518:provided
[DEBUG]             org.eclipse.sisu:org.eclipse.sisu.plexus:jar:0.9.0.M2:provided (version managed from default)
[DEBUG]                javax.annotation:javax.annotation-api:jar:1.2:provided
[DEBUG]                javax.enterprise:cdi-api:jar:1.2:provided
[DEBUG]                org.eclipse.sisu:org.eclipse.sisu.inject:jar:0.9.0.M2:provided (version managed from default)
[DEBUG]             org.sonatype.sisu:sisu-guice:jar:no_aop:3.2.3:provided
[DEBUG]                javax.inject:javax.inject:jar:1:provided
[DEBUG]                aopalliance:aopalliance:jar:1.0:provided
[DEBUG]                com.google.guava:guava:jar:16.0.1:provided
[DEBUG]             org.codehaus.plexus:plexus-interpolation:jar:1.21:provided
[DEBUG]             org.codehaus.plexus:plexus-classworlds:jar:2.5.2:provided
[DEBUG]             org.codehaus.plexus:plexus-component-annotations:jar:1.5.5:provided
[DEBUG]             org.sonatype.plexus:plexus-sec-dispatcher:jar:1.3:provided
[DEBUG]                org.sonatype.plexus:plexus-cipher:jar:1.4:provided
[DEBUG]          org.apache.maven:maven-plugin-api:jar:3.2.5:provided (scope managed from default) (version managed from default)
[DEBUG]          commons-io:commons-io:jar:2.15.1:compile (version managed from default)
[DEBUG]       org.codehaus.plexus:plexus-java:jar:1.2.0:compile (version managed from default)
[DEBUG]          org.ow2.asm:asm:jar:9.6:compile
[DEBUG]          com.thoughtworks.qdox:qdox:jar:2.0.3:compile
[DEBUG]       org.apache.maven.surefire:surefire-shared-utils:jar:3.2.5:compile
[DEBUG] Created new class realm plugin>org.apache.maven.plugins:maven-surefire-plugin:3.2.5
[DEBUG] Importing foreign packages into class realm plugin>org.apache.maven.plugins:maven-surefire-plugin:3.2.5
[DEBUG]   Imported:  < maven.api
[DEBUG] Populating class realm plugin>org.apache.maven.plugins:maven-surefire-plugin:3.2.5
[DEBUG]   Included: org.apache.maven.plugins:maven-surefire-plugin:jar:3.2.5
[DEBUG]   Included: org.apache.maven.surefire:maven-surefire-common:jar:3.2.5
[DEBUG]   Included: org.apache.maven.surefire:surefire-api:jar:3.2.5
[DEBUG]   Included: org.apache.maven.surefire:surefire-logger-api:jar:3.2.5
[DEBUG]   Included: org.apache.maven.surefire:surefire-extensions-api:jar:3.2.5
[DEBUG]   Included: org.apache.maven.surefire:surefire-booter:jar:3.2.5
[DEBUG]   Included: org.apache.maven.surefire:surefire-extensions-spi:jar:3.2.5
[DEBUG]   Included: org.apache.maven.shared:maven-common-artifact-filters:jar:3.1.1
[DEBUG]   Included: commons-io:commons-io:jar:2.15.1
[DEBUG]   Included: org.codehaus.plexus:plexus-java:jar:1.2.0
[DEBUG]   Included: org.ow2.asm:asm:jar:9.6
[DEBUG]   Included: com.thoughtworks.qdox:qdox:jar:2.0.3
[DEBUG]   Included: org.apache.maven.surefire:surefire-shared-utils:jar:3.2.5
[DEBUG] Loading mojo org.apache.maven.plugins:maven-surefire-plugin:3.2.5:test from plugin realm ClassRealm[plugin>org.apache.maven.plugins:maven-surefire-plugin:3.2.5, parent: jdk.internal.loader.ClassLoaders$AppClassLoader@18ff02e4]
[DEBUG] Configuring mojo execution 'org.apache.maven.plugins:maven-surefire-plugin:3.2.5:test:default-test' with basic configurator -->
[DEBUG]   (f) additionalClasspathDependencies = []
[DEBUG]   (s) additionalClasspathElements = []
[DEBUG]   (s) basedir = /Users/guillermohuaman/Documents/Personal_projects/VetCare/vetcare
[DEBUG]   (s) childDelegation = false
[DEBUG]   (f) classesDirectory = /Users/guillermohuaman/Documents/Personal_projects/VetCare/vetcare/target/classes
[DEBUG]   (s) classpathDependencyExcludes = []
[DEBUG]   (s) dependenciesToScan = []
[DEBUG]   (s) disableXmlReport = false
[DEBUG]   (s) enableAssertions = true
[DEBUG]   (s) encoding = UTF-8
[DEBUG]   (s) excludeJUnit5Engines = []
[DEBUG]   (f) excludedEnvironmentVariables = []
[DEBUG]   (s) excludes = []
[DEBUG]   (s) failIfNoSpecifiedTests = true
[DEBUG]   (s) failIfNoTests = false
[DEBUG]   (s) failOnFlakeCount = 0
[DEBUG]   (f) forkCount = 1
[DEBUG]   (s) forkedProcessExitTimeoutInSeconds = 30
[DEBUG]   (s) includeJUnit5Engines = []
[DEBUG]   (s) includes = []
[DEBUG]   (s) junitArtifactName = junit:junit
[DEBUG]   (f) parallelMavenExecution = false
[DEBUG]   (s) parallelOptimized = true
[DEBUG]   (s) perCoreThreadCount = true
[DEBUG]   (s) pluginArtifactMap = {org.apache.maven.plugins:maven-surefire-plugin=org.apache.maven.plugins:maven-surefire-plugin:maven-plugin:3.2.5:, org.apache.maven.surefire:maven-surefire-common=org.apache.maven.surefire:maven-surefire-common:jar:3.2.5:compile, org.apache.maven.surefire:surefire-api=org.apache.maven.surefire:surefire-api:jar:3.2.5:compile, org.apache.maven.surefire:surefire-logger-api=org.apache.maven.surefire:surefire-logger-api:jar:3.2.5:compile, org.apache.maven.surefire:surefire-extensions-api=org.apache.maven.surefire:surefire-extensions-api:jar:3.2.5:compile, org.apache.maven.surefire:surefire-booter=org.apache.maven.surefire:surefire-booter:jar:3.2.5:compile, org.apache.maven.surefire:surefire-extensions-spi=org.apache.maven.surefire:surefire-extensions-spi:jar:3.2.5:compile, org.eclipse.aether:aether-util=org.eclipse.aether:aether-util:jar:1.0.0.v20140518:compile, org.eclipse.aether:aether-api=org.eclipse.aether:aether-api:jar:1.0.0.v20140518:compile, org.apache.maven.shared:maven-common-artifact-filters=org.apache.maven.shared:maven-common-artifact-filters:jar:3.1.1:compile, commons-io:commons-io=commons-io:commons-io:jar:2.15.1:compile, org.codehaus.plexus:plexus-java=org.codehaus.plexus:plexus-java:jar:1.2.0:compile, org.ow2.asm:asm=org.ow2.asm:asm:jar:9.6:compile, com.thoughtworks.qdox:qdox=com.thoughtworks.qdox:qdox:jar:2.0.3:compile, org.apache.maven.surefire:surefire-shared-utils=org.apache.maven.surefire:surefire-shared-utils:jar:3.2.5:compile}
[DEBUG]   (f) pluginDescriptor = Component Descriptor: role: 'org.apache.maven.plugin.Mojo', implementation: 'org.apache.maven.plugins.maven_surefire_plugin.HelpMojo', role hint: 'org.apache.maven.plugins:maven-surefire-plugin:3.2.5:help'
role: 'org.apache.maven.plugin.Mojo', implementation: 'org.apache.maven.plugin.surefire.SurefirePlugin', role hint: 'org.apache.maven.plugins:maven-surefire-plugin:3.2.5:test'
---
[DEBUG]   (s) printSummary = true
[DEBUG]   (s) project = MavenProject: com.vetcare:vetcare:0.0.1-SNAPSHOT @ /Users/guillermohuaman/Documents/Personal_projects/VetCare/vetcare/pom.xml
[DEBUG]   (s) projectArtifactMap = {org.springframework.boot:spring-boot-starter-web=org.springframework.boot:spring-boot-starter-web:jar:3.3.4:compile, org.springframework.boot:spring-boot-starter=org.springframework.boot:spring-boot-starter:jar:3.3.4:compile, org.springframework.boot:spring-boot-starter-logging=org.springframework.boot:spring-boot-starter-logging:jar:3.3.4:compile, ch.qos.logback:logback-classic=ch.qos.logback:logback-classic:jar:1.5.8:compile, ch.qos.logback:logback-core=ch.qos.logback:logback-core:jar:1.5.8:compile, org.apache.logging.log4j:log4j-to-slf4j=org.apache.logging.log4j:log4j-to-slf4j:jar:2.23.1:compile, org.apache.logging.log4j:log4j-api=org.apache.logging.log4j:log4j-api:jar:2.23.1:compile, org.slf4j:jul-to-slf4j=org.slf4j:jul-to-slf4j:jar:2.0.16:compile, jakarta.annotation:jakarta.annotation-api=jakarta.annotation:jakarta.annotation-api:jar:2.1.1:compile, org.yaml:snakeyaml=org.yaml:snakeyaml:jar:2.2:compile, org.springframework.boot:spring-boot-starter-json=org.springframework.boot:spring-boot-starter-json:jar:3.3.4:compile, com.fasterxml.jackson.core:jackson-databind=com.fasterxml.jackson.core:jackson-databind:jar:2.17.2:compile, com.fasterxml.jackson.core:jackson-annotations=com.fasterxml.jackson.core:jackson-annotations:jar:2.17.2:compile, com.fasterxml.jackson.core:jackson-core=com.fasterxml.jackson.core:jackson-core:jar:2.17.2:compile, com.fasterxml.jackson.datatype:jackson-datatype-jdk8=com.fasterxml.jackson.datatype:jackson-datatype-jdk8:jar:2.17.2:compile, com.fasterxml.jackson.datatype:jackson-datatype-jsr310=com.fasterxml.jackson.datatype:jackson-datatype-jsr310:jar:2.17.2:compile, com.fasterxml.jackson.module:jackson-module-parameter-names=com.fasterxml.jackson.module:jackson-module-parameter-names:jar:2.17.2:compile, org.springframework.boot:spring-boot-starter-tomcat=org.springframework.boot:spring-boot-starter-tomcat:jar:3.3.4:compile, org.apache.tomcat.embed:tomcat-embed-core=org.apache.tomcat.embed:tomcat-embed-core:jar:10.1.30:compile, org.apache.tomcat.embed:tomcat-embed-websocket=org.apache.tomcat.embed:tomcat-embed-websocket:jar:10.1.30:compile, org.springframework:spring-web=org.springframework:spring-web:jar:6.1.13:compile, org.springframework:spring-beans=org.springframework:spring-beans:jar:6.1.13:compile, io.micrometer:micrometer-observation=io.micrometer:micrometer-observation:jar:1.13.4:compile, io.micrometer:micrometer-commons=io.micrometer:micrometer-commons:jar:1.13.4:compile, org.springframework:spring-webmvc=org.springframework:spring-webmvc:jar:6.1.13:compile, org.springframework:spring-aop=org.springframework:spring-aop:jar:6.1.13:compile, org.springframework:spring-context=org.springframework:spring-context:jar:6.1.13:compile, org.springframework:spring-expression=org.springframework:spring-expression:jar:6.1.13:compile, org.springframework.boot:spring-boot-starter-data-jpa=org.springframework.boot:spring-boot-starter-data-jpa:jar:3.3.4:compile, org.springframework.boot:spring-boot-starter-aop=org.springframework.boot:spring-boot-starter-aop:jar:3.3.4:compile, org.aspectj:aspectjweaver=org.aspectj:aspectjweaver:jar:1.9.22.1:compile, org.springframework.boot:spring-boot-starter-jdbc=org.springframework.boot:spring-boot-starter-jdbc:jar:3.3.4:compile, com.zaxxer:HikariCP=com.zaxxer:HikariCP:jar:5.1.0:compile, org.springframework:spring-jdbc=org.springframework:spring-jdbc:jar:6.1.13:compile, org.hibernate.orm:hibernate-core=org.hibernate.orm:hibernate-core:jar:6.5.3.Final:compile, jakarta.persistence:jakarta.persistence-api=jakarta.persistence:jakarta.persistence-api:jar:3.1.0:compile, jakarta.transaction:jakarta.transaction-api=jakarta.transaction:jakarta.transaction-api:jar:2.0.1:compile, org.jboss.logging:jboss-logging=org.jboss.logging:jboss-logging:jar:3.5.3.Final:compile, org.hibernate.common:hibernate-commons-annotations=org.hibernate.common:hibernate-commons-annotations:jar:6.0.6.Final:runtime, io.smallrye:jandex=io.smallrye:jandex:jar:3.1.2:runtime, com.fasterxml:classmate=com.fasterxml:classmate:jar:1.7.0:compile, net.bytebuddy:byte-buddy=net.bytebuddy:byte-buddy:jar:1.14.19:runtime, org.glassfish.jaxb:jaxb-runtime=org.glassfish.jaxb:jaxb-runtime:jar:4.0.5:runtime, org.glassfish.jaxb:jaxb-core=org.glassfish.jaxb:jaxb-core:jar:4.0.5:runtime, org.eclipse.angus:angus-activation=org.eclipse.angus:angus-activation:jar:2.0.2:runtime, org.glassfish.jaxb:txw2=org.glassfish.jaxb:txw2:jar:4.0.5:runtime, com.sun.istack:istack-commons-runtime=com.sun.istack:istack-commons-runtime:jar:4.1.2:runtime, jakarta.inject:jakarta.inject-api=jakarta.inject:jakarta.inject-api:jar:2.0.1:runtime, org.antlr:antlr4-runtime=org.antlr:antlr4-runtime:jar:4.13.0:compile, org.springframework.data:spring-data-jpa=org.springframework.data:spring-data-jpa:jar:3.3.4:compile, org.springframework.data:spring-data-commons=org.springframework.data:spring-data-commons:jar:3.3.4:compile, org.springframework:spring-orm=org.springframework:spring-orm:jar:6.1.13:compile, org.springframework:spring-tx=org.springframework:spring-tx:jar:6.1.13:compile, org.slf4j:slf4j-api=org.slf4j:slf4j-api:jar:2.0.16:compile, org.springframework:spring-aspects=org.springframework:spring-aspects:jar:6.1.13:compile, com.mysql:mysql-connector-j=com.mysql:mysql-connector-j:jar:8.3.0:compile, org.projectlombok:lombok=org.projectlombok:lombok:jar:1.18.30:provided, org.springframework.boot:spring-boot-starter-validation=org.springframework.boot:spring-boot-starter-validation:jar:3.3.4:compile, org.apache.tomcat.embed:tomcat-embed-el=org.apache.tomcat.embed:tomcat-embed-el:jar:10.1.30:compile, org.hibernate.validator:hibernate-validator=org.hibernate.validator:hibernate-validator:jar:8.0.1.Final:compile, jakarta.validation:jakarta.validation-api=jakarta.validation:jakarta.validation-api:jar:3.0.2:compile, org.springframework.boot:spring-boot-devtools=org.springframework.boot:spring-boot-devtools:jar:3.3.4:runtime, org.springframework.boot:spring-boot=org.springframework.boot:spring-boot:jar:3.3.4:compile, org.springframework.boot:spring-boot-autoconfigure=org.springframework.boot:spring-boot-autoconfigure:jar:3.3.4:compile, org.springdoc:springdoc-openapi-starter-webmvc-ui=org.springdoc:springdoc-openapi-starter-webmvc-ui:jar:2.1.0:compile, org.springdoc:springdoc-openapi-starter-webmvc-api=org.springdoc:springdoc-openapi-starter-webmvc-api:jar:2.1.0:compile, org.springdoc:springdoc-openapi-starter-common=org.springdoc:springdoc-openapi-starter-common:jar:2.1.0:compile, io.swagger.core.v3:swagger-core-jakarta=io.swagger.core.v3:swagger-core-jakarta:jar:2.2.9:compile, org.apache.commons:commons-lang3=org.apache.commons:commons-lang3:jar:3.14.0:compile, io.swagger.core.v3:swagger-annotations-jakarta=io.swagger.core.v3:swagger-annotations-jakarta:jar:2.2.9:compile, io.swagger.core.v3:swagger-models-jakarta=io.swagger.core.v3:swagger-models-jakarta:jar:2.2.9:compile, com.fasterxml.jackson.dataformat:jackson-dataformat-yaml=com.fasterxml.jackson.dataformat:jackson-dataformat-yaml:jar:2.17.2:compile, org.webjars:swagger-ui=org.webjars:swagger-ui:jar:4.18.2:compile, org.mapstruct:mapstruct=org.mapstruct:mapstruct:jar:1.5.5.Final:compile, org.mapstruct:mapstruct-processor=org.mapstruct:mapstruct-processor:jar:1.5.5.Final:provided, org.springframework.boot:spring-boot-starter-test=org.springframework.boot:spring-boot-starter-test:jar:3.3.4:test, org.springframework.boot:spring-boot-test=org.springframework.boot:spring-boot-test:jar:3.3.4:test, org.springframework.boot:spring-boot-test-autoconfigure=org.springframework.boot:spring-boot-test-autoconfigure:jar:3.3.4:test, com.jayway.jsonpath:json-path=com.jayway.jsonpath:json-path:jar:2.9.0:test, jakarta.xml.bind:jakarta.xml.bind-api=jakarta.xml.bind:jakarta.xml.bind-api:jar:4.0.2:compile, jakarta.activation:jakarta.activation-api=jakarta.activation:jakarta.activation-api:jar:2.1.3:compile, net.minidev:json-smart=net.minidev:json-smart:jar:2.5.1:test, net.minidev:accessors-smart=net.minidev:accessors-smart:jar:2.5.1:test, org.ow2.asm:asm=org.ow2.asm:asm:jar:9.6:test, org.assertj:assertj-core=org.assertj:assertj-core:jar:3.25.3:test, org.awaitility:awaitility=org.awaitility:awaitility:jar:4.2.2:test, org.hamcrest:hamcrest=org.hamcrest:hamcrest:jar:2.2:test, org.junit.jupiter:junit-jupiter=org.junit.jupiter:junit-jupiter:jar:5.10.3:test, org.junit.jupiter:junit-jupiter-api=org.junit.jupiter:junit-jupiter-api:jar:5.10.3:test, org.opentest4j:opentest4j=org.opentest4j:opentest4j:jar:1.3.0:test, org.junit.platform:junit-platform-commons=org.junit.platform:junit-platform-commons:jar:1.10.3:test, org.apiguardian:apiguardian-api=org.apiguardian:apiguardian-api:jar:1.1.2:test, org.junit.jupiter:junit-jupiter-params=org.junit.jupiter:junit-jupiter-params:jar:5.10.3:test, org.junit.jupiter:junit-jupiter-engine=org.junit.jupiter:junit-jupiter-engine:jar:5.10.3:test, org.junit.platform:junit-platform-engine=org.junit.platform:junit-platform-engine:jar:1.10.3:test, org.mockito:mockito-core=org.mockito:mockito-core:jar:5.11.0:test, net.bytebuddy:byte-buddy-agent=net.bytebuddy:byte-buddy-agent:jar:1.14.19:test, org.objenesis:objenesis=org.objenesis:objenesis:jar:3.3:test, org.mockito:mockito-junit-jupiter=org.mockito:mockito-junit-jupiter:jar:5.11.0:test, org.skyscreamer:jsonassert=org.skyscreamer:jsonassert:jar:1.5.3:test, com.vaadin.external.google:android-json=com.vaadin.external.google:android-json:jar:0.0.20131108.vaadin1:test, org.springframework:spring-core=org.springframework:spring-core:jar:6.1.13:compile, org.springframework:spring-jcl=org.springframework:spring-jcl:jar:6.1.13:compile, org.springframework:spring-test=org.springframework:spring-test:jar:6.1.13:test, org.xmlunit:xmlunit-core=org.xmlunit:xmlunit-core:jar:2.9.1:test}
[DEBUG]   (s) projectBuildDirectory = /Users/guillermohuaman/Documents/Personal_projects/VetCare/vetcare/target
[DEBUG]   (s) redirectTestOutputToFile = false
[DEBUG]   (s) reportFormat = brief
[DEBUG]   (s) reportsDirectory = /Users/guillermohuaman/Documents/Personal_projects/VetCare/vetcare/target/surefire-reports
[DEBUG]   (f) rerunFailingTestsCount = 0
[DEBUG]   (f) reuseForks = true
[DEBUG]   (s) runOrder = filesystem
[DEBUG]   (s) session = org.apache.maven.execution.MavenSession@56a4f272
[DEBUG]   (f) shutdown = exit
[DEBUG]   (s) skip = false
[DEBUG]   (f) skipAfterFailureCount = 0
[DEBUG]   (s) skipTests = true
[DEBUG]   (s) suiteXmlFiles = []
[DEBUG]   (s) tempDir = surefire
[DEBUG]   (s) testClassesDirectory = /Users/guillermohuaman/Documents/Personal_projects/VetCare/vetcare/target/test-classes
[DEBUG]   (s) testFailureIgnore = false
[DEBUG]   (s) testNGArtifactName = org.testng:testng
[DEBUG]   (s) testSourceDirectory = /Users/guillermohuaman/Documents/Personal_projects/VetCare/vetcare/src/test/java
[DEBUG]   (s) threadCountClasses = 0
[DEBUG]   (s) threadCountMethods = 0
[DEBUG]   (s) threadCountSuites = 0
[DEBUG]   (s) trimStackTrace = false
[DEBUG]   (s) useFile = true
[DEBUG]   (s) useManifestOnlyJar = true
[DEBUG]   (f) useModulePath = true
[DEBUG]   (s) useSystemClassLoader = true
[DEBUG]   (s) useUnlimitedThreads = false
[DEBUG]   (s) workingDirectory = /Users/guillermohuaman/Documents/Personal_projects/VetCare/vetcare
[DEBUG] -- end configuration --
[INFO] Tests are skipped.
[INFO] 
[INFO] --- jar:3.4.2:jar (default-jar) @ vetcare ---
[DEBUG] Dependency collection stats {ConflictMarker.analyzeTime=21708, ConflictMarker.markTime=11917, ConflictMarker.nodeCount=27, ConflictIdSorter.graphTime=21500, ConflictIdSorter.topsortTime=8375, ConflictIdSorter.conflictIdCount=16, ConflictIdSorter.conflictIdCycleCount=0, ConflictResolver.totalTime=150792, ConflictResolver.conflictItemCount=27, DfDependencyCollector.collectTime=18538625, DfDependencyCollector.transformTime=224541}
[DEBUG] org.apache.maven.plugins:maven-jar-plugin:jar:3.4.2
[DEBUG]    org.apache.maven.shared:file-management:jar:3.1.0:compile
[DEBUG]       org.codehaus.plexus:plexus-utils:jar:4.0.1:compile (version managed from default)
[DEBUG]       commons-io:commons-io:jar:2.16.1:compile (version managed from default)
[DEBUG]    org.apache.maven:maven-archiver:jar:3.6.2:compile
[DEBUG]       org.codehaus.plexus:plexus-interpolation:jar:1.27:compile
[DEBUG]    org.codehaus.plexus:plexus-archiver:jar:4.9.2:compile
[DEBUG]       org.codehaus.plexus:plexus-io:jar:3.4.2:compile
[DEBUG]       org.apache.commons:commons-compress:jar:1.26.1:compile
[DEBUG]          org.apache.commons:commons-lang3:jar:3.14.0:compile
[DEBUG]       commons-codec:commons-codec:jar:1.16.1:compile
[DEBUG]       org.iq80.snappy:snappy:jar:0.4:compile
[DEBUG]       org.tukaani:xz:jar:1.9:runtime
[DEBUG]       com.github.luben:zstd-jni:jar:1.5.5-11:runtime
[DEBUG]    javax.inject:javax.inject:jar:1:compile
[DEBUG]    org.slf4j:slf4j-api:jar:1.7.36:compile
[DEBUG] Created new class realm plugin>org.apache.maven.plugins:maven-jar-plugin:3.4.2
[DEBUG] Importing foreign packages into class realm plugin>org.apache.maven.plugins:maven-jar-plugin:3.4.2
[DEBUG]   Imported:  < maven.api
[DEBUG] Populating class realm plugin>org.apache.maven.plugins:maven-jar-plugin:3.4.2
[DEBUG]   Included: org.apache.maven.plugins:maven-jar-plugin:jar:3.4.2
[DEBUG]   Included: org.apache.maven.shared:file-management:jar:3.1.0
[DEBUG]   Included: org.codehaus.plexus:plexus-utils:jar:4.0.1
[DEBUG]   Included: commons-io:commons-io:jar:2.16.1
[DEBUG]   Included: org.apache.maven:maven-archiver:jar:3.6.2
[DEBUG]   Included: org.codehaus.plexus:plexus-interpolation:jar:1.27
[DEBUG]   Included: org.codehaus.plexus:plexus-archiver:jar:4.9.2
[DEBUG]   Included: org.codehaus.plexus:plexus-io:jar:3.4.2
[DEBUG]   Included: org.apache.commons:commons-compress:jar:1.26.1
[DEBUG]   Included: org.apache.commons:commons-lang3:jar:3.14.0
[DEBUG]   Included: commons-codec:commons-codec:jar:1.16.1
[DEBUG]   Included: org.iq80.snappy:snappy:jar:0.4
[DEBUG]   Included: org.tukaani:xz:jar:1.9
[DEBUG]   Included: com.github.luben:zstd-jni:jar:1.5.5-11
[DEBUG] Loading mojo org.apache.maven.plugins:maven-jar-plugin:3.4.2:jar from plugin realm ClassRealm[plugin>org.apache.maven.plugins:maven-jar-plugin:3.4.2, parent: jdk.internal.loader.ClassLoaders$AppClassLoader@18ff02e4]
[DEBUG] Configuring mojo execution 'org.apache.maven.plugins:maven-jar-plugin:3.4.2:jar:default-jar' with basic configurator -->
[DEBUG]   (f) addDefaultExcludes = true
[DEBUG]   (s) addDefaultImplementationEntries = true
[DEBUG]   (s) manifest = org.apache.maven.archiver.ManifestConfiguration@5a86338e
[DEBUG]   (f) archive = org.apache.maven.archiver.MavenArchiveConfiguration@43d22b4
[DEBUG]   (f) classesDirectory = /Users/guillermohuaman/Documents/Personal_projects/VetCare/vetcare/target/classes
[DEBUG]   (f) detectMultiReleaseJar = true
[DEBUG]   (f) finalName = vetcare-0.0.1-SNAPSHOT
[DEBUG]   (f) forceCreation = false
[DEBUG]   (f) outputDirectory = /Users/guillermohuaman/Documents/Personal_projects/VetCare/vetcare/target
[DEBUG]   (f) project = MavenProject: com.vetcare:vetcare:0.0.1-SNAPSHOT @ /Users/guillermohuaman/Documents/Personal_projects/VetCare/vetcare/pom.xml
[DEBUG]   (f) session = org.apache.maven.execution.MavenSession@56a4f272
[DEBUG]   (f) skipIfEmpty = false
[DEBUG]   (f) useDefaultManifestFile = false
[DEBUG] -- end configuration --
[DEBUG] isUp2date: false (Destination /Users/guillermohuaman/Documents/Personal_projects/VetCare/vetcare/target/vetcare-0.0.1-SNAPSHOT.jar not found.)
[INFO] Building jar: /Users/guillermohuaman/Documents/Personal_projects/VetCare/vetcare/target/vetcare-0.0.1-SNAPSHOT.jar
[DEBUG] adding directory META-INF/
[DEBUG] adding entry META-INF/MANIFEST.MF
[DEBUG] adding directory com/
[DEBUG] adding directory com/vetcare/
[DEBUG] adding directory com/vetcare/dto/
[DEBUG] adding directory com/vetcare/config/
[DEBUG] adding directory com/vetcare/repositories/
[DEBUG] adding directory com/vetcare/models/
[DEBUG] adding directory com/vetcare/exceptions/
[DEBUG] adding directory com/vetcare/controllers/
[DEBUG] adding directory com/vetcare/services/
[DEBUG] adding entry application.yml
[DEBUG] adding entry com/vetcare/dto/UpdatePetDTO$UpdatePetDTOBuilder.class
[DEBUG] adding entry com/vetcare/dto/SpecialtyDTO.class
[DEBUG] adding entry com/vetcare/dto/VeterinarianDTO.class
[DEBUG] adding entry com/vetcare/dto/PetSummaryDTO.class
[DEBUG] adding entry com/vetcare/dto/ClinicSummaryDTO.class
[DEBUG] adding entry com/vetcare/dto/CreateOwnerDTO.class
[DEBUG] adding entry com/vetcare/dto/CreateVeterinarianDTO.class
[DEBUG] adding entry com/vetcare/dto/UpdateVeterinarianDTO.class
[DEBUG] adding entry com/vetcare/dto/SpecialtyDTO$SpecialtyDTOBuilder.class
[DEBUG] adding entry com/vetcare/dto/OwnerSummaryDTO$OwnerSummaryDTOBuilder.class
[DEBUG] adding entry com/vetcare/dto/CreateOwnerDTO$CreateOwnerDTOBuilder.class
[DEBUG] adding entry com/vetcare/dto/UpdateVisitDTO$UpdateVisitDTOBuilder.class
[DEBUG] adding entry com/vetcare/dto/CreateVisitDTO.class
[DEBUG] adding entry com/vetcare/dto/VeterinarianSummaryDTO.class
[DEBUG] adding entry com/vetcare/dto/OwnerSummaryDTO.class
[DEBUG] adding entry com/vetcare/dto/CreateVeterinarianDTO$CreateVeterinarianDTOBuilder.class
[DEBUG] adding entry com/vetcare/dto/OwnerWithPetsDTO.class
[DEBUG] adding entry com/vetcare/dto/ClinicSummaryDTO$ClinicSummaryDTOBuilder.class
[DEBUG] adding entry com/vetcare/dto/VisitDTO$VisitDTOBuilder.class
[DEBUG] adding entry com/vetcare/dto/CreatePetDTO$CreatePetDTOBuilder.class
[DEBUG] adding entry com/vetcare/dto/ClinicDTO$ClinicDTOBuilder.class
[DEBUG] adding entry com/vetcare/dto/CreateVisitDTO$CreateVisitDTOBuilder.class
[DEBUG] adding entry com/vetcare/dto/UpdateOwnerDTO$UpdateOwnerDTOBuilder.class
[DEBUG] adding entry com/vetcare/dto/VisitDTO.class
[DEBUG] adding entry com/vetcare/dto/VeterinarianDTO$VeterinarianDTOBuilder.class
[DEBUG] adding entry com/vetcare/dto/UpdateVeterinarianDTO$UpdateVeterinarianDTOBuilder.class
[DEBUG] adding entry com/vetcare/dto/PetDTO.class
[DEBUG] adding entry com/vetcare/dto/UpdatePetDTO.class
[DEBUG] adding entry com/vetcare/dto/UpdateVisitDTO.class
[DEBUG] adding entry com/vetcare/dto/ClinicDTO.class
[DEBUG] adding entry com/vetcare/dto/PetTypeDTO$PetTypeDTOBuilder.class
[DEBUG] adding entry com/vetcare/dto/OwnerWithPetsDTO$OwnerWithPetsDTOBuilder.class
[DEBUG] adding entry com/vetcare/dto/CreatePetDTO.class
[DEBUG] adding entry com/vetcare/dto/CreateClinicDTO$CreateClinicDTOBuilder.class
[DEBUG] adding entry com/vetcare/dto/CreateClinicDTO.class
[DEBUG] adding entry com/vetcare/dto/OwnerDTO.class
[DEBUG] adding entry com/vetcare/dto/OwnerDTO$OwnerDTOBuilder.class
[DEBUG] adding entry com/vetcare/dto/PetSummaryDTO$PetSummaryDTOBuilder.class
[DEBUG] adding entry com/vetcare/dto/VeterinarianSummaryDTO$VeterinarianSummaryDTOBuilder.class
[DEBUG] adding entry com/vetcare/dto/PetTypeDTO.class
[DEBUG] adding entry com/vetcare/dto/UpdateOwnerDTO.class
[DEBUG] adding entry com/vetcare/dto/PetDTO$PetDTOBuilder.class
[DEBUG] adding entry com/vetcare/config/CorsConfig.class
[DEBUG] adding entry com/vetcare/config/DataInitializer.class
[DEBUG] adding entry com/vetcare/config/OpenApiConfig.class
[DEBUG] adding entry com/vetcare/VetcareApplication.class
[DEBUG] adding entry com/vetcare/repositories/VisitRepository.class
[DEBUG] adding entry com/vetcare/repositories/VeterinarianRepository.class
[DEBUG] adding entry com/vetcare/repositories/OwnerRepository.class
[DEBUG] adding entry com/vetcare/repositories/SpecialtyRepository.class
[DEBUG] adding entry com/vetcare/repositories/ClinicRepository.class
[DEBUG] adding entry com/vetcare/repositories/PetRepository.class
[DEBUG] adding entry com/vetcare/repositories/PetTypeRepository.class
[DEBUG] adding entry com/vetcare/models/Veterinarian.class
[DEBUG] adding entry com/vetcare/models/Visit$VisitBuilder.class
[DEBUG] adding entry com/vetcare/models/Clinic$ClinicBuilder.class
[DEBUG] adding entry com/vetcare/models/Pet$Gender.class
[DEBUG] adding entry com/vetcare/models/Visit$VisitStatus.class
[DEBUG] adding entry com/vetcare/models/Specialty.class
[DEBUG] adding entry com/vetcare/models/Pet$PetBuilder.class
[DEBUG] adding entry com/vetcare/models/Visit.class
[DEBUG] adding entry com/vetcare/models/Pet.class
[DEBUG] adding entry com/vetcare/models/PetType$PetTypeBuilder.class
[DEBUG] adding entry com/vetcare/models/Clinic.class
[DEBUG] adding entry com/vetcare/models/Owner.class
[DEBUG] adding entry com/vetcare/models/Veterinarian$VeterinarianBuilder.class
[DEBUG] adding entry com/vetcare/models/Owner$OwnerBuilder.class
[DEBUG] adding entry com/vetcare/models/Specialty$SpecialtyBuilder.class
[DEBUG] adding entry com/vetcare/models/PetType.class
[DEBUG] adding entry com/vetcare/exceptions/DuplicateResourceException.class
[DEBUG] adding entry com/vetcare/exceptions/ResourceNotFoundException.class
[DEBUG] adding entry com/vetcare/exceptions/ErrorResponse$ErrorResponseBuilder.class
[DEBUG] adding entry com/vetcare/exceptions/ErrorResponse.class
[DEBUG] adding entry com/vetcare/exceptions/GlobalExceptionHandler.class
[DEBUG] adding entry com/vetcare/controllers/PetTypeController.class
[DEBUG] adding entry com/vetcare/controllers/PetController.class
[DEBUG] adding entry com/vetcare/controllers/ClinicController.class
[DEBUG] adding entry com/vetcare/controllers/SpecialtyController.class
[DEBUG] adding entry com/vetcare/controllers/OwnerController.class
[DEBUG] adding entry com/vetcare/controllers/VeterinarianController.class
[DEBUG] adding entry com/vetcare/controllers/VisitController.class
[DEBUG] adding entry com/vetcare/services/ClinicService.class
[DEBUG] adding entry com/vetcare/services/PetService.class
[DEBUG] adding entry com/vetcare/services/PetTypeService.class
[DEBUG] adding entry com/vetcare/services/VisitService.class
[DEBUG] adding entry com/vetcare/services/SpecialtyService.class
[DEBUG] adding entry com/vetcare/services/VeterinarianService.class
[DEBUG] adding entry com/vetcare/services/OwnerService.class
[DEBUG] adding entry application.properties
[DEBUG] adding directory META-INF/maven/
[DEBUG] adding directory META-INF/maven/com.vetcare/
[DEBUG] adding directory META-INF/maven/com.vetcare/vetcare/
[DEBUG] adding entry META-INF/maven/com.vetcare/vetcare/pom.xml
[DEBUG] adding entry META-INF/maven/com.vetcare/vetcare/pom.properties
[INFO] 
[INFO] --- spring-boot:3.3.4:repackage (repackage) @ vetcare ---
[DEBUG] Dependency collection stats {ConflictMarker.analyzeTime=40959, ConflictMarker.markTime=17666, ConflictMarker.nodeCount=56, ConflictIdSorter.graphTime=32000, ConflictIdSorter.topsortTime=16416, ConflictIdSorter.conflictIdCount=39, ConflictIdSorter.conflictIdCycleCount=0, ConflictResolver.totalTime=405125, ConflictResolver.conflictItemCount=55, DfDependencyCollector.collectTime=32389791, DfDependencyCollector.transformTime=525667}
[DEBUG] org.springframework.boot:spring-boot-maven-plugin:jar:3.3.4
[DEBUG]    org.springframework.boot:spring-boot-buildpack-platform:jar:3.3.4:runtime
[DEBUG]       com.fasterxml.jackson.core:jackson-databind:jar:2.14.2:runtime
[DEBUG]          com.fasterxml.jackson.core:jackson-annotations:jar:2.14.2:runtime
[DEBUG]          com.fasterxml.jackson.core:jackson-core:jar:2.14.2:runtime
[DEBUG]       com.fasterxml.jackson.module:jackson-module-parameter-names:jar:2.14.2:runtime
[DEBUG]       net.java.dev.jna:jna-platform:jar:5.13.0:runtime
[DEBUG]          net.java.dev.jna:jna:jar:5.13.0:runtime
[DEBUG]       org.apache.commons:commons-compress:jar:1.25.0:runtime
[DEBUG]       org.apache.httpcomponents.client5:httpclient5:jar:5.3.1:runtime
[DEBUG]          org.apache.httpcomponents.core5:httpcore5:jar:5.2.4:runtime
[DEBUG]          org.apache.httpcomponents.core5:httpcore5-h2:jar:5.2.4:runtime
[DEBUG]       org.tomlj:tomlj:jar:1.0.0:runtime
[DEBUG]          org.antlr:antlr4-runtime:jar:4.7.2:runtime
[DEBUG]          com.google.code.findbugs:jsr305:jar:3.0.2:runtime
[DEBUG]    org.springframework.boot:spring-boot-loader-tools:jar:3.3.4:runtime
[DEBUG]    org.apache.maven.shared:maven-common-artifact-filters:jar:3.3.2:runtime
[DEBUG]       org.slf4j:slf4j-api:jar:1.7.36:compile
[DEBUG]    org.sonatype.plexus:plexus-build-api:jar:0.0.7:runtime
[DEBUG]    org.springframework:spring-core:jar:6.1.13:runtime
[DEBUG]       org.springframework:spring-jcl:jar:6.1.13:runtime
[DEBUG]    org.springframework:spring-context:jar:6.1.13:runtime
[DEBUG]       org.springframework:spring-aop:jar:6.1.13:runtime
[DEBUG]       org.springframework:spring-beans:jar:6.1.13:runtime
[DEBUG]       org.springframework:spring-expression:jar:6.1.13:runtime
[DEBUG]       io.micrometer:micrometer-observation:jar:1.12.10:runtime
[DEBUG]          io.micrometer:micrometer-commons:jar:1.12.10:runtime
[DEBUG]    org.apache.maven.plugins:maven-shade-plugin:jar:3.5.0:compile (optional)
[DEBUG]       org.codehaus.plexus:plexus-utils:jar:3.5.1:compile (optional)
[DEBUG]       org.ow2.asm:asm:jar:9.5:compile (optional)
[DEBUG]       org.ow2.asm:asm-commons:jar:9.5:compile (optional)
[DEBUG]          org.ow2.asm:asm-tree:jar:9.5:compile (optional)
[DEBUG]       org.jdom:jdom2:jar:2.0.6.1:compile (optional)
[DEBUG]       org.apache.maven.shared:maven-dependency-tree:jar:3.2.1:compile (optional)
[DEBUG]          org.eclipse.aether:aether-util:jar:1.0.0.v20140518:compile (optional)
[DEBUG]             org.eclipse.aether:aether-api:jar:1.0.0.v20140518:compile (optional)
[DEBUG]       commons-io:commons-io:jar:2.13.0:compile (optional)
[DEBUG]       org.vafer:jdependency:jar:2.8.0:compile (optional)
[DEBUG]       org.apache.commons:commons-collections4:jar:4.4:compile (optional)
[DEBUG] Created new class realm plugin>org.springframework.boot:spring-boot-maven-plugin:3.3.4
[DEBUG] Importing foreign packages into class realm plugin>org.springframework.boot:spring-boot-maven-plugin:3.3.4
[DEBUG]   Imported:  < maven.api
[DEBUG] Populating class realm plugin>org.springframework.boot:spring-boot-maven-plugin:3.3.4
[DEBUG]   Included: org.springframework.boot:spring-boot-maven-plugin:jar:3.3.4
[DEBUG]   Included: org.springframework.boot:spring-boot-buildpack-platform:jar:3.3.4
[DEBUG]   Included: com.fasterxml.jackson.core:jackson-databind:jar:2.14.2
[DEBUG]   Included: com.fasterxml.jackson.core:jackson-annotations:jar:2.14.2
[DEBUG]   Included: com.fasterxml.jackson.core:jackson-core:jar:2.14.2
[DEBUG]   Included: com.fasterxml.jackson.module:jackson-module-parameter-names:jar:2.14.2
[DEBUG]   Included: net.java.dev.jna:jna-platform:jar:5.13.0
[DEBUG]   Included: net.java.dev.jna:jna:jar:5.13.0
[DEBUG]   Included: org.apache.commons:commons-compress:jar:1.25.0
[DEBUG]   Included: org.apache.httpcomponents.client5:httpclient5:jar:5.3.1
[DEBUG]   Included: org.apache.httpcomponents.core5:httpcore5:jar:5.2.4
[DEBUG]   Included: org.apache.httpcomponents.core5:httpcore5-h2:jar:5.2.4
[DEBUG]   Included: org.tomlj:tomlj:jar:1.0.0
[DEBUG]   Included: org.antlr:antlr4-runtime:jar:4.7.2
[DEBUG]   Included: com.google.code.findbugs:jsr305:jar:3.0.2
[DEBUG]   Included: org.springframework.boot:spring-boot-loader-tools:jar:3.3.4
[DEBUG]   Included: org.apache.maven.shared:maven-common-artifact-filters:jar:3.3.2
[DEBUG]   Included: org.sonatype.plexus:plexus-build-api:jar:0.0.7
[DEBUG]   Included: org.springframework:spring-core:jar:6.1.13
[DEBUG]   Included: org.springframework:spring-jcl:jar:6.1.13
[DEBUG]   Included: org.springframework:spring-context:jar:6.1.13
[DEBUG]   Included: org.springframework:spring-aop:jar:6.1.13
[DEBUG]   Included: org.springframework:spring-beans:jar:6.1.13
[DEBUG]   Included: org.springframework:spring-expression:jar:6.1.13
[DEBUG]   Included: io.micrometer:micrometer-observation:jar:1.12.10
[DEBUG]   Included: io.micrometer:micrometer-commons:jar:1.12.10
[DEBUG]   Included: org.apache.maven.plugins:maven-shade-plugin:jar:3.5.0
[DEBUG]   Included: org.codehaus.plexus:plexus-utils:jar:3.5.1
[DEBUG]   Included: org.ow2.asm:asm:jar:9.5
[DEBUG]   Included: org.ow2.asm:asm-commons:jar:9.5
[DEBUG]   Included: org.ow2.asm:asm-tree:jar:9.5
[DEBUG]   Included: org.jdom:jdom2:jar:2.0.6.1
[DEBUG]   Included: org.apache.maven.shared:maven-dependency-tree:jar:3.2.1
[DEBUG]   Included: commons-io:commons-io:jar:2.13.0
[DEBUG]   Included: org.vafer:jdependency:jar:2.8.0
[DEBUG]   Included: org.apache.commons:commons-collections4:jar:4.4
[DEBUG] Loading mojo org.springframework.boot:spring-boot-maven-plugin:3.3.4:repackage from plugin realm ClassRealm[plugin>org.springframework.boot:spring-boot-maven-plugin:3.3.4, parent: jdk.internal.loader.ClassLoaders$AppClassLoader@18ff02e4]
[DEBUG] Configuring mojo execution 'org.springframework.boot:spring-boot-maven-plugin:3.3.4:repackage:repackage' with basic configurator -->
[DEBUG]   (f) attach = true
[DEBUG]   (f) excludeDevtools = true
[DEBUG]   (f) excludeDockerCompose = true
[DEBUG]   (f) groupId = org.projectlombok
[DEBUG]   (f) artifactId = lombok
[DEBUG]   (f) excludes = [org.springframework.boot.maven.Exclude@6705573c]
[DEBUG]   (f) executable = false
[DEBUG]   (f) finalName = vetcare-0.0.1-SNAPSHOT
[DEBUG]   (f) includeSystemScope = false
[DEBUG]   (f) includeTools = true
[DEBUG]   (f) includes = []
[DEBUG]   (f) outputDirectory = /Users/guillermohuaman/Documents/Personal_projects/VetCare/vetcare/target
[DEBUG]   (f) project = MavenProject: com.vetcare:vetcare:0.0.1-SNAPSHOT @ /Users/guillermohuaman/Documents/Personal_projects/VetCare/vetcare/pom.xml
[DEBUG]   (f) session = org.apache.maven.execution.MavenSession@56a4f272
[DEBUG]   (f) skip = false
[DEBUG] -- end configuration --
[INFO] Replacing main artifact /Users/guillermohuaman/Documents/Personal_projects/VetCare/vetcare/target/vetcare-0.0.1-SNAPSHOT.jar with repackaged archive, adding nested dependencies in BOOT-INF/.
[INFO] The original artifact has been renamed to /Users/guillermohuaman/Documents/Personal_projects/VetCare/vetcare/target/vetcare-0.0.1-SNAPSHOT.jar.original
[INFO] 
[INFO] --- install:3.1.3:install (default-install) @ vetcare ---
[DEBUG] Dependency collection stats {ConflictMarker.analyzeTime=7375, ConflictMarker.markTime=9750, ConflictMarker.nodeCount=5, ConflictIdSorter.graphTime=3125, ConflictIdSorter.topsortTime=5833, ConflictIdSorter.conflictIdCount=5, ConflictIdSorter.conflictIdCycleCount=0, ConflictResolver.totalTime=49375, ConflictResolver.conflictItemCount=5, DfDependencyCollector.collectTime=6408375, DfDependencyCollector.transformTime=83792}
[DEBUG] org.apache.maven.plugins:maven-install-plugin:jar:3.1.3
[DEBUG]    org.apache.maven.resolver:maven-resolver-util:jar:1.9.18:compile
[DEBUG]       org.apache.maven.resolver:maven-resolver-api:jar:1.9.18:compile
[DEBUG]    org.codehaus.plexus:plexus-utils:jar:4.0.1:compile
[DEBUG]    org.codehaus.plexus:plexus-xml:jar:3.0.1:compile
[DEBUG] Created new class realm plugin>org.apache.maven.plugins:maven-install-plugin:3.1.3
[DEBUG] Importing foreign packages into class realm plugin>org.apache.maven.plugins:maven-install-plugin:3.1.3
[DEBUG]   Imported:  < maven.api
[DEBUG] Populating class realm plugin>org.apache.maven.plugins:maven-install-plugin:3.1.3
[DEBUG]   Included: org.apache.maven.plugins:maven-install-plugin:jar:3.1.3
[DEBUG]   Included: org.codehaus.plexus:plexus-utils:jar:4.0.1
[DEBUG]   Included: org.codehaus.plexus:plexus-xml:jar:3.0.1
[DEBUG] Loading mojo org.apache.maven.plugins:maven-install-plugin:3.1.3:install from plugin realm ClassRealm[plugin>org.apache.maven.plugins:maven-install-plugin:3.1.3, parent: jdk.internal.loader.ClassLoaders$AppClassLoader@18ff02e4]
[DEBUG] Configuring mojo execution 'org.apache.maven.plugins:maven-install-plugin:3.1.3:install:default-install' with basic configurator -->
[DEBUG]   (f) allowIncompleteProjects = false
[DEBUG]   (f) installAtEnd = false
[DEBUG]   (f) pluginDescriptor = Component Descriptor: role: 'org.apache.maven.plugin.Mojo', implementation: 'org.apache.maven.plugins.maven_install_plugin.HelpMojo', role hint: 'org.apache.maven.plugins:maven-install-plugin:3.1.3:help'
role: 'org.apache.maven.plugin.Mojo', implementation: 'org.apache.maven.plugins.install.InstallMojo', role hint: 'org.apache.maven.plugins:maven-install-plugin:3.1.3:install'
role: 'org.apache.maven.plugin.Mojo', implementation: 'org.apache.maven.plugins.install.InstallFileMojo', role hint: 'org.apache.maven.plugins:maven-install-plugin:3.1.3:install-file'
---
[DEBUG]   (f) project = MavenProject: com.vetcare:vetcare:0.0.1-SNAPSHOT @ /Users/guillermohuaman/Documents/Personal_projects/VetCare/vetcare/pom.xml
[DEBUG]   (f) session = org.apache.maven.execution.MavenSession@56a4f272
[DEBUG]   (f) skip = false
[DEBUG] -- end configuration --
[INFO] Installing /Users/guillermohuaman/Documents/Personal_projects/VetCare/vetcare/pom.xml to /Users/guillermohuaman/.m2/repository/com/vetcare/vetcare/0.0.1-SNAPSHOT/vetcare-0.0.1-SNAPSHOT.pom
[DEBUG] Writing tracking file '/Users/guillermohuaman/.m2/repository/com/vetcare/vetcare/0.0.1-SNAPSHOT/_remote.repositories'
[INFO] Installing /Users/guillermohuaman/Documents/Personal_projects/VetCare/vetcare/target/vetcare-0.0.1-SNAPSHOT.jar to /Users/guillermohuaman/.m2/repository/com/vetcare/vetcare/0.0.1-SNAPSHOT/vetcare-0.0.1-SNAPSHOT.jar
[DEBUG] Writing tracking file '/Users/guillermohuaman/.m2/repository/com/vetcare/vetcare/0.0.1-SNAPSHOT/_remote.repositories'
[DEBUG] Installing com.vetcare:vetcare:0.0.1-SNAPSHOT/maven-metadata.xml to /Users/guillermohuaman/.m2/repository/com/vetcare/vetcare/0.0.1-SNAPSHOT/maven-metadata-local.xml
[DEBUG] Installing com.vetcare:vetcare/maven-metadata.xml to /Users/guillermohuaman/.m2/repository/com/vetcare/vetcare/maven-metadata-local.xml
[INFO] ------------------------------------------------------------------------
[INFO] BUILD SUCCESS
[INFO] ------------------------------------------------------------------------
[INFO] Total time:  2.439 s
[INFO] Finished at: 2025-12-17T19:44:15+01:00
[INFO] ------------------------------------------------------------------------
[DEBUG] Shutting down adapter factory; available factories [file-lock, rwlock-local, semaphore-local, noop]; available name mappers [discriminating, file-gav, file-hgav, file-static, gav, static]
[DEBUG] Shutting down 'file-lock' factory
[DEBUG] Shutting down 'rwlock-local' factory
[DEBUG] Shutting down 'semaphore-local' factory
[DEBUG] Shutting down 'noop' factory
